22:43:21 **** Build of configuration Debug for project text_controller ****
make all 
'Building file: ../src/helloworld.c'
'Invoking: MicroBlaze gcc compiler'
mb-gcc -Wall -O0 -g3 -c -fmessage-length=0 -MT"src/helloworld.o" -IC:/Users/adamj/Desktop/Vitis/Lab6/workspace/hdmi_text_controller_wrapper/export/hdmi_text_controller_wrapper/sw/hdmi_text_controller_wrapper/standalone_microblaze_0/bspinclude/include -mno-xl-reorder -mlittle-endian -mxl-barrel-shift -mxl-pattern-compare -mcpu=v11.0 -mno-xl-soft-mul -Wl,--no-relax -ffunction-sections -fdata-sections -MMD -MP -MF"src/helloworld.d" -MT"src/helloworld.o" -o "src/helloworld.o" "../src/helloworld.c"
In file included from C:/Users/adamj/Desktop/Vitis/Lab6/workspace/hdmi_text_controller_wrapper/export/hdmi_text_controller_wrapper/sw/hdmi_text_controller_wrapper/standalone_microblaze_0/bspinclude/include/xil_printf.h:16,
                 from ../src/helloworld.c:50:
C:/Users/adamj/Desktop/Vitis/Lab6/workspace/hdmi_text_controller_wrapper/export/hdmi_text_controller_wrapper/sw/hdmi_text_controller_wrapper/standalone_microblaze_0/bspinclude/include/xparameters.h:574:50: warning: initialization of 'volatile struct HDMI_TEXT_STRUCT *' from 'int' makes pointer from integer without a cast [-Wint-conversion]
  574 | #define XPAR_HDMI_TEXT_CONTROLLER_0_AXI_BASEADDR 0x44A00000
      |                                                  ^~~~~~~~~~
C:/Users/adamj/Desktop/Vitis/Lab6/workspace/hdmi_text_controller_wrapper/export/hdmi_text_controller_wrapper/sw/hdmi_text_controller_wrapper/standalone_microblaze_0/bspinclude/include/hdmi_text_controller.h:95:54: note: in expansion of macro 'XPAR_HDMI_TEXT_CONTROLLER_0_AXI_BASEADDR'
   95 | static volatile struct HDMI_TEXT_STRUCT* hdmi_ctrl = XPAR_HDMI_TEXT_CONTROLLER_0_AXI_BASEADDR;
      |                                                      ^~~~~~~~~~~~~~~~~~~~~~~~~~~~~~~~~~~~~~~~
In file included from ../src/helloworld.c:51:
C:/Users/adamj/Desktop/Vitis/Lab6/workspace/hdmi_text_controller_wrapper/export/hdmi_text_controller_wrapper/sw/hdmi_text_controller_wrapper/standalone_microblaze_0/bspinclude/include/hdmi_text_controller.h:95:42: warning: 'hdmi_ctrl' defined but not used [-Wunused-variable]
   95 | static volatile struct HDMI_TEXT_STRUCT* hdmi_ctrl = XPAR_HDMI_TEXT_CONTROLLER_0_AXI_BASEADDR;
      |                                          ^~~~~~~~~
'Finished building: ../src/helloworld.c'
' '
'Building file: ../src/platform.c'
'Invoking: MicroBlaze gcc compiler'
mb-gcc -Wall -O0 -g3 -c -fmessage-length=0 -MT"src/platform.o" -IC:/Users/adamj/Desktop/Vitis/Lab6/workspace/hdmi_text_controller_wrapper/export/hdmi_text_controller_wrapper/sw/hdmi_text_controller_wrapper/standalone_microblaze_0/bspinclude/include -mno-xl-reorder -mlittle-endian -mxl-barrel-shift -mxl-pattern-compare -mcpu=v11.0 -mno-xl-soft-mul -Wl,--no-relax -ffunction-sections -fdata-sections -MMD -MP -MF"src/platform.d" -MT"src/platform.o" -o "src/platform.o" "../src/platform.c"
'Finished building: ../src/platform.c'
' '
'Building target: text_controller.elf'
'Invoking: MicroBlaze gcc linker'
mb-gcc -Wl,-T -Wl,../src/lscript.ld -LC:/Users/adamj/Desktop/Vitis/Lab6/workspace/hdmi_text_controller_wrapper/export/hdmi_text_controller_wrapper/sw/hdmi_text_controller_wrapper/standalone_microblaze_0/bsplib/lib -mlittle-endian -mxl-barrel-shift -mxl-pattern-compare -mcpu=v11.0 -mno-xl-soft-mul -Wl,--no-relax -Wl,--gc-sections -o "text_controller.elf"  ./src/helloworld.o ./src/platform.o   -Wl,--start-group,-lxil,-lgcc,-lc,--end-group
'Finished building target: text_controller.elf'
' '
'Invoking: MicroBlaze Print Size'
mb-size text_controller.elf  |tee "text_controller.elf.size"
   text	   data	    bss	    dec	    hex	filename
  86112	   1724	   3172	  91008	  16380	text_controller.elf
'Finished building: text_controller.elf.size'
' '

22:43:24 Build Finished (took 3s.33ms)

