Copyright 1986-2022 Xilinx, Inc. All Rights Reserved.
------------------------------------------------------------------------------------
| Tool Version : Vivado v.2022.2 (win64) Build 3671981 Fri Oct 14 05:00:03 MDT 2022
| Date         : Tue Jul 28 17:10:38 2026
| Host         : LAPTOP-SP4K5KFB running 64-bit major release  (build 9200)
| Command      : upgrade_ip
| Device       : xc7s50csga324-1
------------------------------------------------------------------------------------

Upgrade Log for IP 'hdmi_text_controller_hdmi_text_controller_0_1'

1. Summary
----------

CAUTION (success, with warnings) in the upgrade of hdmi_text_controller_hdmi_text_controller_0_1 (xilinx.com:user:hdmi_text_controller:1.0) from (Rev. 3) to (Rev. 4)

After upgrade, an IP may have parameter and port differences compared to the original customization. Please review the parameters within the IP customization GUI to ensure proper functionality. Also, please review the updated IP instantiation template to ensure proper connectivity, and update your design if required.

2. Connection Warnings
----------------------

Detected external port differences while upgrading 'hdmi_text_controller_hdmi_text_controller_0_1'. These changes may impact your design.


-Upgraded port 'axi_araddr' width 12 differs from original width 4

-Upgraded port 'axi_awaddr' width 12 differs from original width 4

-Upgrade has added port 'fooreg'


3. Customization warnings
-------------------------

An attempt to modify the value of disabled parameter 'C_AXI_ADDR_WIDTH' from '12' to '4' has been ignored for IP 'hdmi_text_controller_hdmi_text_controller_0_1'


4. Debug Commands
-----------------

  The following debug information can be passed to Vivado as Tcl commands,
in order to validate or debug the output of the upgrade flow.
  You may consult any warnings from within this upgrade, and alter or remove
the configuration parameter(s) which caused the warning; then execute the Tcl
commands, and use the IP Customization GUI to verify the IP configuration.

create_ip -vlnv xilinx.com:user:hdmi_text_controller:1.0 -user_name hdmi_text_controller_hdmi_text_controller_0_1
set_property -dict "\
  CONFIG.AXI.ADDR_WIDTH {4} \
  CONFIG.AXI.ARUSER_WIDTH {0} \
  CONFIG.AXI.AWUSER_WIDTH {0} \
  CONFIG.AXI.BUSER_WIDTH {0} \
  CONFIG.AXI.CLK_DOMAIN {} \
  CONFIG.AXI.DATA_WIDTH {32} \
  CONFIG.AXI.FREQ_HZ {100000000} \
  CONFIG.AXI.HAS_BRESP {1} \
  CONFIG.AXI.HAS_BURST {0} \
  CONFIG.AXI.HAS_CACHE {0} \
  CONFIG.AXI.HAS_LOCK {0} \
  CONFIG.AXI.HAS_PROT {1} \
  CONFIG.AXI.HAS_QOS {0} \
  CONFIG.AXI.HAS_REGION {0} \
  CONFIG.AXI.HAS_RRESP {1} \
  CONFIG.AXI.HAS_WSTRB {1} \
  CONFIG.AXI.ID_WIDTH {0} \
  CONFIG.AXI.INSERT_VIP {0} \
  CONFIG.AXI.MAX_BURST_LENGTH {1} \
  CONFIG.AXI.NUM_READ_OUTSTANDING {2} \
  CONFIG.AXI.NUM_READ_THREADS {1} \
  CONFIG.AXI.NUM_WRITE_OUTSTANDING {2} \
  CONFIG.AXI.NUM_WRITE_THREADS {1} \
  CONFIG.AXI.PHASE {0.0} \
  CONFIG.AXI.PROTOCOL {AXI4LITE} \
  CONFIG.AXI.READ_WRITE_MODE {READ_WRITE} \
  CONFIG.AXI.RUSER_BITS_PER_BYTE {0} \
  CONFIG.AXI.RUSER_WIDTH {0} \
  CONFIG.AXI.SUPPORTS_NARROW_BURST {0} \
  CONFIG.AXI.WIZ_DATA_WIDTH {32} \
  CONFIG.AXI.WIZ_NUM_REG {4} \
  CONFIG.AXI.WUSER_BITS_PER_BYTE {0} \
  CONFIG.AXI.WUSER_WIDTH {0} \
  CONFIG.C_AXI_ADDR_WIDTH {4} \
  CONFIG.C_AXI_BASEADDR {0xFFFFFFFF} \
  CONFIG.C_AXI_DATA_WIDTH {32} \
  CONFIG.C_AXI_HIGHADDR {0x00000000} \
  CONFIG.Component_Name {hdmi_text_controller_hdmi_text_controller_0_1} \
  CONFIG.axi_aclk.ASSOCIATED_BUSIF {} \
  CONFIG.axi_aclk.ASSOCIATED_PORT {} \
  CONFIG.axi_aclk.ASSOCIATED_RESET {axi_aresetn} \
  CONFIG.axi_aclk.CLK_DOMAIN {/clk_wiz_1_clk_out1} \
  CONFIG.axi_aclk.FREQ_HZ {100000000} \
  CONFIG.axi_aclk.FREQ_TOLERANCE_HZ {0} \
  CONFIG.axi_aclk.INSERT_VIP {0} \
  CONFIG.axi_aclk.PHASE {0.0} \
  CONFIG.axi_aresetn.INSERT_VIP {0} \
  CONFIG.axi_aresetn.POLARITY {ACTIVE_LOW} \
  CONFIG.hdmi_clk_n.ASSOCIATED_BUSIF {} \
  CONFIG.hdmi_clk_n.ASSOCIATED_PORT {} \
  CONFIG.hdmi_clk_n.ASSOCIATED_RESET {} \
  CONFIG.hdmi_clk_n.CLK_DOMAIN {} \
  CONFIG.hdmi_clk_n.FREQ_HZ {100000000} \
  CONFIG.hdmi_clk_n.FREQ_TOLERANCE_HZ {0} \
  CONFIG.hdmi_clk_n.INSERT_VIP {0} \
  CONFIG.hdmi_clk_n.PHASE {0.0} \
  CONFIG.hdmi_clk_p.ASSOCIATED_BUSIF {} \
  CONFIG.hdmi_clk_p.ASSOCIATED_PORT {} \
  CONFIG.hdmi_clk_p.ASSOCIATED_RESET {} \
  CONFIG.hdmi_clk_p.CLK_DOMAIN {} \
  CONFIG.hdmi_clk_p.FREQ_HZ {100000000} \
  CONFIG.hdmi_clk_p.FREQ_TOLERANCE_HZ {0} \
  CONFIG.hdmi_clk_p.INSERT_VIP {0} \
  CONFIG.hdmi_clk_p.PHASE {0.0} " [get_ips hdmi_text_controller_hdmi_text_controller_0_1]


