Copyright 1986-2022 Xilinx, Inc. All Rights Reserved.
--------------------------------------------------------------------------------------------------------------------------------------------------------------------------------------------------------------
| Tool Version : Vivado v.2022.2 (win64) Build 3671981 Fri Oct 14 05:00:03 MDT 2022
| Date         : Thu Jul 30 22:40:03 2026
| Host         : LAPTOP-SP4K5KFB running 64-bit major release  (build 9200)
| Command      : report_methodology -file hdmi_text_controller_top_methodology_drc_routed.rpt -pb hdmi_text_controller_top_methodology_drc_routed.pb -rpx hdmi_text_controller_top_methodology_drc_routed.rpx
| Design       : hdmi_text_controller_top
| Device       : xc7s50csga324-1
| Speed File   : -1
| Design State : Fully Routed
--------------------------------------------------------------------------------------------------------------------------------------------------------------------------------------------------------------

Report Methodology

Table of Contents
-----------------
1. REPORT SUMMARY
2. REPORT DETAILS

1. REPORT SUMMARY
-----------------
            Netlist: netlist
          Floorplan: design_1
      Design limits: <entire design considered>
             Max violations: <unlimited>
             Violations found: 50
+-----------+------------------+--------------------------------------------------------+------------+
| Rule      | Severity         | Description                                            | Violations |
+-----------+------------------+--------------------------------------------------------+------------+
| TIMING-4  | Critical Warning | Invalid primary clock redefinition on a clock tree     | 1          |
| TIMING-6  | Critical Warning | No common primary clock between related clocks         | 2          |
| TIMING-7  | Critical Warning | No common node between related clocks                  | 2          |
| TIMING-17 | Critical Warning | Non-clocked sequential cell                            | 32         |
| TIMING-27 | Critical Warning | Invalid primary clock on hierarchical pin              | 1          |
| LUTAR-1   | Warning          | LUT drives async reset alert                           | 4          |
| TIMING-9  | Warning          | Unknown CDC Logic                                      | 1          |
| TIMING-16 | Warning          | Large setup violation                                  | 2          |
| TIMING-18 | Warning          | Missing input or output delay                          | 3          |
| ULMTCS-2  | Warning          | Control Sets use limits require reduction              | 1          |
| XDCC-7    | Warning          | Scoped Clock constraint overwritten on the same source | 1          |
+-----------+------------------+--------------------------------------------------------+------------+

2. REPORT DETAILS
-----------------
TIMING-4#1 Critical Warning
Invalid primary clock redefinition on a clock tree  
Invalid clock redefinition on a clock tree. The primary clock hdmi_text_controller_i/hdmi_text_controller_0/inst/clk_wiz/inst/clk_in1 is defined downstream of clock clk_out1_hdmi_text_controller_clk_wiz_1_3_1 and overrides its insertion delay and/or waveform definition
Related violations: <none>

TIMING-6#1 Critical Warning
No common primary clock between related clocks  
The clocks clk_out1_clk_wiz_0_1 and clk_out1_hdmi_text_controller_clk_wiz_1_3_1 are related (timed together) but they have no common primary clock. The design could fail in hardware. To find a timing path between these clocks, run the following command: report_timing -from [get_clocks clk_out1_clk_wiz_0_1] -to [get_clocks clk_out1_hdmi_text_controller_clk_wiz_1_3_1]
Related violations: <none>

TIMING-6#2 Critical Warning
No common primary clock between related clocks  
The clocks clk_out1_hdmi_text_controller_clk_wiz_1_3_1 and clk_out1_clk_wiz_0_1 are related (timed together) but they have no common primary clock. The design could fail in hardware. To find a timing path between these clocks, run the following command: report_timing -from [get_clocks clk_out1_hdmi_text_controller_clk_wiz_1_3_1] -to [get_clocks clk_out1_clk_wiz_0_1]
Related violations: <none>

TIMING-7#1 Critical Warning
No common node between related clocks  
The clocks clk_out1_clk_wiz_0_1 and clk_out1_hdmi_text_controller_clk_wiz_1_3_1 are related (timed together) but they have no common node. The design could fail in hardware. To find a timing path between these clocks, run the following command: report_timing -from [get_clocks clk_out1_clk_wiz_0_1] -to [get_clocks clk_out1_hdmi_text_controller_clk_wiz_1_3_1]
Related violations: <none>

TIMING-7#2 Critical Warning
No common node between related clocks  
The clocks clk_out1_hdmi_text_controller_clk_wiz_1_3_1 and clk_out1_clk_wiz_0_1 are related (timed together) but they have no common node. The design could fail in hardware. To find a timing path between these clocks, run the following command: report_timing -from [get_clocks clk_out1_hdmi_text_controller_clk_wiz_1_3_1] -to [get_clocks clk_out1_clk_wiz_0_1]
Related violations: <none>

TIMING-17#1 Critical Warning
Non-clocked sequential cell  
The clock pin hdmi_text_controller_i/hdmi_text_controller_0/inst/hdmi_text_controller_v1_0_AXI_inst/vsync_counter_reg[0]/C is not reached by a timing clock
Related violations: <none>

TIMING-17#2 Critical Warning
Non-clocked sequential cell  
The clock pin hdmi_text_controller_i/hdmi_text_controller_0/inst/hdmi_text_controller_v1_0_AXI_inst/vsync_counter_reg[10]/C is not reached by a timing clock
Related violations: <none>

TIMING-17#3 Critical Warning
Non-clocked sequential cell  
The clock pin hdmi_text_controller_i/hdmi_text_controller_0/inst/hdmi_text_controller_v1_0_AXI_inst/vsync_counter_reg[11]/C is not reached by a timing clock
Related violations: <none>

TIMING-17#4 Critical Warning
Non-clocked sequential cell  
The clock pin hdmi_text_controller_i/hdmi_text_controller_0/inst/hdmi_text_controller_v1_0_AXI_inst/vsync_counter_reg[12]/C is not reached by a timing clock
Related violations: <none>

TIMING-17#5 Critical Warning
Non-clocked sequential cell  
The clock pin hdmi_text_controller_i/hdmi_text_controller_0/inst/hdmi_text_controller_v1_0_AXI_inst/vsync_counter_reg[13]/C is not reached by a timing clock
Related violations: <none>

TIMING-17#6 Critical Warning
Non-clocked sequential cell  
The clock pin hdmi_text_controller_i/hdmi_text_controller_0/inst/hdmi_text_controller_v1_0_AXI_inst/vsync_counter_reg[14]/C is not reached by a timing clock
Related violations: <none>

TIMING-17#7 Critical Warning
Non-clocked sequential cell  
The clock pin hdmi_text_controller_i/hdmi_text_controller_0/inst/hdmi_text_controller_v1_0_AXI_inst/vsync_counter_reg[15]/C is not reached by a timing clock
Related violations: <none>

TIMING-17#8 Critical Warning
Non-clocked sequential cell  
The clock pin hdmi_text_controller_i/hdmi_text_controller_0/inst/hdmi_text_controller_v1_0_AXI_inst/vsync_counter_reg[16]/C is not reached by a timing clock
Related violations: <none>

TIMING-17#9 Critical Warning
Non-clocked sequential cell  
The clock pin hdmi_text_controller_i/hdmi_text_controller_0/inst/hdmi_text_controller_v1_0_AXI_inst/vsync_counter_reg[17]/C is not reached by a timing clock
Related violations: <none>

TIMING-17#10 Critical Warning
Non-clocked sequential cell  
The clock pin hdmi_text_controller_i/hdmi_text_controller_0/inst/hdmi_text_controller_v1_0_AXI_inst/vsync_counter_reg[18]/C is not reached by a timing clock
Related violations: <none>

TIMING-17#11 Critical Warning
Non-clocked sequential cell  
The clock pin hdmi_text_controller_i/hdmi_text_controller_0/inst/hdmi_text_controller_v1_0_AXI_inst/vsync_counter_reg[19]/C is not reached by a timing clock
Related violations: <none>

TIMING-17#12 Critical Warning
Non-clocked sequential cell  
The clock pin hdmi_text_controller_i/hdmi_text_controller_0/inst/hdmi_text_controller_v1_0_AXI_inst/vsync_counter_reg[1]/C is not reached by a timing clock
Related violations: <none>

TIMING-17#13 Critical Warning
Non-clocked sequential cell  
The clock pin hdmi_text_controller_i/hdmi_text_controller_0/inst/hdmi_text_controller_v1_0_AXI_inst/vsync_counter_reg[20]/C is not reached by a timing clock
Related violations: <none>

TIMING-17#14 Critical Warning
Non-clocked sequential cell  
The clock pin hdmi_text_controller_i/hdmi_text_controller_0/inst/hdmi_text_controller_v1_0_AXI_inst/vsync_counter_reg[21]/C is not reached by a timing clock
Related violations: <none>

TIMING-17#15 Critical Warning
Non-clocked sequential cell  
The clock pin hdmi_text_controller_i/hdmi_text_controller_0/inst/hdmi_text_controller_v1_0_AXI_inst/vsync_counter_reg[22]/C is not reached by a timing clock
Related violations: <none>

TIMING-17#16 Critical Warning
Non-clocked sequential cell  
The clock pin hdmi_text_controller_i/hdmi_text_controller_0/inst/hdmi_text_controller_v1_0_AXI_inst/vsync_counter_reg[23]/C is not reached by a timing clock
Related violations: <none>

TIMING-17#17 Critical Warning
Non-clocked sequential cell  
The clock pin hdmi_text_controller_i/hdmi_text_controller_0/inst/hdmi_text_controller_v1_0_AXI_inst/vsync_counter_reg[24]/C is not reached by a timing clock
Related violations: <none>

TIMING-17#18 Critical Warning
Non-clocked sequential cell  
The clock pin hdmi_text_controller_i/hdmi_text_controller_0/inst/hdmi_text_controller_v1_0_AXI_inst/vsync_counter_reg[25]/C is not reached by a timing clock
Related violations: <none>

TIMING-17#19 Critical Warning
Non-clocked sequential cell  
The clock pin hdmi_text_controller_i/hdmi_text_controller_0/inst/hdmi_text_controller_v1_0_AXI_inst/vsync_counter_reg[26]/C is not reached by a timing clock
Related violations: <none>

TIMING-17#20 Critical Warning
Non-clocked sequential cell  
The clock pin hdmi_text_controller_i/hdmi_text_controller_0/inst/hdmi_text_controller_v1_0_AXI_inst/vsync_counter_reg[27]/C is not reached by a timing clock
Related violations: <none>

TIMING-17#21 Critical Warning
Non-clocked sequential cell  
The clock pin hdmi_text_controller_i/hdmi_text_controller_0/inst/hdmi_text_controller_v1_0_AXI_inst/vsync_counter_reg[28]/C is not reached by a timing clock
Related violations: <none>

TIMING-17#22 Critical Warning
Non-clocked sequential cell  
The clock pin hdmi_text_controller_i/hdmi_text_controller_0/inst/hdmi_text_controller_v1_0_AXI_inst/vsync_counter_reg[29]/C is not reached by a timing clock
Related violations: <none>

TIMING-17#23 Critical Warning
Non-clocked sequential cell  
The clock pin hdmi_text_controller_i/hdmi_text_controller_0/inst/hdmi_text_controller_v1_0_AXI_inst/vsync_counter_reg[2]/C is not reached by a timing clock
Related violations: <none>

TIMING-17#24 Critical Warning
Non-clocked sequential cell  
The clock pin hdmi_text_controller_i/hdmi_text_controller_0/inst/hdmi_text_controller_v1_0_AXI_inst/vsync_counter_reg[30]/C is not reached by a timing clock
Related violations: <none>

TIMING-17#25 Critical Warning
Non-clocked sequential cell  
The clock pin hdmi_text_controller_i/hdmi_text_controller_0/inst/hdmi_text_controller_v1_0_AXI_inst/vsync_counter_reg[31]/C is not reached by a timing clock
Related violations: <none>

TIMING-17#26 Critical Warning
Non-clocked sequential cell  
The clock pin hdmi_text_controller_i/hdmi_text_controller_0/inst/hdmi_text_controller_v1_0_AXI_inst/vsync_counter_reg[3]/C is not reached by a timing clock
Related violations: <none>

TIMING-17#27 Critical Warning
Non-clocked sequential cell  
The clock pin hdmi_text_controller_i/hdmi_text_controller_0/inst/hdmi_text_controller_v1_0_AXI_inst/vsync_counter_reg[4]/C is not reached by a timing clock
Related violations: <none>

TIMING-17#28 Critical Warning
Non-clocked sequential cell  
The clock pin hdmi_text_controller_i/hdmi_text_controller_0/inst/hdmi_text_controller_v1_0_AXI_inst/vsync_counter_reg[5]/C is not reached by a timing clock
Related violations: <none>

TIMING-17#29 Critical Warning
Non-clocked sequential cell  
The clock pin hdmi_text_controller_i/hdmi_text_controller_0/inst/hdmi_text_controller_v1_0_AXI_inst/vsync_counter_reg[6]/C is not reached by a timing clock
Related violations: <none>

TIMING-17#30 Critical Warning
Non-clocked sequential cell  
The clock pin hdmi_text_controller_i/hdmi_text_controller_0/inst/hdmi_text_controller_v1_0_AXI_inst/vsync_counter_reg[7]/C is not reached by a timing clock
Related violations: <none>

TIMING-17#31 Critical Warning
Non-clocked sequential cell  
The clock pin hdmi_text_controller_i/hdmi_text_controller_0/inst/hdmi_text_controller_v1_0_AXI_inst/vsync_counter_reg[8]/C is not reached by a timing clock
Related violations: <none>

TIMING-17#32 Critical Warning
Non-clocked sequential cell  
The clock pin hdmi_text_controller_i/hdmi_text_controller_0/inst/hdmi_text_controller_v1_0_AXI_inst/vsync_counter_reg[9]/C is not reached by a timing clock
Related violations: <none>

TIMING-27#1 Critical Warning
Invalid primary clock on hierarchical pin  
A primary clock hdmi_text_controller_i/hdmi_text_controller_0/inst/clk_wiz/inst/clk_in1 is created on an inappropriate internal pin hdmi_text_controller_i/hdmi_text_controller_0/inst/clk_wiz/inst/clk_in1. It is not recommended to create a primary clock on a hierarchical pin when its driver pin has a fanout connected to multiple clock pins
Related violations: <none>

LUTAR-1#1 Warning
LUT drives async reset alert  
LUT cell hdmi_text_controller_i/hdmi_text_controller_0/inst/vga_to_hdmi/inst/encr/oserdes_m_i_1, with 2 or more inputs, drives asynchronous preset/clear pin(s) hdmi_text_controller_i/hdmi_text_controller_0/inst/vga_to_hdmi/inst/encg/dout_reg[9]/CLR,
hdmi_text_controller_i/hdmi_text_controller_0/inst/vga_to_hdmi/inst/encr/cnt_reg[1]/CLR,
hdmi_text_controller_i/hdmi_text_controller_0/inst/vga_to_hdmi/inst/encr/cnt_reg[2]/CLR,
hdmi_text_controller_i/hdmi_text_controller_0/inst/vga_to_hdmi/inst/encr/cnt_reg[3]/CLR,
hdmi_text_controller_i/hdmi_text_controller_0/inst/vga_to_hdmi/inst/encr/cnt_reg[4]/CLR,
hdmi_text_controller_i/hdmi_text_controller_0/inst/vga_to_hdmi/inst/encr/dout_reg[0]/CLR,
hdmi_text_controller_i/hdmi_text_controller_0/inst/vga_to_hdmi/inst/encr/dout_reg[1]/CLR,
hdmi_text_controller_i/hdmi_text_controller_0/inst/vga_to_hdmi/inst/encr/dout_reg[2]/CLR,
hdmi_text_controller_i/hdmi_text_controller_0/inst/vga_to_hdmi/inst/encr/dout_reg[3]/CLR,
hdmi_text_controller_i/hdmi_text_controller_0/inst/vga_to_hdmi/inst/encr/dout_reg[4]/CLR,
hdmi_text_controller_i/hdmi_text_controller_0/inst/vga_to_hdmi/inst/encr/dout_reg[5]/CLR,
hdmi_text_controller_i/hdmi_text_controller_0/inst/vga_to_hdmi/inst/encr/dout_reg[6]/CLR,
hdmi_text_controller_i/hdmi_text_controller_0/inst/vga_to_hdmi/inst/encr/dout_reg[7]/CLR,
hdmi_text_controller_i/hdmi_text_controller_0/inst/vga_to_hdmi/inst/encr/dout_reg[8]/CLR,
hdmi_text_controller_i/hdmi_text_controller_0/inst/vga_to_hdmi/inst/encr/dout_reg[9]/CLR
 (the first 15 of 42 listed). The LUT may glitch and trigger an unexpected reset, even if it is a properly timed path.
Related violations: <none>

LUTAR-1#2 Warning
LUT drives async reset alert  
LUT cell hdmi_text_controller_i/mdm_1/U0/MDM_Core_I1/JTAG_CONTROL_I/sel_n_i_2, with 2 or more inputs, drives asynchronous preset/clear pin(s) hdmi_text_controller_i/mdm_1/U0/MDM_Core_I1/JTAG_CONTROL_I/sel_n_reg/PRE. The LUT may glitch and trigger an unexpected reset, even if it is a properly timed path.
Related violations: <none>

LUTAR-1#3 Warning
LUT drives async reset alert  
LUT cell hdmi_text_controller_i/microblaze_0/U0/MicroBlaze_Core_I/Area.Core/Implement_Debug_Logic.Master_Core.Debug_Area/Serial_Dbg_Intf.force_stop_cmd_rst_i_i_1, with 2 or more inputs, drives asynchronous preset/clear pin(s) hdmi_text_controller_i/microblaze_0/U0/MicroBlaze_Core_I/Area.Core/Implement_Debug_Logic.Master_Core.Debug_Area/Serial_Dbg_Intf.force_stop_TClk_reg/CLR. The LUT may glitch and trigger an unexpected reset, even if it is a properly timed path.
Related violations: <none>

LUTAR-1#4 Warning
LUT drives async reset alert  
LUT cell hdmi_text_controller_i/microblaze_0/U0/MicroBlaze_Core_I/Area.Core/Implement_Debug_Logic.Master_Core.Debug_Area/Serial_Dbg_Intf.normal_stop_cmd_rst_i_i_1, with 2 or more inputs, drives asynchronous preset/clear pin(s) hdmi_text_controller_i/microblaze_0/U0/MicroBlaze_Core_I/Area.Core/Implement_Debug_Logic.Master_Core.Debug_Area/Serial_Dbg_Intf.normal_stop_TClk_reg/CLR. The LUT may glitch and trigger an unexpected reset, even if it is a properly timed path.
Related violations: <none>

TIMING-9#1 Warning
Unknown CDC Logic  
One or more asynchronous Clock Domain Crossing has been detected between 2 clock domains through a set_false_path or a set_clock_groups or set_max_delay -datapath_only constraint but no double-registers logic synchronizer has been found on the side of the capture clock. It is recommended to run report_cdc for a complete and detailed CDC coverage. Please consider using XPM_CDC to avoid Critical severities
Related violations: <none>

TIMING-16#1 Warning
Large setup violation  
There is a large setup violation of -1.017 ns between hdmi_text_controller_i/hdmi_text_controller_0/inst/hdmi_text_controller_v1_0_AXI_inst/slv_regs_reg[251][8]/C (clocked by clk_out1_hdmi_text_controller_clk_wiz_1_3_1) and hdmi_text_controller_i/hdmi_text_controller_0/inst/vga_to_hdmi/inst/srldly_0/srl[28].srl16_i/D (clocked by clk_out1_clk_wiz_0_1). Large setup violations at the end of those stages might be difficult to fix during the post-placement implementation flow and could be the result of non-optimal XDC constraints or non-optimal design architecture
Related violations: <none>

TIMING-16#2 Warning
Large setup violation  
There is a large setup violation of -1.050 ns between hdmi_text_controller_i/hdmi_text_controller_0/inst/hdmi_text_controller_v1_0_AXI_inst/slv_regs_reg[251][8]/C (clocked by clk_out1_hdmi_text_controller_clk_wiz_1_3_1) and hdmi_text_controller_i/hdmi_text_controller_0/inst/vga_to_hdmi/inst/srldly_0/srl[30].srl16_i/D (clocked by clk_out1_clk_wiz_0_1). Large setup violations at the end of those stages might be difficult to fix during the post-placement implementation flow and could be the result of non-optimal XDC constraints or non-optimal design architecture
Related violations: <none>

TIMING-18#1 Warning
Missing input or output delay  
An input delay is missing on reset_rtl_0 relative to clock(s) clk_100
Related violations: <none>

TIMING-18#2 Warning
Missing input or output delay  
An input delay is missing on uart_rtl_0_rxd relative to clock(s) clk_100
Related violations: <none>

TIMING-18#3 Warning
Missing input or output delay  
An output delay is missing on uart_rtl_0_txd relative to clock(s) clk_100
Related violations: <none>

ULMTCS-2#1 Warning
Control Sets use limits require reduction  
This design uses 1391 control sets (vs. available limit of 8150, determined by 1 control set per CLB). This exceeds the control set use guideline of 15 percent. This is at a level where reduction is REQUIRED (see UG949). Use report_control_sets to get more details.
Related violations: <none>

XDCC-7#1 Warning
Scoped Clock constraint overwritten on the same source  
A new clock constraint create_clock overrides a previous scoped clock constraint defined on the same source. It is not recommended to override a scoped (typically an IP) clock constraint and could result in unexpected behaviors.
New: create_clock -period 10.000 -name clk_100 -waveform {0.000 5.000} [get_ports Clk] (Source: C:/Users/adamj/Desktop/Vitis/Lab6/hdmi_text_controller/hdmi_text_controller.srcs/constrs_1/imports/pin_assignment/mb_usb_hdmi_top.xdc (Line: 1))
Previous: create_clock -period 10.000 [get_ports Clk] (Source: c:/Users/adamj/Desktop/Vitis/Lab6/hdmi_text_controller/hdmi_text_controller.gen/sources_1/bd/hdmi_text_controller/ip/hdmi_text_controller_clk_wiz_1_3/hdmi_text_controller_clk_wiz_1_3.xdc (Line: 56))
Related violations: <none>


