
*** Running vivado
    with args -log hdmi_text_controller_top.vdi -applog -m64 -product Vivado -messageDb vivado.pb -mode batch -source hdmi_text_controller_top.tcl -notrace



****** Vivado v2022.2 (64-bit)
  **** SW Build 3671981 on Fri Oct 14 05:00:03 MDT 2022
  **** IP Build 3669848 on Fri Oct 14 08:30:02 MDT 2022
    ** Copyright 1986-2022 Xilinx, Inc. All Rights Reserved.

source hdmi_text_controller_top.tcl -notrace
create_project: Time (s): cpu = 00:00:06 ; elapsed = 00:00:06 . Memory (MB): peak = 1002.324 ; gain = 117.574
INFO: [IP_Flow 19-234] Refreshing IP repositories
INFO: [IP_Flow 19-1700] Loaded user IP repository 'c:/Users/adamj/Desktop/Vitis/Lab6/ip_repo/hdmi_text_controller_1_0'.
INFO: [IP_Flow 19-1700] Loaded user IP repository 'c:/Users/adamj/Desktop/Vitis/Lab6/ip_repo/RD_hdmi_ip2020'.
INFO: [IP_Flow 19-2313] Loaded Vivado IP repository 'C:/Xilinx/Vivado/2022.2/data/ip'.
WARNING: [IP_Flow 19-4995] The host OS only allows 260 characters in a normal path. The IP cache path is more than 80 characters. If you experience issues with IP caching, please consider changing the IP cache to a location with a shorter path. Alternately consider using the OS subst command to map part of the path to a drive letter. 
Current IP cache path is C:/Users/adamj/Desktop/Vitis/Lab6/hdmi_text_controller/hdmi_text_controller.cache/ip 
Command: link_design -top hdmi_text_controller_top -part xc7s50csga324-1
Design is defaulting to srcset: sources_1
Design is defaulting to constrset: constrs_1
INFO: [Device 21-403] Loading part xc7s50csga324-1
INFO: [Project 1-454] Reading design checkpoint 'c:/Users/adamj/Desktop/Vitis/Lab6/hdmi_text_controller/hdmi_text_controller.gen/sources_1/bd/hdmi_text_controller/ip/hdmi_text_controller_axi_uartlite_0_3/hdmi_text_controller_axi_uartlite_0_3.dcp' for cell 'hdmi_text_controller_i/axi_uartlite_0'
INFO: [Project 1-454] Reading design checkpoint 'c:/Users/adamj/Desktop/Vitis/Lab6/hdmi_text_controller/hdmi_text_controller.gen/sources_1/bd/hdmi_text_controller/ip/hdmi_text_controller_clk_wiz_1_3/hdmi_text_controller_clk_wiz_1_3.dcp' for cell 'hdmi_text_controller_i/clk_wiz_1'
INFO: [Project 1-454] Reading design checkpoint 'c:/Users/adamj/Desktop/Vitis/Lab6/hdmi_text_controller/hdmi_text_controller.gen/sources_1/bd/hdmi_text_controller/ip/hdmi_text_controller_hdmi_text_controller_0_0/hdmi_text_controller_hdmi_text_controller_0_0.dcp' for cell 'hdmi_text_controller_i/hdmi_text_controller_0'
INFO: [Project 1-454] Reading design checkpoint 'c:/Users/adamj/Desktop/Vitis/Lab6/hdmi_text_controller/hdmi_text_controller.gen/sources_1/bd/hdmi_text_controller/ip/hdmi_text_controller_mdm_1_3/hdmi_text_controller_mdm_1_3.dcp' for cell 'hdmi_text_controller_i/mdm_1'
INFO: [Project 1-454] Reading design checkpoint 'c:/Users/adamj/Desktop/Vitis/Lab6/hdmi_text_controller/hdmi_text_controller.gen/sources_1/bd/hdmi_text_controller/ip/hdmi_text_controller_microblaze_0_3/hdmi_text_controller_microblaze_0_3.dcp' for cell 'hdmi_text_controller_i/microblaze_0'
INFO: [Project 1-454] Reading design checkpoint 'c:/Users/adamj/Desktop/Vitis/Lab6/hdmi_text_controller/hdmi_text_controller.gen/sources_1/bd/hdmi_text_controller/ip/hdmi_text_controller_microblaze_0_axi_intc_3/hdmi_text_controller_microblaze_0_axi_intc_3.dcp' for cell 'hdmi_text_controller_i/microblaze_0_axi_intc'
INFO: [Project 1-454] Reading design checkpoint 'c:/Users/adamj/Desktop/Vitis/Lab6/hdmi_text_controller/hdmi_text_controller.gen/sources_1/bd/hdmi_text_controller/ip/hdmi_text_controller_rst_clk_wiz_1_100M_3/hdmi_text_controller_rst_clk_wiz_1_100M_3.dcp' for cell 'hdmi_text_controller_i/rst_clk_wiz_1_100M'
INFO: [Project 1-454] Reading design checkpoint 'c:/Users/adamj/Desktop/Vitis/Lab6/hdmi_text_controller/hdmi_text_controller.gen/sources_1/bd/hdmi_text_controller/ip/hdmi_text_controller_xbar_3/hdmi_text_controller_xbar_3.dcp' for cell 'hdmi_text_controller_i/microblaze_0_axi_periph/xbar'
INFO: [Project 1-454] Reading design checkpoint 'c:/Users/adamj/Desktop/Vitis/Lab6/hdmi_text_controller/hdmi_text_controller.gen/sources_1/bd/hdmi_text_controller/ip/hdmi_text_controller_dlmb_bram_if_cntlr_3/hdmi_text_controller_dlmb_bram_if_cntlr_3.dcp' for cell 'hdmi_text_controller_i/microblaze_0_local_memory/dlmb_bram_if_cntlr'
INFO: [Project 1-454] Reading design checkpoint 'c:/Users/adamj/Desktop/Vitis/Lab6/hdmi_text_controller/hdmi_text_controller.gen/sources_1/bd/hdmi_text_controller/ip/hdmi_text_controller_dlmb_v10_3/hdmi_text_controller_dlmb_v10_3.dcp' for cell 'hdmi_text_controller_i/microblaze_0_local_memory/dlmb_v10'
INFO: [Project 1-454] Reading design checkpoint 'c:/Users/adamj/Desktop/Vitis/Lab6/hdmi_text_controller/hdmi_text_controller.gen/sources_1/bd/hdmi_text_controller/ip/hdmi_text_controller_ilmb_bram_if_cntlr_3/hdmi_text_controller_ilmb_bram_if_cntlr_3.dcp' for cell 'hdmi_text_controller_i/microblaze_0_local_memory/ilmb_bram_if_cntlr'
INFO: [Project 1-454] Reading design checkpoint 'c:/Users/adamj/Desktop/Vitis/Lab6/hdmi_text_controller/hdmi_text_controller.gen/sources_1/bd/hdmi_text_controller/ip/hdmi_text_controller_ilmb_v10_3/hdmi_text_controller_ilmb_v10_3.dcp' for cell 'hdmi_text_controller_i/microblaze_0_local_memory/ilmb_v10'
INFO: [Project 1-454] Reading design checkpoint 'c:/Users/adamj/Desktop/Vitis/Lab6/hdmi_text_controller/hdmi_text_controller.gen/sources_1/bd/hdmi_text_controller/ip/hdmi_text_controller_lmb_bram_3/hdmi_text_controller_lmb_bram_3.dcp' for cell 'hdmi_text_controller_i/microblaze_0_local_memory/lmb_bram'
Netlist sorting complete. Time (s): cpu = 00:00:01 ; elapsed = 00:00:00.285 . Memory (MB): peak = 1539.863 ; gain = 0.000
INFO: [Netlist 29-17] Analyzing 8450 Unisim elements for replacement
INFO: [Netlist 29-28] Unisim Transformation completed in 0 CPU seconds
WARNING: [Netlist 29-43] Netlist 'hdmi_text_controller_top' is not ideal for floorplanning, since the cellview 'hdmi_text_controller_hdmi_text_controller_0_0_hdmi_text_controller_v1_0_AXI' defined in file 'hdmi_text_controller_hdmi_text_controller_0_0.edf' contains large number of primitives.  Please consider enabling hierarchy in synthesis if you want to do floorplanning.
INFO: [Project 1-479] Netlist was created with Vivado 2022.2
INFO: [Project 1-570] Preparing netlist for logic optimization
WARNING: [Opt 31-32] Removing redundant IBUF since it is not being driven by a top-level port. hdmi_text_controller_i/hdmi_text_controller_0/inst/clk_wiz/inst/clkin1_ibufg 
Resolution: The tool has removed redundant IBUF. To resolve this warning, check for redundant IBUF in the input design.
WARNING: [Constraints 18-550] Could not create 'IBUF_LOW_PWR' constraint because net 'hdmi_text_controller_i/hdmi_text_controller_0/axi_aclk' is not directly connected to top level port. Synthesis is ignored for IBUF_LOW_PWR but preserved for implementation.
Parsing XDC File [c:/Users/adamj/Desktop/Vitis/Lab6/hdmi_text_controller/hdmi_text_controller.gen/sources_1/bd/hdmi_text_controller/ip/hdmi_text_controller_microblaze_0_3/hdmi_text_controller_microblaze_0_3.xdc] for cell 'hdmi_text_controller_i/microblaze_0/U0'
Finished Parsing XDC File [c:/Users/adamj/Desktop/Vitis/Lab6/hdmi_text_controller/hdmi_text_controller.gen/sources_1/bd/hdmi_text_controller/ip/hdmi_text_controller_microblaze_0_3/hdmi_text_controller_microblaze_0_3.xdc] for cell 'hdmi_text_controller_i/microblaze_0/U0'
Parsing XDC File [c:/Users/adamj/Desktop/Vitis/Lab6/hdmi_text_controller/hdmi_text_controller.gen/sources_1/bd/hdmi_text_controller/ip/hdmi_text_controller_microblaze_0_axi_intc_3/hdmi_text_controller_microblaze_0_axi_intc_3.xdc] for cell 'hdmi_text_controller_i/microblaze_0_axi_intc/U0'
Finished Parsing XDC File [c:/Users/adamj/Desktop/Vitis/Lab6/hdmi_text_controller/hdmi_text_controller.gen/sources_1/bd/hdmi_text_controller/ip/hdmi_text_controller_microblaze_0_axi_intc_3/hdmi_text_controller_microblaze_0_axi_intc_3.xdc] for cell 'hdmi_text_controller_i/microblaze_0_axi_intc/U0'
Parsing XDC File [c:/Users/adamj/Desktop/Vitis/Lab6/hdmi_text_controller/hdmi_text_controller.gen/sources_1/bd/hdmi_text_controller/ip/hdmi_text_controller_clk_wiz_1_3/hdmi_text_controller_clk_wiz_1_3_board.xdc] for cell 'hdmi_text_controller_i/clk_wiz_1/inst'
Finished Parsing XDC File [c:/Users/adamj/Desktop/Vitis/Lab6/hdmi_text_controller/hdmi_text_controller.gen/sources_1/bd/hdmi_text_controller/ip/hdmi_text_controller_clk_wiz_1_3/hdmi_text_controller_clk_wiz_1_3_board.xdc] for cell 'hdmi_text_controller_i/clk_wiz_1/inst'
Parsing XDC File [c:/Users/adamj/Desktop/Vitis/Lab6/hdmi_text_controller/hdmi_text_controller.gen/sources_1/bd/hdmi_text_controller/ip/hdmi_text_controller_clk_wiz_1_3/hdmi_text_controller_clk_wiz_1_3.xdc] for cell 'hdmi_text_controller_i/clk_wiz_1/inst'
INFO: [Timing 38-35] Done setting XDC timing constraints. [c:/Users/adamj/Desktop/Vitis/Lab6/hdmi_text_controller/hdmi_text_controller.gen/sources_1/bd/hdmi_text_controller/ip/hdmi_text_controller_clk_wiz_1_3/hdmi_text_controller_clk_wiz_1_3.xdc:57]
INFO: [Timing 38-2] Deriving generated clocks [c:/Users/adamj/Desktop/Vitis/Lab6/hdmi_text_controller/hdmi_text_controller.gen/sources_1/bd/hdmi_text_controller/ip/hdmi_text_controller_clk_wiz_1_3/hdmi_text_controller_clk_wiz_1_3.xdc:57]
get_clocks: Time (s): cpu = 00:00:09 ; elapsed = 00:00:09 . Memory (MB): peak = 2173.469 ; gain = 488.109
Finished Parsing XDC File [c:/Users/adamj/Desktop/Vitis/Lab6/hdmi_text_controller/hdmi_text_controller.gen/sources_1/bd/hdmi_text_controller/ip/hdmi_text_controller_clk_wiz_1_3/hdmi_text_controller_clk_wiz_1_3.xdc] for cell 'hdmi_text_controller_i/clk_wiz_1/inst'
Parsing XDC File [c:/Users/adamj/Desktop/Vitis/Lab6/hdmi_text_controller/hdmi_text_controller.gen/sources_1/bd/hdmi_text_controller/ip/hdmi_text_controller_rst_clk_wiz_1_100M_3/hdmi_text_controller_rst_clk_wiz_1_100M_3_board.xdc] for cell 'hdmi_text_controller_i/rst_clk_wiz_1_100M/U0'
Finished Parsing XDC File [c:/Users/adamj/Desktop/Vitis/Lab6/hdmi_text_controller/hdmi_text_controller.gen/sources_1/bd/hdmi_text_controller/ip/hdmi_text_controller_rst_clk_wiz_1_100M_3/hdmi_text_controller_rst_clk_wiz_1_100M_3_board.xdc] for cell 'hdmi_text_controller_i/rst_clk_wiz_1_100M/U0'
Parsing XDC File [c:/Users/adamj/Desktop/Vitis/Lab6/hdmi_text_controller/hdmi_text_controller.gen/sources_1/bd/hdmi_text_controller/ip/hdmi_text_controller_rst_clk_wiz_1_100M_3/hdmi_text_controller_rst_clk_wiz_1_100M_3.xdc] for cell 'hdmi_text_controller_i/rst_clk_wiz_1_100M/U0'
Finished Parsing XDC File [c:/Users/adamj/Desktop/Vitis/Lab6/hdmi_text_controller/hdmi_text_controller.gen/sources_1/bd/hdmi_text_controller/ip/hdmi_text_controller_rst_clk_wiz_1_100M_3/hdmi_text_controller_rst_clk_wiz_1_100M_3.xdc] for cell 'hdmi_text_controller_i/rst_clk_wiz_1_100M/U0'
Parsing XDC File [c:/Users/adamj/Desktop/Vitis/Lab6/hdmi_text_controller/hdmi_text_controller.gen/sources_1/bd/hdmi_text_controller/ip/hdmi_text_controller_axi_uartlite_0_3/hdmi_text_controller_axi_uartlite_0_3_board.xdc] for cell 'hdmi_text_controller_i/axi_uartlite_0/U0'
Finished Parsing XDC File [c:/Users/adamj/Desktop/Vitis/Lab6/hdmi_text_controller/hdmi_text_controller.gen/sources_1/bd/hdmi_text_controller/ip/hdmi_text_controller_axi_uartlite_0_3/hdmi_text_controller_axi_uartlite_0_3_board.xdc] for cell 'hdmi_text_controller_i/axi_uartlite_0/U0'
Parsing XDC File [c:/Users/adamj/Desktop/Vitis/Lab6/hdmi_text_controller/hdmi_text_controller.gen/sources_1/bd/hdmi_text_controller/ip/hdmi_text_controller_axi_uartlite_0_3/hdmi_text_controller_axi_uartlite_0_3.xdc] for cell 'hdmi_text_controller_i/axi_uartlite_0/U0'
Finished Parsing XDC File [c:/Users/adamj/Desktop/Vitis/Lab6/hdmi_text_controller/hdmi_text_controller.gen/sources_1/bd/hdmi_text_controller/ip/hdmi_text_controller_axi_uartlite_0_3/hdmi_text_controller_axi_uartlite_0_3.xdc] for cell 'hdmi_text_controller_i/axi_uartlite_0/U0'
Parsing XDC File [c:/Users/adamj/Desktop/Vitis/Lab6/hdmi_text_controller/hdmi_text_controller.gen/sources_1/bd/hdmi_text_controller/ip/hdmi_text_controller_hdmi_text_controller_0_0/src/clk_wiz_0/clk_wiz_0.xdc] for cell 'hdmi_text_controller_i/hdmi_text_controller_0/inst/clk_wiz/inst'
INFO: [Timing 38-2] Deriving generated clocks [c:/Users/adamj/Desktop/Vitis/Lab6/hdmi_text_controller/hdmi_text_controller.gen/sources_1/bd/hdmi_text_controller/ip/hdmi_text_controller_hdmi_text_controller_0_0/src/clk_wiz_0/clk_wiz_0.xdc:57]
Finished Parsing XDC File [c:/Users/adamj/Desktop/Vitis/Lab6/hdmi_text_controller/hdmi_text_controller.gen/sources_1/bd/hdmi_text_controller/ip/hdmi_text_controller_hdmi_text_controller_0_0/src/clk_wiz_0/clk_wiz_0.xdc] for cell 'hdmi_text_controller_i/hdmi_text_controller_0/inst/clk_wiz/inst'
Parsing XDC File [C:/Users/adamj/Desktop/Vitis/Lab6/hdmi_text_controller/hdmi_text_controller.srcs/constrs_1/imports/pin_assignment/mb_usb_hdmi_top.xdc]
CRITICAL WARNING: [Constraints 18-1055] Clock 'clk_100' completely overrides clock 'Clk', which is referenced by one or more other constraints. Any constraints that refer to the overridden clock will be ignored.
New: create_clock -period 10.000 -name clk_100 -waveform {0.000 5.000} [get_ports Clk], [C:/Users/adamj/Desktop/Vitis/Lab6/hdmi_text_controller/hdmi_text_controller.srcs/constrs_1/imports/pin_assignment/mb_usb_hdmi_top.xdc:1]
Previous: create_clock -period 10.000 [get_ports Clk], [c:/Users/adamj/Desktop/Vitis/Lab6/hdmi_text_controller/hdmi_text_controller.gen/sources_1/bd/hdmi_text_controller/ip/hdmi_text_controller_clk_wiz_1_3/hdmi_text_controller_clk_wiz_1_3.xdc:56]
Resolution: Review the constraint files and remove the redundant clock definition(s). If the clock constraints are not saved in a file, you can first save the constraints to an XDC file and reload the design once the constraints have been corrected.
Finished Parsing XDC File [C:/Users/adamj/Desktop/Vitis/Lab6/hdmi_text_controller/hdmi_text_controller.srcs/constrs_1/imports/pin_assignment/mb_usb_hdmi_top.xdc]
Parsing XDC File [c:/Users/adamj/Desktop/Vitis/Lab6/hdmi_text_controller/hdmi_text_controller.gen/sources_1/bd/hdmi_text_controller/ip/hdmi_text_controller_microblaze_0_axi_intc_3/hdmi_text_controller_microblaze_0_axi_intc_3_clocks.xdc] for cell 'hdmi_text_controller_i/microblaze_0_axi_intc/U0'
Finished Parsing XDC File [c:/Users/adamj/Desktop/Vitis/Lab6/hdmi_text_controller/hdmi_text_controller.gen/sources_1/bd/hdmi_text_controller/ip/hdmi_text_controller_microblaze_0_axi_intc_3/hdmi_text_controller_microblaze_0_axi_intc_3_clocks.xdc] for cell 'hdmi_text_controller_i/microblaze_0_axi_intc/U0'
Parsing XDC File [c:/Users/adamj/Desktop/Vitis/Lab6/hdmi_text_controller/hdmi_text_controller.gen/sources_1/bd/hdmi_text_controller/ip/hdmi_text_controller_mdm_1_3/hdmi_text_controller_mdm_1_3.xdc] for cell 'hdmi_text_controller_i/mdm_1/U0'
INFO: [Timing 38-2] Deriving generated clocks [c:/Users/adamj/Desktop/Vitis/Lab6/hdmi_text_controller/hdmi_text_controller.gen/sources_1/bd/hdmi_text_controller/ip/hdmi_text_controller_mdm_1_3/hdmi_text_controller_mdm_1_3.xdc:50]
Finished Parsing XDC File [c:/Users/adamj/Desktop/Vitis/Lab6/hdmi_text_controller/hdmi_text_controller.gen/sources_1/bd/hdmi_text_controller/ip/hdmi_text_controller_mdm_1_3/hdmi_text_controller_mdm_1_3.xdc] for cell 'hdmi_text_controller_i/mdm_1/U0'
INFO: [Opt 31-138] Pushed 0 inverter(s) to 0 load pin(s).
Generating merged BMM file for the design top 'hdmi_text_controller_top'...
INFO: [Memdata 28-144] Successfully populated the BRAM INIT strings from the following elf files: c:/Users/adamj/Desktop/Vitis/Lab6/hdmi_text_controller/hdmi_text_controller.gen/sources_1/bd/hdmi_text_controller/ip/hdmi_text_controller_microblaze_0_3/data/mb_bootloop_le.elf 
Netlist sorting complete. Time (s): cpu = 00:00:00 ; elapsed = 00:00:00.016 . Memory (MB): peak = 2173.469 ; gain = 0.000
INFO: [Project 1-111] Unisim Transformation Summary:
  A total of 241 instances were transformed.
  LUT6_2 => LUT6_2 (LUT5, LUT6): 145 instances
  RAM16X1D => RAM32X1D (RAMD32(x2)): 32 instances
  RAM32X1D => RAM32X1D (RAMD32(x2)): 64 instances

29 Infos, 4 Warnings, 1 Critical Warnings and 0 Errors encountered.
link_design completed successfully
link_design: Time (s): cpu = 00:00:25 ; elapsed = 00:00:27 . Memory (MB): peak = 2173.469 ; gain = 1111.223
Command: opt_design
Attempting to get a license for feature 'Implementation' and/or device 'xc7s50'
INFO: [Common 17-349] Got license for feature 'Implementation' and/or device 'xc7s50'
Running DRC as a precondition to command opt_design

Starting DRC Task
INFO: [DRC 23-27] Running DRC with 2 threads
INFO: [Project 1-461] DRC finished with 0 Errors
INFO: [Project 1-462] Please refer to the DRC report (report_drc) for more information.

Time (s): cpu = 00:00:02 ; elapsed = 00:00:01 . Memory (MB): peak = 2173.469 ; gain = 0.000

Starting Cache Timing Information Task
INFO: [Timing 38-35] Done setting XDC timing constraints.
Ending Cache Timing Information Task | Checksum: 15ab5ccd5

Time (s): cpu = 00:00:02 ; elapsed = 00:00:01 . Memory (MB): peak = 2195.242 ; gain = 21.773

Starting Logic Optimization Task

Phase 1 Retarget
INFO: [Opt 31-1287] Pulled Inverter hdmi_text_controller_i/mdm_1/U0/MDM_Core_I1/JTAG_CONTROL_I/Use_BSCAN.FDC_I/Use_Serial_Unified_Completion.Completion_Status_Register.sample_1[15]_i_1 into driver instance hdmi_text_controller_i/mdm_1/U0/MDM_Core_I1/JTAG_CONTROL_I/Use_BSCAN.FDC_I/Use_Serial_Unified_Completion.Completion_Status_Register.sample_1[15]_i_2, which resulted in an inversion of 14 pins
INFO: [Opt 31-138] Pushed 3 inverter(s) to 4 load pin(s).
INFO: [Opt 31-49] Retargeted 0 cell(s).
Phase 1 Retarget | Checksum: 14bbed78d

Time (s): cpu = 00:00:03 ; elapsed = 00:00:02 . Memory (MB): peak = 2531.051 ; gain = 0.000
INFO: [Opt 31-389] Phase Retarget created 214 cells and removed 296 cells
INFO: [Opt 31-1021] In phase Retarget, 4 netlist objects are constrained preventing optimization. Please run opt_design with -debug_log to get more detail. 

Phase 2 Constant propagation
INFO: [Opt 31-138] Pushed 9 inverter(s) to 15 load pin(s).
Phase 2 Constant propagation | Checksum: 173bdbd4c

Time (s): cpu = 00:00:04 ; elapsed = 00:00:03 . Memory (MB): peak = 2531.051 ; gain = 0.000
INFO: [Opt 31-389] Phase Constant propagation created 127 cells and removed 285 cells
INFO: [Opt 31-1021] In phase Constant propagation, 1 netlist objects are constrained preventing optimization. Please run opt_design with -debug_log to get more detail. 

Phase 3 Sweep
Phase 3 Sweep | Checksum: 17a4d3fd2

Time (s): cpu = 00:00:04 ; elapsed = 00:00:03 . Memory (MB): peak = 2531.051 ; gain = 0.000
INFO: [Opt 31-389] Phase Sweep created 0 cells and removed 81 cells
INFO: [Opt 31-1021] In phase Sweep, 1 netlist objects are constrained preventing optimization. Please run opt_design with -debug_log to get more detail. 

Phase 4 BUFG optimization
INFO: [Opt 31-194] Inserted BUFG hdmi_text_controller_i/mdm_1/U0/Use_E2.BSCAN_I/Dbg_Update_0_BUFG_inst to drive 40 load(s) on clock net hdmi_text_controller_i/mdm_1/U0/Use_E2.BSCAN_I/Dbg_Update_0_BUFG
INFO: [Opt 31-193] Inserted 1 BUFG(s) on clock nets
Phase 4 BUFG optimization | Checksum: 1b3ef9b99

Time (s): cpu = 00:00:05 ; elapsed = 00:00:03 . Memory (MB): peak = 2531.051 ; gain = 0.000
INFO: [Opt 31-662] Phase BUFG optimization created 1 cells of which 1 are BUFGs and removed 0 cells.

Phase 5 Shift Register Optimization
INFO: [Opt 31-1064] SRL Remap converted 0 SRLs to 0 registers and converted 0 registers of register chains to 0 SRLs
Phase 5 Shift Register Optimization | Checksum: 1b3ef9b99

Time (s): cpu = 00:00:05 ; elapsed = 00:00:03 . Memory (MB): peak = 2531.051 ; gain = 0.000
INFO: [Opt 31-389] Phase Shift Register Optimization created 0 cells and removed 0 cells

Phase 6 Post Processing Netlist
Phase 6 Post Processing Netlist | Checksum: 1495bbdb7

Time (s): cpu = 00:00:05 ; elapsed = 00:00:04 . Memory (MB): peak = 2531.051 ; gain = 0.000
INFO: [Opt 31-389] Phase Post Processing Netlist created 0 cells and removed 0 cells
INFO: [Opt 31-1021] In phase Post Processing Netlist, 1 netlist objects are constrained preventing optimization. Please run opt_design with -debug_log to get more detail. 
Opt_design Change Summary
=========================


-------------------------------------------------------------------------------------------------------------------------
|  Phase                        |  #Cells created  |  #Cells Removed  |  #Constrained objects preventing optimizations  |
-------------------------------------------------------------------------------------------------------------------------
|  Retarget                     |             214  |             296  |                                              4  |
|  Constant propagation         |             127  |             285  |                                              1  |
|  Sweep                        |               0  |              81  |                                              1  |
|  BUFG optimization            |               1  |               0  |                                              0  |
|  Shift Register Optimization  |               0  |               0  |                                              0  |
|  Post Processing Netlist      |               0  |               0  |                                              1  |
-------------------------------------------------------------------------------------------------------------------------



Starting Connectivity Check Task

Time (s): cpu = 00:00:00 ; elapsed = 00:00:00.068 . Memory (MB): peak = 2531.051 ; gain = 0.000
Ending Logic Optimization Task | Checksum: 102b607cd

Time (s): cpu = 00:00:05 ; elapsed = 00:00:04 . Memory (MB): peak = 2531.051 ; gain = 0.000

Starting Power Optimization Task
INFO: [Pwropt 34-132] Skipping clock gating for clocks with a period < 2.00 ns.
INFO: [Timing 38-35] Done setting XDC timing constraints.
INFO: [Pwropt 34-9] Applying IDT optimizations ...
INFO: [Pwropt 34-10] Applying ODC optimizations ...
Running Vector-less Activity Propagation...

Finished Running Vector-less Activity Propagation


Starting PowerOpt Patch Enables Task
INFO: [Pwropt 34-162] WRITE_MODE attribute of 0 BRAM(s) out of a total of 32 has been updated to save power. Run report_power_opt to get a complete listing of the BRAMs updated.
INFO: [Pwropt 34-201] Structural ODC has moved 0 WE to EN ports
Number of BRAM Ports augmented: 0 newly gated: 0 Total Ports: 64
Ending PowerOpt Patch Enables Task | Checksum: 102b607cd

Time (s): cpu = 00:00:01 ; elapsed = 00:00:00.207 . Memory (MB): peak = 2708.492 ; gain = 0.000
Ending Power Optimization Task | Checksum: 102b607cd

Time (s): cpu = 00:00:16 ; elapsed = 00:00:07 . Memory (MB): peak = 2708.492 ; gain = 177.441

Starting Final Cleanup Task
Ending Final Cleanup Task | Checksum: 102b607cd

Time (s): cpu = 00:00:00 ; elapsed = 00:00:00.005 . Memory (MB): peak = 2708.492 ; gain = 0.000

Starting Netlist Obfuscation Task
Netlist sorting complete. Time (s): cpu = 00:00:00 ; elapsed = 00:00:00.014 . Memory (MB): peak = 2708.492 ; gain = 0.000
Ending Netlist Obfuscation Task | Checksum: 102b607cd

Time (s): cpu = 00:00:00 ; elapsed = 00:00:00.018 . Memory (MB): peak = 2708.492 ; gain = 0.000
INFO: [Common 17-83] Releasing license: Implementation
58 Infos, 4 Warnings, 1 Critical Warnings and 0 Errors encountered.
opt_design completed successfully
opt_design: Time (s): cpu = 00:00:28 ; elapsed = 00:00:17 . Memory (MB): peak = 2708.492 ; gain = 535.023
INFO: [Timing 38-35] Done setting XDC timing constraints.
INFO: [Timing 38-480] Writing timing data to binary archive.
Writing XDEF routing.
Writing XDEF routing logical nets.
Writing XDEF routing special nets.
Write XDEF Complete: Time (s): cpu = 00:00:00 ; elapsed = 00:00:00.040 . Memory (MB): peak = 2708.492 ; gain = 0.000
INFO: [Common 17-1381] The checkpoint 'C:/Users/adamj/Desktop/Vitis/Lab6/hdmi_text_controller/hdmi_text_controller.runs/impl_1/hdmi_text_controller_top_opt.dcp' has been generated.
write_checkpoint: Time (s): cpu = 00:00:08 ; elapsed = 00:00:06 . Memory (MB): peak = 2708.492 ; gain = 0.000
INFO: [runtcl-4] Executing : report_drc -file hdmi_text_controller_top_drc_opted.rpt -pb hdmi_text_controller_top_drc_opted.pb -rpx hdmi_text_controller_top_drc_opted.rpx
Command: report_drc -file hdmi_text_controller_top_drc_opted.rpt -pb hdmi_text_controller_top_drc_opted.pb -rpx hdmi_text_controller_top_drc_opted.rpx
INFO: [IP_Flow 19-1839] IP Catalog is up to date.
INFO: [DRC 23-27] Running DRC with 2 threads
INFO: [Vivado_Tcl 2-168] The results of DRC are in file C:/Users/adamj/Desktop/Vitis/Lab6/hdmi_text_controller/hdmi_text_controller.runs/impl_1/hdmi_text_controller_top_drc_opted.rpt.
report_drc completed successfully
Command: place_design
Attempting to get a license for feature 'Implementation' and/or device 'xc7s50'
INFO: [Common 17-349] Got license for feature 'Implementation' and/or device 'xc7s50'
INFO: [DRC 23-27] Running DRC with 2 threads
INFO: [Vivado_Tcl 4-198] DRC finished with 0 Errors
INFO: [Vivado_Tcl 4-199] Please refer to the DRC report (report_drc) for more information.
Running DRC as a precondition to command place_design
INFO: [DRC 23-27] Running DRC with 2 threads
INFO: [Vivado_Tcl 4-198] DRC finished with 0 Errors
INFO: [Vivado_Tcl 4-199] Please refer to the DRC report (report_drc) for more information.

Starting Placer Task
INFO: [Place 30-611] Multithreading enabled for place_design using a maximum of 2 CPUs

Phase 1 Placer Initialization

Phase 1.1 Placer Initialization Netlist Sorting
Netlist sorting complete. Time (s): cpu = 00:00:00 ; elapsed = 00:00:00.015 . Memory (MB): peak = 2708.492 ; gain = 0.000
Phase 1.1 Placer Initialization Netlist Sorting | Checksum: dac082d1

Time (s): cpu = 00:00:00 ; elapsed = 00:00:00.027 . Memory (MB): peak = 2708.492 ; gain = 0.000
Netlist sorting complete. Time (s): cpu = 00:00:00 ; elapsed = 00:00:00.017 . Memory (MB): peak = 2708.492 ; gain = 0.000

Phase 1.2 IO Placement/ Clock Placement/ Build Placer Device
Phase 1.2 IO Placement/ Clock Placement/ Build Placer Device | Checksum: f3f34798

Time (s): cpu = 00:00:02 ; elapsed = 00:00:01 . Memory (MB): peak = 2708.492 ; gain = 0.000

Phase 1.3 Build Placer Netlist Model
Phase 1.3 Build Placer Netlist Model | Checksum: 1622e5bc0

Time (s): cpu = 00:00:11 ; elapsed = 00:00:08 . Memory (MB): peak = 2708.492 ; gain = 0.000

Phase 1.4 Constrain Clocks/Macros
Phase 1.4 Constrain Clocks/Macros | Checksum: 1622e5bc0

Time (s): cpu = 00:00:11 ; elapsed = 00:00:08 . Memory (MB): peak = 2708.492 ; gain = 0.000
Phase 1 Placer Initialization | Checksum: 1622e5bc0

Time (s): cpu = 00:00:11 ; elapsed = 00:00:08 . Memory (MB): peak = 2708.492 ; gain = 0.000

Phase 2 Global Placement

Phase 2.1 Floorplanning
Phase 2.1 Floorplanning | Checksum: 1e084ff58

Time (s): cpu = 00:00:14 ; elapsed = 00:00:10 . Memory (MB): peak = 2708.492 ; gain = 0.000

Phase 2.2 Update Timing before SLR Path Opt
Phase 2.2 Update Timing before SLR Path Opt | Checksum: 1029b01b7

Time (s): cpu = 00:00:17 ; elapsed = 00:00:12 . Memory (MB): peak = 2708.492 ; gain = 0.000

Phase 2.3 Post-Processing in Floorplanning
Phase 2.3 Post-Processing in Floorplanning | Checksum: 1029b01b7

Time (s): cpu = 00:00:17 ; elapsed = 00:00:12 . Memory (MB): peak = 2708.492 ; gain = 0.000

Phase 2.4 Global Placement Core

Phase 2.4.1 UpdateTiming Before Physical Synthesis
Phase 2.4.1 UpdateTiming Before Physical Synthesis | Checksum: 1c74d446e

Time (s): cpu = 00:00:56 ; elapsed = 00:00:35 . Memory (MB): peak = 2708.492 ; gain = 0.000

Phase 2.4.2 Physical Synthesis In Placer
INFO: [Physopt 32-1035] Found 34 LUTNM shape to break, 2110 LUT instances to create LUTNM shape
INFO: [Physopt 32-1044] Break lutnm for timing: one critical 23, two critical 11, total 34, new lutff created 0
INFO: [Physopt 32-1138] End 1 Pass. Optimized 1063 nets or LUTs. Breaked 34 LUTs, combined 1029 existing LUTs and moved 0 existing LUT
INFO: [Physopt 32-76] Pass 1. Identified 1 candidate net for fanout optimization.
INFO: [Physopt 32-81] Processed net hdmi_text_controller_i/hdmi_text_controller_0/inst/vga/hc_reg[9]_0[5]. Replicated 39 times.
INFO: [Physopt 32-232] Optimized 1 net. Created 39 new instances.
INFO: [Physopt 32-775] End 1 Pass. Optimized 1 net or cell. Created 39 new cells, deleted 0 existing cell and moved 0 existing cell
Netlist sorting complete. Time (s): cpu = 00:00:00 ; elapsed = 00:00:00.146 . Memory (MB): peak = 2708.492 ; gain = 0.000
INFO: [Physopt 32-456] No candidate cells for DSP register optimization found in the design.
INFO: [Physopt 32-775] End 2 Pass. Optimized 0 net or cell. Created 0 new cell, deleted 0 existing cell and moved 0 existing cell
INFO: [Physopt 32-1123] No candidate cells found for Shift Register to Pipeline optimization
INFO: [Physopt 32-775] End 2 Pass. Optimized 0 net or cell. Created 0 new cell, deleted 0 existing cell and moved 0 existing cell
INFO: [Physopt 32-775] End 1 Pass. Optimized 7 nets or cells. Created 7 new cells, deleted 0 existing cell and moved 0 existing cell
Netlist sorting complete. Time (s): cpu = 00:00:00 ; elapsed = 00:00:00.030 . Memory (MB): peak = 2708.492 ; gain = 0.000
INFO: [Physopt 32-526] No candidate cells for BRAM register optimization found in the design
INFO: [Physopt 32-775] End 1 Pass. Optimized 0 net or cell. Created 0 new cell, deleted 0 existing cell and moved 0 existing cell
INFO: [Physopt 32-846] No candidate cells for URAM register optimization found in the design
INFO: [Physopt 32-775] End 2 Pass. Optimized 0 net or cell. Created 0 new cell, deleted 0 existing cell and moved 0 existing cell
INFO: [Physopt 32-949] No candidate nets found for dynamic/static region interface net replication
INFO: [Physopt 32-775] End 1 Pass. Optimized 0 net or cell. Created 0 new cell, deleted 0 existing cell and moved 0 existing cell
Netlist sorting complete. Time (s): cpu = 00:00:00 ; elapsed = 00:00:00.018 . Memory (MB): peak = 2708.492 ; gain = 0.000

Summary of Physical Synthesis Optimizations
============================================


-----------------------------------------------------------------------------------------------------------------------------------------------------------
|  Optimization                                     |  Added Cells  |  Removed Cells  |  Optimized Cells/Nets  |  Dont Touch  |  Iterations  |  Elapsed   |
-----------------------------------------------------------------------------------------------------------------------------------------------------------
|  LUT Combining                                    |           34  |           1029  |                  1063  |           0  |           1  |  00:00:01  |
|  Retime                                           |            0  |              0  |                     0  |           0  |           1  |  00:00:00  |
|  Very High Fanout                                 |           39  |              0  |                     1  |           0  |           1  |  00:00:01  |
|  DSP Register                                     |            0  |              0  |                     0  |           0  |           1  |  00:00:00  |
|  Shift Register to Pipeline                       |            0  |              0  |                     0  |           0  |           1  |  00:00:00  |
|  Shift Register                                   |            7  |              0  |                     7  |           0  |           1  |  00:00:00  |
|  BRAM Register                                    |            0  |              0  |                     0  |           0  |           1  |  00:00:00  |
|  URAM Register                                    |            0  |              0  |                     0  |           0  |           1  |  00:00:00  |
|  Dynamic/Static Region Interface Net Replication  |            0  |              0  |                     0  |           0  |           1  |  00:00:00  |
|  Total                                            |           80  |           1029  |                  1071  |           0  |           9  |  00:00:03  |
-----------------------------------------------------------------------------------------------------------------------------------------------------------


Phase 2.4.2 Physical Synthesis In Placer | Checksum: 10ea8cd80

Time (s): cpu = 00:01:03 ; elapsed = 00:00:41 . Memory (MB): peak = 2708.492 ; gain = 0.000
Phase 2.4 Global Placement Core | Checksum: 10a5baa4a

Time (s): cpu = 00:01:05 ; elapsed = 00:00:43 . Memory (MB): peak = 2708.492 ; gain = 0.000
Phase 2 Global Placement | Checksum: 10a5baa4a

Time (s): cpu = 00:01:05 ; elapsed = 00:00:43 . Memory (MB): peak = 2708.492 ; gain = 0.000

Phase 3 Detail Placement

Phase 3.1 Commit Multi Column Macros
Phase 3.1 Commit Multi Column Macros | Checksum: 1062042db

Time (s): cpu = 00:01:09 ; elapsed = 00:00:45 . Memory (MB): peak = 2708.492 ; gain = 0.000

Phase 3.2 Commit Most Macros & LUTRAMs
Phase 3.2 Commit Most Macros & LUTRAMs | Checksum: ef1ec25d

Time (s): cpu = 00:01:15 ; elapsed = 00:00:49 . Memory (MB): peak = 2708.492 ; gain = 0.000

Phase 3.3 Area Swap Optimization
Phase 3.3 Area Swap Optimization | Checksum: 4678c5a1

Time (s): cpu = 00:01:16 ; elapsed = 00:00:50 . Memory (MB): peak = 2708.492 ; gain = 0.000

Phase 3.4 Pipeline Register Optimization
Phase 3.4 Pipeline Register Optimization | Checksum: 7cf0d3bd

Time (s): cpu = 00:01:16 ; elapsed = 00:00:50 . Memory (MB): peak = 2708.492 ; gain = 0.000

Phase 3.5 Fast Optimization
Phase 3.5 Fast Optimization | Checksum: ae537468

Time (s): cpu = 00:01:26 ; elapsed = 00:00:59 . Memory (MB): peak = 2708.492 ; gain = 0.000

Phase 3.6 Small Shape Detail Placement
Phase 3.6 Small Shape Detail Placement | Checksum: cadd5cd7

Time (s): cpu = 00:01:47 ; elapsed = 00:01:31 . Memory (MB): peak = 2708.492 ; gain = 0.000

Phase 3.7 Re-assign LUT pins
Phase 3.7 Re-assign LUT pins | Checksum: 12405d8c6

Time (s): cpu = 00:01:49 ; elapsed = 00:01:33 . Memory (MB): peak = 2708.492 ; gain = 0.000

Phase 3.8 Pipeline Register Optimization
Phase 3.8 Pipeline Register Optimization | Checksum: 16213aa02

Time (s): cpu = 00:01:49 ; elapsed = 00:01:34 . Memory (MB): peak = 2708.492 ; gain = 0.000

Phase 3.9 Fast Optimization
Phase 3.9 Fast Optimization | Checksum: 156c76c90

Time (s): cpu = 00:02:12 ; elapsed = 00:01:51 . Memory (MB): peak = 2708.492 ; gain = 0.000
Phase 3 Detail Placement | Checksum: 156c76c90

Time (s): cpu = 00:02:13 ; elapsed = 00:01:52 . Memory (MB): peak = 2708.492 ; gain = 0.000

Phase 4 Post Placement Optimization and Clean-Up

Phase 4.1 Post Commit Optimization
INFO: [Timing 38-35] Done setting XDC timing constraints.

Phase 4.1.1 Post Placement Optimization
Post Placement Optimization Initialization | Checksum: 18dc651d0

Phase 4.1.1.1 BUFG Insertion

Starting Physical Synthesis Task

Phase 1 Physical Synthesis Initialization
INFO: [Physopt 32-721] Multithreading enabled for phys_opt_design using a maximum of 2 CPUs
INFO: [Physopt 32-619] Estimated Timing Summary | WNS=-1.463 | TNS=-17.904 |
Phase 1 Physical Synthesis Initialization | Checksum: 20dd71f14

Time (s): cpu = 00:00:03 ; elapsed = 00:00:02 . Memory (MB): peak = 2739.789 ; gain = 0.000
INFO: [Place 46-33] Processed net hdmi_text_controller_i/hdmi_text_controller_0/inst/hdmi_text_controller_v1_0_AXI_inst/axi_aresetn_0, BUFG insertion was skipped due to placement/routing conflicts.
INFO: [Place 46-56] BUFG insertion identified 1 candidate nets. Inserted BUFG: 0, Replicated BUFG Driver: 0, Skipped due to Placement/Routing Conflicts: 1, Skipped due to Timing Degradation: 0, Skipped due to Illegal Netlist: 0.
Ending Physical Synthesis Task | Checksum: 20012cc76

Time (s): cpu = 00:00:04 ; elapsed = 00:00:03 . Memory (MB): peak = 2739.789 ; gain = 0.000
Phase 4.1.1.1 BUFG Insertion | Checksum: 18dc651d0

Time (s): cpu = 00:02:28 ; elapsed = 00:02:03 . Memory (MB): peak = 2739.789 ; gain = 31.297

Phase 4.1.1.2 Post Placement Timing Optimization
INFO: [Place 30-746] Post Placement Timing Summary WNS=-0.268. For the most accurate timing information please run report_timing.
Phase 4.1.1.2 Post Placement Timing Optimization | Checksum: 19625bd8a

Time (s): cpu = 00:03:33 ; elapsed = 00:03:10 . Memory (MB): peak = 2739.789 ; gain = 31.297

Time (s): cpu = 00:03:33 ; elapsed = 00:03:10 . Memory (MB): peak = 2739.789 ; gain = 31.297
Phase 4.1 Post Commit Optimization | Checksum: 19625bd8a

Time (s): cpu = 00:03:33 ; elapsed = 00:03:11 . Memory (MB): peak = 2739.789 ; gain = 31.297

Phase 4.2 Post Placement Cleanup
Phase 4.2 Post Placement Cleanup | Checksum: 19625bd8a

Time (s): cpu = 00:03:33 ; elapsed = 00:03:11 . Memory (MB): peak = 2739.789 ; gain = 31.297

Phase 4.3 Placer Reporting

Phase 4.3.1 Print Estimated Congestion
INFO: [Place 30-612] Post-Placement Estimated Congestion 
 ____________________________________________________
|           | Global Congestion | Short Congestion  |
| Direction | Region Size       | Region Size       |
|___________|___________________|___________________|
|      North|                2x2|                8x8|
|___________|___________________|___________________|
|      South|                1x1|                8x8|
|___________|___________________|___________________|
|       East|                1x1|                2x2|
|___________|___________________|___________________|
|       West|                1x1|                1x1|
|___________|___________________|___________________|

Phase 4.3.1 Print Estimated Congestion | Checksum: 19625bd8a

Time (s): cpu = 00:03:34 ; elapsed = 00:03:11 . Memory (MB): peak = 2739.789 ; gain = 31.297
Phase 4.3 Placer Reporting | Checksum: 19625bd8a

Time (s): cpu = 00:03:34 ; elapsed = 00:03:11 . Memory (MB): peak = 2739.789 ; gain = 31.297

Phase 4.4 Final Placement Cleanup
Netlist sorting complete. Time (s): cpu = 00:00:00 ; elapsed = 00:00:00.057 . Memory (MB): peak = 2739.789 ; gain = 0.000

Time (s): cpu = 00:03:34 ; elapsed = 00:03:11 . Memory (MB): peak = 2739.789 ; gain = 31.297
Phase 4 Post Placement Optimization and Clean-Up | Checksum: 132cc60f1

Time (s): cpu = 00:03:34 ; elapsed = 00:03:12 . Memory (MB): peak = 2739.789 ; gain = 31.297
Ending Placer Task | Checksum: 109c4c8d8

Time (s): cpu = 00:03:34 ; elapsed = 00:03:12 . Memory (MB): peak = 2739.789 ; gain = 31.297
INFO: [Common 17-83] Releasing license: Implementation
99 Infos, 4 Warnings, 1 Critical Warnings and 0 Errors encountered.
place_design completed successfully
place_design: Time (s): cpu = 00:03:36 ; elapsed = 00:03:14 . Memory (MB): peak = 2739.789 ; gain = 31.297
INFO: [Timing 38-480] Writing timing data to binary archive.
Writing XDEF routing.
Writing XDEF routing logical nets.
Writing XDEF routing special nets.
Write XDEF Complete: Time (s): cpu = 00:00:12 ; elapsed = 00:00:05 . Memory (MB): peak = 2739.789 ; gain = 0.000
INFO: [Common 17-1381] The checkpoint 'C:/Users/adamj/Desktop/Vitis/Lab6/hdmi_text_controller/hdmi_text_controller.runs/impl_1/hdmi_text_controller_top_placed.dcp' has been generated.
write_checkpoint: Time (s): cpu = 00:00:16 ; elapsed = 00:00:11 . Memory (MB): peak = 2739.789 ; gain = 0.000
INFO: [runtcl-4] Executing : report_io -file hdmi_text_controller_top_io_placed.rpt
report_io: Time (s): cpu = 00:00:00 ; elapsed = 00:00:00.044 . Memory (MB): peak = 2739.789 ; gain = 0.000
INFO: [runtcl-4] Executing : report_utilization -file hdmi_text_controller_top_utilization_placed.rpt -pb hdmi_text_controller_top_utilization_placed.pb
INFO: [runtcl-4] Executing : report_control_sets -verbose -file hdmi_text_controller_top_control_sets_placed.rpt
report_control_sets: Time (s): cpu = 00:00:00 ; elapsed = 00:00:00.195 . Memory (MB): peak = 2739.789 ; gain = 0.000
Command: phys_opt_design
Attempting to get a license for feature 'Implementation' and/or device 'xc7s50'
INFO: [Common 17-349] Got license for feature 'Implementation' and/or device 'xc7s50'

Starting Initial Update Timing Task

Time (s): cpu = 00:00:10 ; elapsed = 00:00:06 . Memory (MB): peak = 2749.000 ; gain = 9.211
INFO: [Vivado_Tcl 4-1435] PhysOpt_Tcl_Interface Runtime Before Starting Physical Synthesis Task | CPU: 10.00s |  WALL: 6.52s
Netlist sorting complete. Time (s): cpu = 00:00:00 ; elapsed = 00:00:00.019 . Memory (MB): peak = 2749.000 ; gain = 0.000

Starting Physical Synthesis Task

Phase 1 Physical Synthesis Initialization
INFO: [Physopt 32-721] Multithreading enabled for phys_opt_design using a maximum of 2 CPUs
INFO: [Physopt 32-619] Estimated Timing Summary | WNS=-0.268 | TNS=-0.501 |
Phase 1 Physical Synthesis Initialization | Checksum: 14070c8c6

Time (s): cpu = 00:00:07 ; elapsed = 00:00:03 . Memory (MB): peak = 2759.957 ; gain = 10.957
INFO: [Physopt 32-619] Estimated Timing Summary | WNS=-0.268 | TNS=-0.501 |

Phase 2 DSP Register Optimization
INFO: [Physopt 32-456] No candidate cells for DSP register optimization found in the design.
INFO: [Physopt 32-775] End 2 Pass. Optimized 0 net or cell. Created 0 new cell, deleted 0 existing cell and moved 0 existing cell
Phase 2 DSP Register Optimization | Checksum: 14070c8c6

Time (s): cpu = 00:00:07 ; elapsed = 00:00:03 . Memory (MB): peak = 2759.957 ; gain = 10.957

Phase 3 Critical Path Optimization
INFO: [Physopt 32-619] Estimated Timing Summary | WNS=-0.268 | TNS=-0.501 |
INFO: [Physopt 32-702] Processed net hdmi_text_controller_i/hdmi_text_controller_0/inst/vga_to_hdmi/inst/srldly_0/data_o[18]. Optimizations did not improve timing on the net.
INFO: [Physopt 32-1134] Processed net hdmi_text_controller_i/clk_wiz_1/inst/clk_out1_hdmi_text_controller_clk_wiz_1_3. Created 1 instance.
INFO: [Physopt 32-735] Processed net hdmi_text_controller_i/clk_wiz_1/inst/clk_out1_hdmi_text_controller_clk_wiz_1_3. Optimization improves timing on the net.
INFO: [Physopt 32-619] Estimated Timing Summary | WNS=-0.164 | TNS=-0.352 |
INFO: [Physopt 32-702] Processed net hdmi_text_controller_i/hdmi_text_controller_0/inst/vga_to_hdmi/inst/srldly_0/data_o[27]. Optimizations did not improve timing on the net.
INFO: [Physopt 32-702] Processed net hdmi_text_controller_i/clk_wiz_1/inst/clk_out1_hdmi_text_controller_clk_wiz_1_3. Optimizations did not improve timing on the net.
INFO: [Physopt 32-702] Processed net hdmi_text_controller_i/hdmi_text_controller_0/inst/hdmi_text_controller_v1_0_AXI_inst/vga_to_hdmi_i_16_n_0. Optimizations did not improve timing on the net.
INFO: [Physopt 32-702] Processed net hdmi_text_controller_i/hdmi_text_controller_0/inst/hdmi_text_controller_v1_0_AXI_inst/data5. Optimizations did not improve timing on the net.
INFO: [Physopt 32-702] Processed net hdmi_text_controller_i/hdmi_text_controller_0/inst/hdmi_text_controller_v1_0_AXI_inst/vga_to_hdmi_i_41_n_0. Optimizations did not improve timing on the net.
INFO: [Physopt 32-702] Processed net hdmi_text_controller_i/hdmi_text_controller_0/inst/hdmi_text_controller_v1_0_AXI_inst/vga_to_hdmi_i_78_n_0. Optimizations did not improve timing on the net.
INFO: [Physopt 32-702] Processed net hdmi_text_controller_i/hdmi_text_controller_0/inst/hdmi_text_controller_v1_0_AXI_inst/vga_to_hdmi_i_195_n_0. Optimizations did not improve timing on the net.
INFO: [Physopt 32-702] Processed net hdmi_text_controller_i/hdmi_text_controller_0/inst/hdmi_text_controller_v1_0_AXI_inst/g2_b0_i_2_n_0. Optimizations did not improve timing on the net.
INFO: [Physopt 32-81] Processed net hdmi_text_controller_i/hdmi_text_controller_0/inst/hdmi_text_controller_v1_0_AXI_inst/g2_b0_i_14_n_0. Replicated 1 times.
INFO: [Physopt 32-735] Processed net hdmi_text_controller_i/hdmi_text_controller_0/inst/hdmi_text_controller_v1_0_AXI_inst/g2_b0_i_14_n_0. Optimization improves timing on the net.
INFO: [Physopt 32-619] Estimated Timing Summary | WNS=-0.101 | TNS=-0.156 |
INFO: [Physopt 32-710] Processed net hdmi_text_controller_i/hdmi_text_controller_0/inst/hdmi_text_controller_v1_0_AXI_inst/g2_b0_i_2_n_0. Critical path length was reduced through logic transformation on cell hdmi_text_controller_i/hdmi_text_controller_0/inst/hdmi_text_controller_v1_0_AXI_inst/g2_b0_i_2_comp.
INFO: [Physopt 32-735] Processed net hdmi_text_controller_i/hdmi_text_controller_0/inst/hdmi_text_controller_v1_0_AXI_inst/g2_b0_i_14_n_0_repN. Optimization improves timing on the net.
INFO: [Physopt 32-619] Estimated Timing Summary | WNS=0.014 | TNS=0.000 |
INFO: [Physopt 32-619] Estimated Timing Summary | WNS=0.014 | TNS=0.000 |
Phase 3 Critical Path Optimization | Checksum: 14070c8c6

Time (s): cpu = 00:00:19 ; elapsed = 00:00:12 . Memory (MB): peak = 2765.773 ; gain = 16.773

Phase 4 Critical Path Optimization
INFO: [Physopt 32-619] Estimated Timing Summary | WNS=0.014 | TNS=0.000 |
INFO: [Physopt 32-619] Estimated Timing Summary | WNS=0.014 | TNS=0.000 |
Phase 4 Critical Path Optimization | Checksum: 14070c8c6

Time (s): cpu = 00:00:19 ; elapsed = 00:00:12 . Memory (MB): peak = 2765.773 ; gain = 16.773
Netlist sorting complete. Time (s): cpu = 00:00:00 ; elapsed = 00:00:00.180 . Memory (MB): peak = 2765.773 ; gain = 0.000
INFO: [Physopt 32-603] Post Physical Optimization Timing Summary | WNS=0.014 | TNS=0.000 |

Summary of Physical Synthesis Optimizations
============================================


-------------------------------------------------------------------------------------------------------------------------------------------------------------
|  Optimization   |  WNS Gain (ns)  |  TNS Gain (ns)  |  Added Cells  |  Removed Cells  |  Optimized Cells/Nets  |  Dont Touch  |  Iterations  |  Elapsed   |
-------------------------------------------------------------------------------------------------------------------------------------------------------------
|  DSP Register   |          0.000  |          0.000  |            0  |              0  |                     0  |           0  |           1  |  00:00:00  |
|  Critical Path  |          0.282  |          0.501  |            2  |              0  |                     3  |           0  |           2  |  00:00:08  |
|  Total          |          0.282  |          0.501  |            2  |              0  |                     3  |           0  |           3  |  00:00:09  |
-------------------------------------------------------------------------------------------------------------------------------------------------------------


Netlist sorting complete. Time (s): cpu = 00:00:00 ; elapsed = 00:00:00.015 . Memory (MB): peak = 2765.773 ; gain = 0.000
Ending Physical Synthesis Task | Checksum: e6a4ed89

Time (s): cpu = 00:00:20 ; elapsed = 00:00:12 . Memory (MB): peak = 2765.773 ; gain = 16.773
INFO: [Common 17-83] Releasing license: Implementation
135 Infos, 4 Warnings, 1 Critical Warnings and 0 Errors encountered.
phys_opt_design completed successfully
phys_opt_design: Time (s): cpu = 00:00:30 ; elapsed = 00:00:19 . Memory (MB): peak = 2765.773 ; gain = 25.984
INFO: [Timing 38-480] Writing timing data to binary archive.
Writing XDEF routing.
Writing XDEF routing logical nets.
Writing XDEF routing special nets.
Write XDEF Complete: Time (s): cpu = 00:00:10 ; elapsed = 00:00:05 . Memory (MB): peak = 2775.289 ; gain = 9.516
INFO: [Common 17-1381] The checkpoint 'C:/Users/adamj/Desktop/Vitis/Lab6/hdmi_text_controller/hdmi_text_controller.runs/impl_1/hdmi_text_controller_top_physopt.dcp' has been generated.
write_checkpoint: Time (s): cpu = 00:00:13 ; elapsed = 00:00:09 . Memory (MB): peak = 2775.289 ; gain = 9.516
Command: route_design
Attempting to get a license for feature 'Implementation' and/or device 'xc7s50'
INFO: [Common 17-349] Got license for feature 'Implementation' and/or device 'xc7s50'
INFO: [DRC 23-27] Running DRC with 2 threads
INFO: [Vivado_Tcl 4-198] DRC finished with 0 Errors
INFO: [Vivado_Tcl 4-199] Please refer to the DRC report (report_drc) for more information.
Running DRC as a precondition to command route_design
INFO: [DRC 23-27] Running DRC with 2 threads
INFO: [Vivado_Tcl 4-198] DRC finished with 0 Errors
INFO: [Vivado_Tcl 4-199] Please refer to the DRC report (report_drc) for more information.


Starting Routing Task
INFO: [Route 35-254] Multithreading enabled for route_design using a maximum of 2 CPUs

Phase 1 Build RT Design
Checksum: PlaceDB: 1ee8a0b5 ConstDB: 0 ShapeSum: 55f1a72 RouteDB: 0
Post Restoration Checksum: NetGraph: 3faf63a3 NumContArr: b60985f9 Constraints: 0 Timing: 0
Phase 1 Build RT Design | Checksum: f5b8e99c

Time (s): cpu = 00:00:33 ; elapsed = 00:00:22 . Memory (MB): peak = 2825.137 ; gain = 49.848

Phase 2 Router Initialization

Phase 2.1 Fix Topology Constraints
Phase 2.1 Fix Topology Constraints | Checksum: f5b8e99c

Time (s): cpu = 00:00:33 ; elapsed = 00:00:23 . Memory (MB): peak = 2826.227 ; gain = 50.938

Phase 2.2 Pre Route Cleanup
Phase 2.2 Pre Route Cleanup | Checksum: f5b8e99c

Time (s): cpu = 00:00:34 ; elapsed = 00:00:23 . Memory (MB): peak = 2826.227 ; gain = 50.938
 Number of Nodes with overlaps = 0

Phase 2.3 Update Timing
Phase 2.3 Update Timing | Checksum: 255a2f861

Time (s): cpu = 00:00:49 ; elapsed = 00:00:34 . Memory (MB): peak = 2862.141 ; gain = 86.852
INFO: [Route 35-416] Intermediate Timing Summary | WNS=0.079  | TNS=0.000  | WHS=-1.217 | THS=-91.603|


Router Utilization Summary
  Global Vertical Routing Utilization    = 0.00677669 %
  Global Horizontal Routing Utilization  = 0.00130141 %
  Routable Net Status*
  *Does not include unroutable nets such as driverless and loadless.
  Run report_route_status for detailed report.
  Number of Failed Nets               = 31369
    (Failed Nets is the sum of unrouted and partially routed nets)
  Number of Unrouted Nets             = 31369
  Number of Partially Routed Nets     = 0
  Number of Node Overlaps             = 0

Phase 2 Router Initialization | Checksum: 24cbf5ac1

Time (s): cpu = 00:00:59 ; elapsed = 00:00:40 . Memory (MB): peak = 2900.281 ; gain = 124.992

Phase 3 Initial Routing

Phase 3.1 Global Routing
Phase 3.1 Global Routing | Checksum: 24cbf5ac1

Time (s): cpu = 00:01:00 ; elapsed = 00:00:40 . Memory (MB): peak = 2900.281 ; gain = 124.992
Phase 3 Initial Routing | Checksum: 13bcaf653

Time (s): cpu = 00:01:55 ; elapsed = 00:01:11 . Memory (MB): peak = 2997.488 ; gain = 222.199
INFO: [Route 35-580] Design has 12 pins with tight setup and hold constraints.

The top 5 pins with tight setup and hold constraints:

+=============================================+=============================================+=======================================================================================================+
| Launch Setup Clock                          | Launch Hold Clock                           | Pin                                                                                                   |
+=============================================+=============================================+=======================================================================================================+
| clk_out1_hdmi_text_controller_clk_wiz_1_3_1 | clk_out1_hdmi_text_controller_clk_wiz_1_3_1 | hdmi_text_controller_i/hdmi_text_controller_0/inst/vga_to_hdmi/inst/srldly_0/srl[21].srl16_i_srlopt/D |
| clk_out1_hdmi_text_controller_clk_wiz_1_3_1 | clk_out1_hdmi_text_controller_clk_wiz_1_3_1 | hdmi_text_controller_i/hdmi_text_controller_0/inst/vga_to_hdmi/inst/srldly_0/srl[20].srl16_i_srlopt/D |
| clk_out1_hdmi_text_controller_clk_wiz_1_3_1 | clk_out1_hdmi_text_controller_clk_wiz_1_3_1 | hdmi_text_controller_i/hdmi_text_controller_0/inst/vga_to_hdmi/inst/srldly_0/srl[23].srl16_i_srlopt/D |
| clk_out1_hdmi_text_controller_clk_wiz_1_3_1 | clk_out1_hdmi_text_controller_clk_wiz_1_3_1 | hdmi_text_controller_i/hdmi_text_controller_0/inst/vga_to_hdmi/inst/srldly_0/srl[22].srl16_i_srlopt/D |
| clk_out1_hdmi_text_controller_clk_wiz_1_3_1 | clk_out1_hdmi_text_controller_clk_wiz_1_3_1 | hdmi_text_controller_i/hdmi_text_controller_0/inst/vga_to_hdmi/inst/srldly_0/srl[37].srl16_i_srlopt/D |
+---------------------------------------------+---------------------------------------------+-------------------------------------------------------------------------------------------------------+

File with complete list of pins: tight_setup_hold_pins.txt


Phase 4 Rip-up And Reroute

Phase 4.1 Global Iteration 0
 Number of Nodes with overlaps = 12426
 Number of Nodes with overlaps = 3266
 Number of Nodes with overlaps = 1201
 Number of Nodes with overlaps = 420
 Number of Nodes with overlaps = 130
 Number of Nodes with overlaps = 38
 Number of Nodes with overlaps = 13
 Number of Nodes with overlaps = 0
INFO: [Route 35-416] Intermediate Timing Summary | WNS=-1.314 | TNS=-21.312| WHS=N/A    | THS=N/A    |

Phase 4.1 Global Iteration 0 | Checksum: 1b24e9ab6

Time (s): cpu = 00:05:45 ; elapsed = 00:03:46 . Memory (MB): peak = 2997.488 ; gain = 222.199

Phase 4.2 Global Iteration 1
 Number of Nodes with overlaps = 3377
 Number of Nodes with overlaps = 1994
 Number of Nodes with overlaps = 412
 Number of Nodes with overlaps = 254
 Number of Nodes with overlaps = 76
 Number of Nodes with overlaps = 16
 Number of Nodes with overlaps = 44
 Number of Nodes with overlaps = 13
 Number of Nodes with overlaps = 5
 Number of Nodes with overlaps = 1
 Number of Nodes with overlaps = 1
 Number of Nodes with overlaps = 0
INFO: [Route 35-416] Intermediate Timing Summary | WNS=-1.891 | TNS=-13.310| WHS=N/A    | THS=N/A    |

Phase 4.2 Global Iteration 1 | Checksum: 15d14b6e4

Time (s): cpu = 00:07:33 ; elapsed = 00:05:00 . Memory (MB): peak = 2997.488 ; gain = 222.199
Phase 4 Rip-up And Reroute | Checksum: 15d14b6e4

Time (s): cpu = 00:07:33 ; elapsed = 00:05:00 . Memory (MB): peak = 2997.488 ; gain = 222.199

Phase 5 Delay and Skew Optimization

Phase 5.1 Delay CleanUp

Phase 5.1.1 Update Timing
Phase 5.1.1 Update Timing | Checksum: 17645d38b

Time (s): cpu = 00:07:41 ; elapsed = 00:05:07 . Memory (MB): peak = 2997.488 ; gain = 222.199
INFO: [Route 35-416] Intermediate Timing Summary | WNS=-1.314 | TNS=-20.392| WHS=N/A    | THS=N/A    |

 Number of Nodes with overlaps = 0
Phase 5.1 Delay CleanUp | Checksum: e17d04c2

Time (s): cpu = 00:07:43 ; elapsed = 00:05:08 . Memory (MB): peak = 2997.488 ; gain = 222.199

Phase 5.2 Clock Skew Optimization
Phase 5.2 Clock Skew Optimization | Checksum: e17d04c2

Time (s): cpu = 00:07:44 ; elapsed = 00:05:08 . Memory (MB): peak = 2997.488 ; gain = 222.199
Phase 5 Delay and Skew Optimization | Checksum: e17d04c2

Time (s): cpu = 00:07:44 ; elapsed = 00:05:09 . Memory (MB): peak = 2997.488 ; gain = 222.199

Phase 6 Post Hold Fix

Phase 6.1 Hold Fix Iter

Phase 6.1.1 Update Timing
Phase 6.1.1 Update Timing | Checksum: 115b3b1d9

Time (s): cpu = 00:07:56 ; elapsed = 00:05:17 . Memory (MB): peak = 2997.488 ; gain = 222.199
INFO: [Route 35-416] Intermediate Timing Summary | WNS=-1.314 | TNS=-19.902| WHS=0.001  | THS=0.000  |

Phase 6.1 Hold Fix Iter | Checksum: f9f00da1

Time (s): cpu = 00:07:56 ; elapsed = 00:05:18 . Memory (MB): peak = 2997.488 ; gain = 222.199
Phase 6 Post Hold Fix | Checksum: f9f00da1

Time (s): cpu = 00:07:56 ; elapsed = 00:05:18 . Memory (MB): peak = 2997.488 ; gain = 222.199

Phase 7 Route finalize

Router Utilization Summary
  Global Vertical Routing Utilization    = 33.6106 %
  Global Horizontal Routing Utilization  = 27.5849 %
  Routable Net Status*
  *Does not include unroutable nets such as driverless and loadless.
  Run report_route_status for detailed report.
  Number of Failed Nets               = 0
    (Failed Nets is the sum of unrouted and partially routed nets)
  Number of Unrouted Nets             = 0
  Number of Partially Routed Nets     = 0
  Number of Node Overlaps             = 0

Congestion Report
North Dir 1x1 Area, Max Cong = 88.2883%, Congestion bounded by tiles (Lower Left Tile -> Upper Right Tile):
   INT_R_X13Y130 -> INT_R_X13Y130
   INT_R_X21Y72 -> INT_R_X21Y72
   INT_R_X21Y70 -> INT_R_X21Y70
   INT_R_X21Y44 -> INT_R_X21Y44
   INT_R_X21Y41 -> INT_R_X21Y41
South Dir 1x1 Area, Max Cong = 99.0991%, Congestion bounded by tiles (Lower Left Tile -> Upper Right Tile):
   INT_L_X18Y129 -> INT_L_X18Y129
   INT_L_X24Y128 -> INT_L_X24Y128
   INT_R_X19Y127 -> INT_R_X19Y127
   INT_R_X21Y124 -> INT_R_X21Y124
   INT_L_X22Y124 -> INT_L_X22Y124
East Dir 1x1 Area, Max Cong = 89.7059%, Congestion bounded by tiles (Lower Left Tile -> Upper Right Tile):
   INT_L_X24Y80 -> INT_L_X24Y80
   INT_R_X25Y76 -> INT_R_X25Y76
West Dir 1x1 Area, Max Cong = 97.0588%, Congestion bounded by tiles (Lower Left Tile -> Upper Right Tile):
   INT_L_X18Y100 -> INT_L_X18Y100
   INT_R_X21Y89 -> INT_R_X21Y89
   INT_L_X24Y82 -> INT_L_X24Y82
   INT_R_X23Y81 -> INT_R_X23Y81
   INT_L_X32Y24 -> INT_L_X32Y24

------------------------------
Reporting congestion hotspots
------------------------------
Direction: North
----------------
Congested clusters found at Level 0
Effective congestion level: 0 Aspect Ratio: 1 Sparse Ratio: 1
Direction: South
----------------
Congested clusters found at Level 0
Effective congestion level: 1 Aspect Ratio: 0.666667 Sparse Ratio: 1
Direction: East
----------------
Congested clusters found at Level 0
Effective congestion level: 0 Aspect Ratio: 1 Sparse Ratio: 1
Direction: West
----------------
Congested clusters found at Level 0
Effective congestion level: 0 Aspect Ratio: 1 Sparse Ratio: 1

Phase 7 Route finalize | Checksum: 182fe9796

Time (s): cpu = 00:07:57 ; elapsed = 00:05:18 . Memory (MB): peak = 2997.488 ; gain = 222.199

Phase 8 Verifying routed nets

 Verification completed successfully
Phase 8 Verifying routed nets | Checksum: 182fe9796

Time (s): cpu = 00:07:58 ; elapsed = 00:05:19 . Memory (MB): peak = 2997.488 ; gain = 222.199

Phase 9 Depositing Routes
Phase 9 Depositing Routes | Checksum: 18aeb7235

Time (s): cpu = 00:08:08 ; elapsed = 00:05:32 . Memory (MB): peak = 2997.488 ; gain = 222.199

Phase 10 Post Router Timing
INFO: [Route 35-57] Estimated Timing Summary | WNS=-1.314 | TNS=-19.902| WHS=0.001  | THS=0.000  |

WARNING: [Route 35-328] Router estimated timing not met.
Resolution: For a complete and accurate timing signoff, report_timing_summary must be run after route_design. Alternatively, route_design can be run with the -timing_summary option to enable a complete timing signoff at the end of route_design.
Phase 10 Post Router Timing | Checksum: 18aeb7235

Time (s): cpu = 00:08:18 ; elapsed = 00:05:39 . Memory (MB): peak = 2997.488 ; gain = 222.199
INFO: [Route 35-16] Router Completed Successfully

Time (s): cpu = 00:08:18 ; elapsed = 00:05:39 . Memory (MB): peak = 2997.488 ; gain = 222.199

Routing Is Done.
INFO: [Common 17-83] Releasing license: Implementation
154 Infos, 5 Warnings, 1 Critical Warnings and 0 Errors encountered.
route_design completed successfully
route_design: Time (s): cpu = 00:08:23 ; elapsed = 00:05:41 . Memory (MB): peak = 2997.488 ; gain = 222.199
INFO: [Timing 38-480] Writing timing data to binary archive.
Writing XDEF routing.
Writing XDEF routing logical nets.
Writing XDEF routing special nets.
Write XDEF Complete: Time (s): cpu = 00:00:25 ; elapsed = 00:00:12 . Memory (MB): peak = 2997.488 ; gain = 0.000
report_design_analysis: Time (s): cpu = 00:00:10 ; elapsed = 00:00:10 . Memory (MB): peak = 2997.488 ; gain = 0.000
INFO: [Common 17-1381] The checkpoint 'C:/Users/adamj/Desktop/Vitis/Lab6/hdmi_text_controller/hdmi_text_controller.runs/impl_1/hdmi_text_controller_top_routed.dcp' has been generated.
write_checkpoint: Time (s): cpu = 00:00:40 ; elapsed = 00:00:29 . Memory (MB): peak = 2997.488 ; gain = 0.000
INFO: [runtcl-4] Executing : report_drc -file hdmi_text_controller_top_drc_routed.rpt -pb hdmi_text_controller_top_drc_routed.pb -rpx hdmi_text_controller_top_drc_routed.rpx
Command: report_drc -file hdmi_text_controller_top_drc_routed.rpt -pb hdmi_text_controller_top_drc_routed.pb -rpx hdmi_text_controller_top_drc_routed.rpx
INFO: [IP_Flow 19-1839] IP Catalog is up to date.
INFO: [DRC 23-27] Running DRC with 2 threads
INFO: [Vivado_Tcl 2-168] The results of DRC are in file C:/Users/adamj/Desktop/Vitis/Lab6/hdmi_text_controller/hdmi_text_controller.runs/impl_1/hdmi_text_controller_top_drc_routed.rpt.
report_drc completed successfully
report_drc: Time (s): cpu = 00:00:14 ; elapsed = 00:00:08 . Memory (MB): peak = 2997.488 ; gain = 0.000
INFO: [runtcl-4] Executing : report_methodology -file hdmi_text_controller_top_methodology_drc_routed.rpt -pb hdmi_text_controller_top_methodology_drc_routed.pb -rpx hdmi_text_controller_top_methodology_drc_routed.rpx
Command: report_methodology -file hdmi_text_controller_top_methodology_drc_routed.rpt -pb hdmi_text_controller_top_methodology_drc_routed.pb -rpx hdmi_text_controller_top_methodology_drc_routed.rpx
INFO: [Timing 38-35] Done setting XDC timing constraints.
INFO: [DRC 23-133] Running Methodology with 2 threads
INFO: [Vivado_Tcl 2-1520] The results of Report Methodology are in file C:/Users/adamj/Desktop/Vitis/Lab6/hdmi_text_controller/hdmi_text_controller.runs/impl_1/hdmi_text_controller_top_methodology_drc_routed.rpt.
report_methodology completed successfully
report_methodology: Time (s): cpu = 00:01:09 ; elapsed = 00:00:41 . Memory (MB): peak = 2997.488 ; gain = 0.000
INFO: [runtcl-4] Executing : report_power -file hdmi_text_controller_top_power_routed.rpt -pb hdmi_text_controller_top_power_summary_routed.pb -rpx hdmi_text_controller_top_power_routed.rpx
Command: report_power -file hdmi_text_controller_top_power_routed.rpt -pb hdmi_text_controller_top_power_summary_routed.pb -rpx hdmi_text_controller_top_power_routed.rpx
INFO: [Timing 38-35] Done setting XDC timing constraints.
Running Vector-less Activity Propagation...

Finished Running Vector-less Activity Propagation
WARNING: [Power 33-332] Found switching activity that implies high-fanout reset nets being asserted for excessive periods of time which may result in inaccurate power analysis.
Resolution: To review and fix problems, please run Power Constraints Advisor in the GUI from Tools > Power Constraints Advisor or run report_power with the -advisory option to generate a text report.
166 Infos, 6 Warnings, 1 Critical Warnings and 0 Errors encountered.
report_power completed successfully
report_power: Time (s): cpu = 00:00:57 ; elapsed = 00:00:38 . Memory (MB): peak = 2997.488 ; gain = 0.000
INFO: [runtcl-4] Executing : report_route_status -file hdmi_text_controller_top_route_status.rpt -pb hdmi_text_controller_top_route_status.pb
INFO: [runtcl-4] Executing : report_timing_summary -max_paths 10 -report_unconstrained -file hdmi_text_controller_top_timing_summary_routed.rpt -pb hdmi_text_controller_top_timing_summary_routed.pb -rpx hdmi_text_controller_top_timing_summary_routed.rpx -warn_on_violation 
INFO: [Timing 38-91] UpdateTimingParams: Speed grade: -1, Delay Type: min_max.
INFO: [Timing 38-191] Multithreading enabled for timing update using a maximum of 2 CPUs
CRITICAL WARNING: [Timing 38-282] The design failed to meet the timing requirements. Please see the timing summary report for details on the timing violations.
report_timing_summary: Time (s): cpu = 00:00:09 ; elapsed = 00:00:06 . Memory (MB): peak = 2997.488 ; gain = 0.000
INFO: [runtcl-4] Executing : report_incremental_reuse -file hdmi_text_controller_top_incremental_reuse_routed.rpt
INFO: [Vivado_Tcl 4-1062] Incremental flow is disabled. No incremental reuse Info to report.
INFO: [runtcl-4] Executing : report_clock_utilization -file hdmi_text_controller_top_clock_utilization_routed.rpt
INFO: [runtcl-4] Executing : report_bus_skew -warn_on_violation -file hdmi_text_controller_top_bus_skew_routed.rpt -pb hdmi_text_controller_top_bus_skew_routed.pb -rpx hdmi_text_controller_top_bus_skew_routed.rpx
INFO: [Timing 38-91] UpdateTimingParams: Speed grade: -1, Delay Type: min_max.
INFO: [Timing 38-191] Multithreading enabled for timing update using a maximum of 2 CPUs
Command: write_bitstream -force hdmi_text_controller_top.bit
Attempting to get a license for feature 'Implementation' and/or device 'xc7s50'
INFO: [Common 17-349] Got license for feature 'Implementation' and/or device 'xc7s50'
Running DRC as a precondition to command write_bitstream
INFO: [IP_Flow 19-1839] IP Catalog is up to date.
INFO: [DRC 23-27] Running DRC with 2 threads
WARNING: [DRC CFGBVS-1] Missing CFGBVS and CONFIG_VOLTAGE Design Properties: Neither the CFGBVS nor CONFIG_VOLTAGE voltage property is set in the current_design.  Configuration bank voltage select (CFGBVS) must be set to VCCO or GND, and CONFIG_VOLTAGE must be set to the correct configuration voltage, in order to determine the I/O voltage support for the pins in bank 0.  It is suggested to specify these either using the 'Edit Device Properties' function in the GUI or directly in the XDC file using the following syntax:

 set_property CFGBVS value1 [current_design]
 #where value1 is either VCCO or GND

 set_property CONFIG_VOLTAGE value2 [current_design]
 #where value2 is the voltage provided to configuration bank 0

Refer to the device configuration user guide for more information.
INFO: [Vivado 12-3199] DRC finished with 0 Errors, 1 Warnings
INFO: [Vivado 12-3200] Please refer to the DRC report (report_drc) for more information.
INFO: [Designutils 20-2272] Running write_bitstream with 2 threads.
Loading data files...
Loading site data...
Loading route data...
Processing options...
Creating bitmap...
Creating bitstream...
Writing bitstream ./hdmi_text_controller_top.bit...
INFO: [Vivado 12-1842] Bitgen Completed Successfully.
INFO: [Project 1-1876] WebTalk data collection is mandatory when using a ULT device. To see the specific WebTalk data collected for your design, open the usage_statistics_webtalk.html or usage_statistics_webtalk.xml file in the implementation directory.
INFO: [Common 17-83] Releasing license: Implementation
12 Infos, 1 Warnings, 0 Critical Warnings and 0 Errors encountered.
write_bitstream completed successfully
write_bitstream: Time (s): cpu = 00:00:36 ; elapsed = 00:00:25 . Memory (MB): peak = 3501.129 ; gain = 503.641
INFO: [Common 17-206] Exiting Vivado at Thu Jul 30 23:50:26 2026...
