
*** Running vivado
    with args -log hdmi_text_controller_hdmi_text_controller_0_1.vds -m64 -product Vivado -mode batch -messageDb vivado.pb -notrace -source hdmi_text_controller_hdmi_text_controller_0_1.tcl



****** Vivado v2022.2 (64-bit)
  **** SW Build 3671981 on Fri Oct 14 05:00:03 MDT 2022
  **** IP Build 3669848 on Fri Oct 14 08:30:02 MDT 2022
    ** Copyright 1986-2022 Xilinx, Inc. All Rights Reserved.

source hdmi_text_controller_hdmi_text_controller_0_1.tcl -notrace
create_project: Time (s): cpu = 00:00:11 ; elapsed = 00:00:12 . Memory (MB): peak = 1001.199 ; gain = 117.098
INFO: [IP_Flow 19-234] Refreshing IP repositories
INFO: [IP_Flow 19-1700] Loaded user IP repository 'c:/Users/adamj/Desktop/Vitis/Lab6/ip_repo/hdmi_text_controller_1_0'.
INFO: [IP_Flow 19-1700] Loaded user IP repository 'c:/Users/adamj/Desktop/Vitis/Lab6/ip_repo/RD_hdmi_ip2020'.
INFO: [IP_Flow 19-2313] Loaded Vivado IP repository 'C:/Xilinx/Vivado/2022.2/data/ip'.
WARNING: [IP_Flow 19-4995] The host OS only allows 260 characters in a normal path. The IP cache path is more than 80 characters. If you experience issues with IP caching, please consider changing the IP cache to a location with a shorter path. Alternately consider using the OS subst command to map part of the path to a drive letter. 
Current IP cache path is c:/Users/adamj/Desktop/Vitis/Lab6/hdmi_text_controller/hdmi_text_controller.cache/ip 
INFO: [IP_Flow 19-6924] IPCACHE: Running cache check for IP inst: hdmi_text_controller_hdmi_text_controller_0_1
Command: synth_design -top hdmi_text_controller_hdmi_text_controller_0_1 -part xc7s50csga324-1 -incremental_mode off -mode out_of_context
Starting synth_design
Attempting to get a license for feature 'Synthesis' and/or device 'xc7s50'
INFO: [Common 17-349] Got license for feature 'Synthesis' and/or device 'xc7s50'
INFO: [Device 21-403] Loading part xc7s50csga324-1
INFO: [Synth 8-7079] Multithreading enabled for synth_design using a maximum of 2 processes.
INFO: [Synth 8-7078] Launching helper process for spawning children vivado processes
INFO: [Synth 8-7075] Helper process launched with PID 17112
INFO: [Synth 8-11241] undeclared symbol 'REGCCE', assumed default net type 'wire' [C:/Xilinx/Vivado/2022.2/data/verilog/src/unimacro/BRAM_SINGLE_MACRO.v:2170]
WARNING: [Synth 8-11121] redeclaration of ANSI port 'pixel_val' is not allowed [c:/Users/adamj/Desktop/Vitis/Lab6/hdmi_text_controller/hdmi_text_controller.gen/sources_1/bd/hdmi_text_controller/ipshared/5fb0/src/Color_Mapper.sv:36]
WARNING: [Synth 8-10180] variable 'col' must explicitly be declared as automatic or static [c:/Users/adamj/Desktop/Vitis/Lab6/hdmi_text_controller/hdmi_text_controller.gen/sources_1/bd/hdmi_text_controller/ipshared/5fb0/src/Color_Mapper.sv:42]
WARNING: [Synth 8-10180] variable 'row' must explicitly be declared as automatic or static [c:/Users/adamj/Desktop/Vitis/Lab6/hdmi_text_controller/hdmi_text_controller.gen/sources_1/bd/hdmi_text_controller/ipshared/5fb0/src/Color_Mapper.sv:43]
INFO: [Synth 8-11241] undeclared symbol 'hdmi_tmds_clk_p', assumed default net type 'wire' [c:/Users/adamj/Desktop/Vitis/Lab6/hdmi_text_controller/hdmi_text_controller.gen/sources_1/bd/hdmi_text_controller/ipshared/5fb0/src/hdmi_text_controller_v1_0.sv:142]
INFO: [Synth 8-11241] undeclared symbol 'hdmi_tmds_clk_n', assumed default net type 'wire' [c:/Users/adamj/Desktop/Vitis/Lab6/hdmi_text_controller/hdmi_text_controller.gen/sources_1/bd/hdmi_text_controller/ipshared/5fb0/src/hdmi_text_controller_v1_0.sv:143]
INFO: [Synth 8-11241] undeclared symbol 'hdmi_tmds_data_p', assumed default net type 'wire' [c:/Users/adamj/Desktop/Vitis/Lab6/hdmi_text_controller/hdmi_text_controller.gen/sources_1/bd/hdmi_text_controller/ipshared/5fb0/src/hdmi_text_controller_v1_0.sv:144]
INFO: [Synth 8-11241] undeclared symbol 'hdmi_tmds_data_n', assumed default net type 'wire' [c:/Users/adamj/Desktop/Vitis/Lab6/hdmi_text_controller/hdmi_text_controller.gen/sources_1/bd/hdmi_text_controller/ipshared/5fb0/src/hdmi_text_controller_v1_0.sv:145]
WARNING: [Synth 8-11065] parameter 'CTRLTOKEN0' becomes localparam in 'encode' with formal parameter declaration list [c:/Users/adamj/Desktop/Vitis/Lab6/hdmi_text_controller/hdmi_text_controller.gen/sources_1/bd/hdmi_text_controller/ip/hdmi_text_controller_hdmi_text_controller_0_1/src/hdmi_tx_0/hdl/encode.v:145]
WARNING: [Synth 8-11065] parameter 'CTRLTOKEN1' becomes localparam in 'encode' with formal parameter declaration list [c:/Users/adamj/Desktop/Vitis/Lab6/hdmi_text_controller/hdmi_text_controller.gen/sources_1/bd/hdmi_text_controller/ip/hdmi_text_controller_hdmi_text_controller_0_1/src/hdmi_tx_0/hdl/encode.v:146]
WARNING: [Synth 8-11065] parameter 'CTRLTOKEN2' becomes localparam in 'encode' with formal parameter declaration list [c:/Users/adamj/Desktop/Vitis/Lab6/hdmi_text_controller/hdmi_text_controller.gen/sources_1/bd/hdmi_text_controller/ip/hdmi_text_controller_hdmi_text_controller_0_1/src/hdmi_tx_0/hdl/encode.v:147]
WARNING: [Synth 8-11065] parameter 'CTRLTOKEN3' becomes localparam in 'encode' with formal parameter declaration list [c:/Users/adamj/Desktop/Vitis/Lab6/hdmi_text_controller/hdmi_text_controller.gen/sources_1/bd/hdmi_text_controller/ip/hdmi_text_controller_hdmi_text_controller_0_1/src/hdmi_tx_0/hdl/encode.v:148]
---------------------------------------------------------------------------------
Starting RTL Elaboration : Time (s): cpu = 00:00:08 ; elapsed = 00:00:08 . Memory (MB): peak = 1813.945 ; gain = 406.453
---------------------------------------------------------------------------------
INFO: [Synth 8-6157] synthesizing module 'hdmi_text_controller_hdmi_text_controller_0_1' [c:/Users/adamj/Desktop/Vitis/Lab6/hdmi_text_controller/hdmi_text_controller.gen/sources_1/bd/hdmi_text_controller/ip/hdmi_text_controller_hdmi_text_controller_0_1/synth/hdmi_text_controller_hdmi_text_controller_0_1.sv:53]
INFO: [Synth 8-6157] synthesizing module 'hdmi_text_controller_v1_0' [c:/Users/adamj/Desktop/Vitis/Lab6/hdmi_text_controller/hdmi_text_controller.gen/sources_1/bd/hdmi_text_controller/ipshared/5fb0/src/hdmi_text_controller_v1_0.sv:10]
INFO: [Synth 8-6157] synthesizing module 'hdmi_text_controller_v1_0_AXI' [c:/Users/adamj/Desktop/Vitis/Lab6/hdmi_text_controller/hdmi_text_controller.gen/sources_1/bd/hdmi_text_controller/ipshared/5fb0/src/hdmi_text_controller_v1_0_AXI.sv:28]
WARNING: [Synth 8-324] index 604 out of range [c:/Users/adamj/Desktop/Vitis/Lab6/hdmi_text_controller/hdmi_text_controller.gen/sources_1/bd/hdmi_text_controller/ipshared/5fb0/src/hdmi_text_controller_v1_0_AXI.sv:265]
WARNING: [Synth 8-324] index 605 out of range [c:/Users/adamj/Desktop/Vitis/Lab6/hdmi_text_controller/hdmi_text_controller.gen/sources_1/bd/hdmi_text_controller/ipshared/5fb0/src/hdmi_text_controller_v1_0_AXI.sv:265]
WARNING: [Synth 8-324] index 606 out of range [c:/Users/adamj/Desktop/Vitis/Lab6/hdmi_text_controller/hdmi_text_controller.gen/sources_1/bd/hdmi_text_controller/ipshared/5fb0/src/hdmi_text_controller_v1_0_AXI.sv:265]
WARNING: [Synth 8-324] index 607 out of range [c:/Users/adamj/Desktop/Vitis/Lab6/hdmi_text_controller/hdmi_text_controller.gen/sources_1/bd/hdmi_text_controller/ipshared/5fb0/src/hdmi_text_controller_v1_0_AXI.sv:265]
WARNING: [Synth 8-324] index 608 out of range [c:/Users/adamj/Desktop/Vitis/Lab6/hdmi_text_controller/hdmi_text_controller.gen/sources_1/bd/hdmi_text_controller/ipshared/5fb0/src/hdmi_text_controller_v1_0_AXI.sv:265]
WARNING: [Synth 8-324] index 609 out of range [c:/Users/adamj/Desktop/Vitis/Lab6/hdmi_text_controller/hdmi_text_controller.gen/sources_1/bd/hdmi_text_controller/ipshared/5fb0/src/hdmi_text_controller_v1_0_AXI.sv:265]
WARNING: [Synth 8-324] index 610 out of range [c:/Users/adamj/Desktop/Vitis/Lab6/hdmi_text_controller/hdmi_text_controller.gen/sources_1/bd/hdmi_text_controller/ipshared/5fb0/src/hdmi_text_controller_v1_0_AXI.sv:265]
WARNING: [Synth 8-324] index 611 out of range [c:/Users/adamj/Desktop/Vitis/Lab6/hdmi_text_controller/hdmi_text_controller.gen/sources_1/bd/hdmi_text_controller/ipshared/5fb0/src/hdmi_text_controller_v1_0_AXI.sv:265]
WARNING: [Synth 8-324] index 612 out of range [c:/Users/adamj/Desktop/Vitis/Lab6/hdmi_text_controller/hdmi_text_controller.gen/sources_1/bd/hdmi_text_controller/ipshared/5fb0/src/hdmi_text_controller_v1_0_AXI.sv:265]
WARNING: [Synth 8-324] index 613 out of range [c:/Users/adamj/Desktop/Vitis/Lab6/hdmi_text_controller/hdmi_text_controller.gen/sources_1/bd/hdmi_text_controller/ipshared/5fb0/src/hdmi_text_controller_v1_0_AXI.sv:265]
WARNING: [Synth 8-324] index 614 out of range [c:/Users/adamj/Desktop/Vitis/Lab6/hdmi_text_controller/hdmi_text_controller.gen/sources_1/bd/hdmi_text_controller/ipshared/5fb0/src/hdmi_text_controller_v1_0_AXI.sv:265]
WARNING: [Synth 8-324] index 615 out of range [c:/Users/adamj/Desktop/Vitis/Lab6/hdmi_text_controller/hdmi_text_controller.gen/sources_1/bd/hdmi_text_controller/ipshared/5fb0/src/hdmi_text_controller_v1_0_AXI.sv:265]
WARNING: [Synth 8-324] index 616 out of range [c:/Users/adamj/Desktop/Vitis/Lab6/hdmi_text_controller/hdmi_text_controller.gen/sources_1/bd/hdmi_text_controller/ipshared/5fb0/src/hdmi_text_controller_v1_0_AXI.sv:265]
WARNING: [Synth 8-324] index 617 out of range [c:/Users/adamj/Desktop/Vitis/Lab6/hdmi_text_controller/hdmi_text_controller.gen/sources_1/bd/hdmi_text_controller/ipshared/5fb0/src/hdmi_text_controller_v1_0_AXI.sv:265]
WARNING: [Synth 8-324] index 618 out of range [c:/Users/adamj/Desktop/Vitis/Lab6/hdmi_text_controller/hdmi_text_controller.gen/sources_1/bd/hdmi_text_controller/ipshared/5fb0/src/hdmi_text_controller_v1_0_AXI.sv:265]
WARNING: [Synth 8-324] index 619 out of range [c:/Users/adamj/Desktop/Vitis/Lab6/hdmi_text_controller/hdmi_text_controller.gen/sources_1/bd/hdmi_text_controller/ipshared/5fb0/src/hdmi_text_controller_v1_0_AXI.sv:265]
WARNING: [Synth 8-324] index 620 out of range [c:/Users/adamj/Desktop/Vitis/Lab6/hdmi_text_controller/hdmi_text_controller.gen/sources_1/bd/hdmi_text_controller/ipshared/5fb0/src/hdmi_text_controller_v1_0_AXI.sv:265]
WARNING: [Synth 8-324] index 621 out of range [c:/Users/adamj/Desktop/Vitis/Lab6/hdmi_text_controller/hdmi_text_controller.gen/sources_1/bd/hdmi_text_controller/ipshared/5fb0/src/hdmi_text_controller_v1_0_AXI.sv:265]
WARNING: [Synth 8-324] index 622 out of range [c:/Users/adamj/Desktop/Vitis/Lab6/hdmi_text_controller/hdmi_text_controller.gen/sources_1/bd/hdmi_text_controller/ipshared/5fb0/src/hdmi_text_controller_v1_0_AXI.sv:265]
WARNING: [Synth 8-324] index 623 out of range [c:/Users/adamj/Desktop/Vitis/Lab6/hdmi_text_controller/hdmi_text_controller.gen/sources_1/bd/hdmi_text_controller/ipshared/5fb0/src/hdmi_text_controller_v1_0_AXI.sv:265]
WARNING: [Synth 8-324] index 624 out of range [c:/Users/adamj/Desktop/Vitis/Lab6/hdmi_text_controller/hdmi_text_controller.gen/sources_1/bd/hdmi_text_controller/ipshared/5fb0/src/hdmi_text_controller_v1_0_AXI.sv:265]
WARNING: [Synth 8-324] index 625 out of range [c:/Users/adamj/Desktop/Vitis/Lab6/hdmi_text_controller/hdmi_text_controller.gen/sources_1/bd/hdmi_text_controller/ipshared/5fb0/src/hdmi_text_controller_v1_0_AXI.sv:265]
WARNING: [Synth 8-324] index 626 out of range [c:/Users/adamj/Desktop/Vitis/Lab6/hdmi_text_controller/hdmi_text_controller.gen/sources_1/bd/hdmi_text_controller/ipshared/5fb0/src/hdmi_text_controller_v1_0_AXI.sv:265]
WARNING: [Synth 8-324] index 627 out of range [c:/Users/adamj/Desktop/Vitis/Lab6/hdmi_text_controller/hdmi_text_controller.gen/sources_1/bd/hdmi_text_controller/ipshared/5fb0/src/hdmi_text_controller_v1_0_AXI.sv:265]
WARNING: [Synth 8-324] index 628 out of range [c:/Users/adamj/Desktop/Vitis/Lab6/hdmi_text_controller/hdmi_text_controller.gen/sources_1/bd/hdmi_text_controller/ipshared/5fb0/src/hdmi_text_controller_v1_0_AXI.sv:265]
WARNING: [Synth 8-324] index 629 out of range [c:/Users/adamj/Desktop/Vitis/Lab6/hdmi_text_controller/hdmi_text_controller.gen/sources_1/bd/hdmi_text_controller/ipshared/5fb0/src/hdmi_text_controller_v1_0_AXI.sv:265]
WARNING: [Synth 8-324] index 630 out of range [c:/Users/adamj/Desktop/Vitis/Lab6/hdmi_text_controller/hdmi_text_controller.gen/sources_1/bd/hdmi_text_controller/ipshared/5fb0/src/hdmi_text_controller_v1_0_AXI.sv:265]
WARNING: [Synth 8-324] index 631 out of range [c:/Users/adamj/Desktop/Vitis/Lab6/hdmi_text_controller/hdmi_text_controller.gen/sources_1/bd/hdmi_text_controller/ipshared/5fb0/src/hdmi_text_controller_v1_0_AXI.sv:265]
WARNING: [Synth 8-324] index 632 out of range [c:/Users/adamj/Desktop/Vitis/Lab6/hdmi_text_controller/hdmi_text_controller.gen/sources_1/bd/hdmi_text_controller/ipshared/5fb0/src/hdmi_text_controller_v1_0_AXI.sv:265]
WARNING: [Synth 8-324] index 633 out of range [c:/Users/adamj/Desktop/Vitis/Lab6/hdmi_text_controller/hdmi_text_controller.gen/sources_1/bd/hdmi_text_controller/ipshared/5fb0/src/hdmi_text_controller_v1_0_AXI.sv:265]
WARNING: [Synth 8-324] index 634 out of range [c:/Users/adamj/Desktop/Vitis/Lab6/hdmi_text_controller/hdmi_text_controller.gen/sources_1/bd/hdmi_text_controller/ipshared/5fb0/src/hdmi_text_controller_v1_0_AXI.sv:265]
WARNING: [Synth 8-324] index 635 out of range [c:/Users/adamj/Desktop/Vitis/Lab6/hdmi_text_controller/hdmi_text_controller.gen/sources_1/bd/hdmi_text_controller/ipshared/5fb0/src/hdmi_text_controller_v1_0_AXI.sv:265]
WARNING: [Synth 8-324] index 636 out of range [c:/Users/adamj/Desktop/Vitis/Lab6/hdmi_text_controller/hdmi_text_controller.gen/sources_1/bd/hdmi_text_controller/ipshared/5fb0/src/hdmi_text_controller_v1_0_AXI.sv:265]
WARNING: [Synth 8-324] index 637 out of range [c:/Users/adamj/Desktop/Vitis/Lab6/hdmi_text_controller/hdmi_text_controller.gen/sources_1/bd/hdmi_text_controller/ipshared/5fb0/src/hdmi_text_controller_v1_0_AXI.sv:265]
WARNING: [Synth 8-324] index 638 out of range [c:/Users/adamj/Desktop/Vitis/Lab6/hdmi_text_controller/hdmi_text_controller.gen/sources_1/bd/hdmi_text_controller/ipshared/5fb0/src/hdmi_text_controller_v1_0_AXI.sv:265]
WARNING: [Synth 8-324] index 639 out of range [c:/Users/adamj/Desktop/Vitis/Lab6/hdmi_text_controller/hdmi_text_controller.gen/sources_1/bd/hdmi_text_controller/ipshared/5fb0/src/hdmi_text_controller_v1_0_AXI.sv:265]
WARNING: [Synth 8-324] index 640 out of range [c:/Users/adamj/Desktop/Vitis/Lab6/hdmi_text_controller/hdmi_text_controller.gen/sources_1/bd/hdmi_text_controller/ipshared/5fb0/src/hdmi_text_controller_v1_0_AXI.sv:265]
WARNING: [Synth 8-324] index 641 out of range [c:/Users/adamj/Desktop/Vitis/Lab6/hdmi_text_controller/hdmi_text_controller.gen/sources_1/bd/hdmi_text_controller/ipshared/5fb0/src/hdmi_text_controller_v1_0_AXI.sv:265]
WARNING: [Synth 8-324] index 642 out of range [c:/Users/adamj/Desktop/Vitis/Lab6/hdmi_text_controller/hdmi_text_controller.gen/sources_1/bd/hdmi_text_controller/ipshared/5fb0/src/hdmi_text_controller_v1_0_AXI.sv:265]
WARNING: [Synth 8-324] index 643 out of range [c:/Users/adamj/Desktop/Vitis/Lab6/hdmi_text_controller/hdmi_text_controller.gen/sources_1/bd/hdmi_text_controller/ipshared/5fb0/src/hdmi_text_controller_v1_0_AXI.sv:265]
WARNING: [Synth 8-324] index 644 out of range [c:/Users/adamj/Desktop/Vitis/Lab6/hdmi_text_controller/hdmi_text_controller.gen/sources_1/bd/hdmi_text_controller/ipshared/5fb0/src/hdmi_text_controller_v1_0_AXI.sv:265]
WARNING: [Synth 8-324] index 645 out of range [c:/Users/adamj/Desktop/Vitis/Lab6/hdmi_text_controller/hdmi_text_controller.gen/sources_1/bd/hdmi_text_controller/ipshared/5fb0/src/hdmi_text_controller_v1_0_AXI.sv:265]
WARNING: [Synth 8-324] index 646 out of range [c:/Users/adamj/Desktop/Vitis/Lab6/hdmi_text_controller/hdmi_text_controller.gen/sources_1/bd/hdmi_text_controller/ipshared/5fb0/src/hdmi_text_controller_v1_0_AXI.sv:265]
WARNING: [Synth 8-324] index 647 out of range [c:/Users/adamj/Desktop/Vitis/Lab6/hdmi_text_controller/hdmi_text_controller.gen/sources_1/bd/hdmi_text_controller/ipshared/5fb0/src/hdmi_text_controller_v1_0_AXI.sv:265]
WARNING: [Synth 8-324] index 648 out of range [c:/Users/adamj/Desktop/Vitis/Lab6/hdmi_text_controller/hdmi_text_controller.gen/sources_1/bd/hdmi_text_controller/ipshared/5fb0/src/hdmi_text_controller_v1_0_AXI.sv:265]
WARNING: [Synth 8-324] index 649 out of range [c:/Users/adamj/Desktop/Vitis/Lab6/hdmi_text_controller/hdmi_text_controller.gen/sources_1/bd/hdmi_text_controller/ipshared/5fb0/src/hdmi_text_controller_v1_0_AXI.sv:265]
WARNING: [Synth 8-324] index 650 out of range [c:/Users/adamj/Desktop/Vitis/Lab6/hdmi_text_controller/hdmi_text_controller.gen/sources_1/bd/hdmi_text_controller/ipshared/5fb0/src/hdmi_text_controller_v1_0_AXI.sv:265]
WARNING: [Synth 8-324] index 651 out of range [c:/Users/adamj/Desktop/Vitis/Lab6/hdmi_text_controller/hdmi_text_controller.gen/sources_1/bd/hdmi_text_controller/ipshared/5fb0/src/hdmi_text_controller_v1_0_AXI.sv:265]
WARNING: [Synth 8-324] index 652 out of range [c:/Users/adamj/Desktop/Vitis/Lab6/hdmi_text_controller/hdmi_text_controller.gen/sources_1/bd/hdmi_text_controller/ipshared/5fb0/src/hdmi_text_controller_v1_0_AXI.sv:265]
WARNING: [Synth 8-324] index 653 out of range [c:/Users/adamj/Desktop/Vitis/Lab6/hdmi_text_controller/hdmi_text_controller.gen/sources_1/bd/hdmi_text_controller/ipshared/5fb0/src/hdmi_text_controller_v1_0_AXI.sv:265]
WARNING: [Synth 8-324] index 654 out of range [c:/Users/adamj/Desktop/Vitis/Lab6/hdmi_text_controller/hdmi_text_controller.gen/sources_1/bd/hdmi_text_controller/ipshared/5fb0/src/hdmi_text_controller_v1_0_AXI.sv:265]
WARNING: [Synth 8-324] index 655 out of range [c:/Users/adamj/Desktop/Vitis/Lab6/hdmi_text_controller/hdmi_text_controller.gen/sources_1/bd/hdmi_text_controller/ipshared/5fb0/src/hdmi_text_controller_v1_0_AXI.sv:265]
WARNING: [Synth 8-324] index 656 out of range [c:/Users/adamj/Desktop/Vitis/Lab6/hdmi_text_controller/hdmi_text_controller.gen/sources_1/bd/hdmi_text_controller/ipshared/5fb0/src/hdmi_text_controller_v1_0_AXI.sv:265]
WARNING: [Synth 8-324] index 657 out of range [c:/Users/adamj/Desktop/Vitis/Lab6/hdmi_text_controller/hdmi_text_controller.gen/sources_1/bd/hdmi_text_controller/ipshared/5fb0/src/hdmi_text_controller_v1_0_AXI.sv:265]
WARNING: [Synth 8-324] index 658 out of range [c:/Users/adamj/Desktop/Vitis/Lab6/hdmi_text_controller/hdmi_text_controller.gen/sources_1/bd/hdmi_text_controller/ipshared/5fb0/src/hdmi_text_controller_v1_0_AXI.sv:265]
WARNING: [Synth 8-324] index 659 out of range [c:/Users/adamj/Desktop/Vitis/Lab6/hdmi_text_controller/hdmi_text_controller.gen/sources_1/bd/hdmi_text_controller/ipshared/5fb0/src/hdmi_text_controller_v1_0_AXI.sv:265]
WARNING: [Synth 8-324] index 660 out of range [c:/Users/adamj/Desktop/Vitis/Lab6/hdmi_text_controller/hdmi_text_controller.gen/sources_1/bd/hdmi_text_controller/ipshared/5fb0/src/hdmi_text_controller_v1_0_AXI.sv:265]
WARNING: [Synth 8-324] index 661 out of range [c:/Users/adamj/Desktop/Vitis/Lab6/hdmi_text_controller/hdmi_text_controller.gen/sources_1/bd/hdmi_text_controller/ipshared/5fb0/src/hdmi_text_controller_v1_0_AXI.sv:265]
WARNING: [Synth 8-324] index 662 out of range [c:/Users/adamj/Desktop/Vitis/Lab6/hdmi_text_controller/hdmi_text_controller.gen/sources_1/bd/hdmi_text_controller/ipshared/5fb0/src/hdmi_text_controller_v1_0_AXI.sv:265]
WARNING: [Synth 8-324] index 663 out of range [c:/Users/adamj/Desktop/Vitis/Lab6/hdmi_text_controller/hdmi_text_controller.gen/sources_1/bd/hdmi_text_controller/ipshared/5fb0/src/hdmi_text_controller_v1_0_AXI.sv:265]
WARNING: [Synth 8-324] index 664 out of range [c:/Users/adamj/Desktop/Vitis/Lab6/hdmi_text_controller/hdmi_text_controller.gen/sources_1/bd/hdmi_text_controller/ipshared/5fb0/src/hdmi_text_controller_v1_0_AXI.sv:265]
WARNING: [Synth 8-324] index 665 out of range [c:/Users/adamj/Desktop/Vitis/Lab6/hdmi_text_controller/hdmi_text_controller.gen/sources_1/bd/hdmi_text_controller/ipshared/5fb0/src/hdmi_text_controller_v1_0_AXI.sv:265]
WARNING: [Synth 8-324] index 666 out of range [c:/Users/adamj/Desktop/Vitis/Lab6/hdmi_text_controller/hdmi_text_controller.gen/sources_1/bd/hdmi_text_controller/ipshared/5fb0/src/hdmi_text_controller_v1_0_AXI.sv:265]
WARNING: [Synth 8-324] index 667 out of range [c:/Users/adamj/Desktop/Vitis/Lab6/hdmi_text_controller/hdmi_text_controller.gen/sources_1/bd/hdmi_text_controller/ipshared/5fb0/src/hdmi_text_controller_v1_0_AXI.sv:265]
WARNING: [Synth 8-324] index 668 out of range [c:/Users/adamj/Desktop/Vitis/Lab6/hdmi_text_controller/hdmi_text_controller.gen/sources_1/bd/hdmi_text_controller/ipshared/5fb0/src/hdmi_text_controller_v1_0_AXI.sv:265]
WARNING: [Synth 8-324] index 669 out of range [c:/Users/adamj/Desktop/Vitis/Lab6/hdmi_text_controller/hdmi_text_controller.gen/sources_1/bd/hdmi_text_controller/ipshared/5fb0/src/hdmi_text_controller_v1_0_AXI.sv:265]
WARNING: [Synth 8-324] index 670 out of range [c:/Users/adamj/Desktop/Vitis/Lab6/hdmi_text_controller/hdmi_text_controller.gen/sources_1/bd/hdmi_text_controller/ipshared/5fb0/src/hdmi_text_controller_v1_0_AXI.sv:265]
WARNING: [Synth 8-324] index 671 out of range [c:/Users/adamj/Desktop/Vitis/Lab6/hdmi_text_controller/hdmi_text_controller.gen/sources_1/bd/hdmi_text_controller/ipshared/5fb0/src/hdmi_text_controller_v1_0_AXI.sv:265]
WARNING: [Synth 8-324] index 672 out of range [c:/Users/adamj/Desktop/Vitis/Lab6/hdmi_text_controller/hdmi_text_controller.gen/sources_1/bd/hdmi_text_controller/ipshared/5fb0/src/hdmi_text_controller_v1_0_AXI.sv:265]
WARNING: [Synth 8-324] index 673 out of range [c:/Users/adamj/Desktop/Vitis/Lab6/hdmi_text_controller/hdmi_text_controller.gen/sources_1/bd/hdmi_text_controller/ipshared/5fb0/src/hdmi_text_controller_v1_0_AXI.sv:265]
WARNING: [Synth 8-324] index 674 out of range [c:/Users/adamj/Desktop/Vitis/Lab6/hdmi_text_controller/hdmi_text_controller.gen/sources_1/bd/hdmi_text_controller/ipshared/5fb0/src/hdmi_text_controller_v1_0_AXI.sv:265]
WARNING: [Synth 8-324] index 675 out of range [c:/Users/adamj/Desktop/Vitis/Lab6/hdmi_text_controller/hdmi_text_controller.gen/sources_1/bd/hdmi_text_controller/ipshared/5fb0/src/hdmi_text_controller_v1_0_AXI.sv:265]
WARNING: [Synth 8-324] index 676 out of range [c:/Users/adamj/Desktop/Vitis/Lab6/hdmi_text_controller/hdmi_text_controller.gen/sources_1/bd/hdmi_text_controller/ipshared/5fb0/src/hdmi_text_controller_v1_0_AXI.sv:265]
WARNING: [Synth 8-324] index 677 out of range [c:/Users/adamj/Desktop/Vitis/Lab6/hdmi_text_controller/hdmi_text_controller.gen/sources_1/bd/hdmi_text_controller/ipshared/5fb0/src/hdmi_text_controller_v1_0_AXI.sv:265]
WARNING: [Synth 8-324] index 678 out of range [c:/Users/adamj/Desktop/Vitis/Lab6/hdmi_text_controller/hdmi_text_controller.gen/sources_1/bd/hdmi_text_controller/ipshared/5fb0/src/hdmi_text_controller_v1_0_AXI.sv:265]
WARNING: [Synth 8-324] index 679 out of range [c:/Users/adamj/Desktop/Vitis/Lab6/hdmi_text_controller/hdmi_text_controller.gen/sources_1/bd/hdmi_text_controller/ipshared/5fb0/src/hdmi_text_controller_v1_0_AXI.sv:265]
WARNING: [Synth 8-324] index 680 out of range [c:/Users/adamj/Desktop/Vitis/Lab6/hdmi_text_controller/hdmi_text_controller.gen/sources_1/bd/hdmi_text_controller/ipshared/5fb0/src/hdmi_text_controller_v1_0_AXI.sv:265]
WARNING: [Synth 8-324] index 681 out of range [c:/Users/adamj/Desktop/Vitis/Lab6/hdmi_text_controller/hdmi_text_controller.gen/sources_1/bd/hdmi_text_controller/ipshared/5fb0/src/hdmi_text_controller_v1_0_AXI.sv:265]
WARNING: [Synth 8-324] index 682 out of range [c:/Users/adamj/Desktop/Vitis/Lab6/hdmi_text_controller/hdmi_text_controller.gen/sources_1/bd/hdmi_text_controller/ipshared/5fb0/src/hdmi_text_controller_v1_0_AXI.sv:265]
WARNING: [Synth 8-324] index 683 out of range [c:/Users/adamj/Desktop/Vitis/Lab6/hdmi_text_controller/hdmi_text_controller.gen/sources_1/bd/hdmi_text_controller/ipshared/5fb0/src/hdmi_text_controller_v1_0_AXI.sv:265]
WARNING: [Synth 8-324] index 684 out of range [c:/Users/adamj/Desktop/Vitis/Lab6/hdmi_text_controller/hdmi_text_controller.gen/sources_1/bd/hdmi_text_controller/ipshared/5fb0/src/hdmi_text_controller_v1_0_AXI.sv:265]
WARNING: [Synth 8-324] index 685 out of range [c:/Users/adamj/Desktop/Vitis/Lab6/hdmi_text_controller/hdmi_text_controller.gen/sources_1/bd/hdmi_text_controller/ipshared/5fb0/src/hdmi_text_controller_v1_0_AXI.sv:265]
WARNING: [Synth 8-324] index 686 out of range [c:/Users/adamj/Desktop/Vitis/Lab6/hdmi_text_controller/hdmi_text_controller.gen/sources_1/bd/hdmi_text_controller/ipshared/5fb0/src/hdmi_text_controller_v1_0_AXI.sv:265]
WARNING: [Synth 8-324] index 687 out of range [c:/Users/adamj/Desktop/Vitis/Lab6/hdmi_text_controller/hdmi_text_controller.gen/sources_1/bd/hdmi_text_controller/ipshared/5fb0/src/hdmi_text_controller_v1_0_AXI.sv:265]
WARNING: [Synth 8-324] index 688 out of range [c:/Users/adamj/Desktop/Vitis/Lab6/hdmi_text_controller/hdmi_text_controller.gen/sources_1/bd/hdmi_text_controller/ipshared/5fb0/src/hdmi_text_controller_v1_0_AXI.sv:265]
WARNING: [Synth 8-324] index 689 out of range [c:/Users/adamj/Desktop/Vitis/Lab6/hdmi_text_controller/hdmi_text_controller.gen/sources_1/bd/hdmi_text_controller/ipshared/5fb0/src/hdmi_text_controller_v1_0_AXI.sv:265]
WARNING: [Synth 8-324] index 690 out of range [c:/Users/adamj/Desktop/Vitis/Lab6/hdmi_text_controller/hdmi_text_controller.gen/sources_1/bd/hdmi_text_controller/ipshared/5fb0/src/hdmi_text_controller_v1_0_AXI.sv:265]
WARNING: [Synth 8-324] index 691 out of range [c:/Users/adamj/Desktop/Vitis/Lab6/hdmi_text_controller/hdmi_text_controller.gen/sources_1/bd/hdmi_text_controller/ipshared/5fb0/src/hdmi_text_controller_v1_0_AXI.sv:265]
WARNING: [Synth 8-324] index 692 out of range [c:/Users/adamj/Desktop/Vitis/Lab6/hdmi_text_controller/hdmi_text_controller.gen/sources_1/bd/hdmi_text_controller/ipshared/5fb0/src/hdmi_text_controller_v1_0_AXI.sv:265]
WARNING: [Synth 8-324] index 693 out of range [c:/Users/adamj/Desktop/Vitis/Lab6/hdmi_text_controller/hdmi_text_controller.gen/sources_1/bd/hdmi_text_controller/ipshared/5fb0/src/hdmi_text_controller_v1_0_AXI.sv:265]
WARNING: [Synth 8-324] index 694 out of range [c:/Users/adamj/Desktop/Vitis/Lab6/hdmi_text_controller/hdmi_text_controller.gen/sources_1/bd/hdmi_text_controller/ipshared/5fb0/src/hdmi_text_controller_v1_0_AXI.sv:265]
WARNING: [Synth 8-324] index 695 out of range [c:/Users/adamj/Desktop/Vitis/Lab6/hdmi_text_controller/hdmi_text_controller.gen/sources_1/bd/hdmi_text_controller/ipshared/5fb0/src/hdmi_text_controller_v1_0_AXI.sv:265]
WARNING: [Synth 8-324] index 696 out of range [c:/Users/adamj/Desktop/Vitis/Lab6/hdmi_text_controller/hdmi_text_controller.gen/sources_1/bd/hdmi_text_controller/ipshared/5fb0/src/hdmi_text_controller_v1_0_AXI.sv:265]
WARNING: [Synth 8-324] index 697 out of range [c:/Users/adamj/Desktop/Vitis/Lab6/hdmi_text_controller/hdmi_text_controller.gen/sources_1/bd/hdmi_text_controller/ipshared/5fb0/src/hdmi_text_controller_v1_0_AXI.sv:265]
WARNING: [Synth 8-324] index 698 out of range [c:/Users/adamj/Desktop/Vitis/Lab6/hdmi_text_controller/hdmi_text_controller.gen/sources_1/bd/hdmi_text_controller/ipshared/5fb0/src/hdmi_text_controller_v1_0_AXI.sv:265]
WARNING: [Synth 8-324] index 699 out of range [c:/Users/adamj/Desktop/Vitis/Lab6/hdmi_text_controller/hdmi_text_controller.gen/sources_1/bd/hdmi_text_controller/ipshared/5fb0/src/hdmi_text_controller_v1_0_AXI.sv:265]
WARNING: [Synth 8-324] index 700 out of range [c:/Users/adamj/Desktop/Vitis/Lab6/hdmi_text_controller/hdmi_text_controller.gen/sources_1/bd/hdmi_text_controller/ipshared/5fb0/src/hdmi_text_controller_v1_0_AXI.sv:265]
WARNING: [Synth 8-324] index 701 out of range [c:/Users/adamj/Desktop/Vitis/Lab6/hdmi_text_controller/hdmi_text_controller.gen/sources_1/bd/hdmi_text_controller/ipshared/5fb0/src/hdmi_text_controller_v1_0_AXI.sv:265]
WARNING: [Synth 8-324] index 702 out of range [c:/Users/adamj/Desktop/Vitis/Lab6/hdmi_text_controller/hdmi_text_controller.gen/sources_1/bd/hdmi_text_controller/ipshared/5fb0/src/hdmi_text_controller_v1_0_AXI.sv:265]
WARNING: [Synth 8-324] index 703 out of range [c:/Users/adamj/Desktop/Vitis/Lab6/hdmi_text_controller/hdmi_text_controller.gen/sources_1/bd/hdmi_text_controller/ipshared/5fb0/src/hdmi_text_controller_v1_0_AXI.sv:265]
INFO: [Common 17-14] Message 'Synth 8-324' appears 100 times and further instances of the messages will be disabled. Use the Tcl command set_msg_config to change the current settings.
INFO: [Synth 8-6155] done synthesizing module 'hdmi_text_controller_v1_0_AXI' (0#1) [c:/Users/adamj/Desktop/Vitis/Lab6/hdmi_text_controller/hdmi_text_controller.gen/sources_1/bd/hdmi_text_controller/ipshared/5fb0/src/hdmi_text_controller_v1_0_AXI.sv:28]
INFO: [Synth 8-6157] synthesizing module 'vga_controller' [c:/Users/adamj/Desktop/Vitis/Lab6/hdmi_text_controller/hdmi_text_controller.gen/sources_1/bd/hdmi_text_controller/ipshared/5fb0/src/VGA_controller.sv:26]
INFO: [Synth 8-6155] done synthesizing module 'vga_controller' (0#1) [c:/Users/adamj/Desktop/Vitis/Lab6/hdmi_text_controller/hdmi_text_controller.gen/sources_1/bd/hdmi_text_controller/ipshared/5fb0/src/VGA_controller.sv:26]
WARNING: [Synth 8-7071] port 'sync' of module 'vga_controller' is unconnected for instance 'vga' [c:/Users/adamj/Desktop/Vitis/Lab6/hdmi_text_controller/hdmi_text_controller.gen/sources_1/bd/hdmi_text_controller/ipshared/5fb0/src/hdmi_text_controller_v1_0.sv:107]
WARNING: [Synth 8-7023] instance 'vga' of module 'vga_controller' has 8 connections declared, but only 7 given [c:/Users/adamj/Desktop/Vitis/Lab6/hdmi_text_controller/hdmi_text_controller.gen/sources_1/bd/hdmi_text_controller/ipshared/5fb0/src/hdmi_text_controller_v1_0.sv:107]
INFO: [Synth 8-6157] synthesizing module 'hdmi_tx_0' [c:/Users/adamj/Desktop/Vitis/Lab6/hdmi_text_controller/hdmi_text_controller.gen/sources_1/bd/hdmi_text_controller/ip/hdmi_text_controller_hdmi_text_controller_0_1/src/hdmi_tx_0/synth/hdmi_tx_0.v:53]
INFO: [Synth 8-6157] synthesizing module 'hdmi_tx_v1_0' [c:/Users/adamj/Desktop/Vitis/Lab6/hdmi_text_controller/hdmi_text_controller.gen/sources_1/bd/hdmi_text_controller/ip/hdmi_text_controller_hdmi_text_controller_0_1/src/hdmi_tx_0/hdl/hdmi_tx_v1_0.v:70]
INFO: [Synth 8-6157] synthesizing module 'srldelay' [c:/Users/adamj/Desktop/Vitis/Lab6/hdmi_text_controller/hdmi_text_controller.gen/sources_1/bd/hdmi_text_controller/ip/hdmi_text_controller_hdmi_text_controller_0_1/src/hdmi_tx_0/hdl/srldelay.v:70]
INFO: [Synth 8-6157] synthesizing module 'SRL16E' [C:/Xilinx/Vivado/2022.2/scripts/rt/data/unisim_comp.v:131644]
INFO: [Synth 8-6155] done synthesizing module 'SRL16E' (0#1) [C:/Xilinx/Vivado/2022.2/scripts/rt/data/unisim_comp.v:131644]
INFO: [Synth 8-6155] done synthesizing module 'srldelay' (0#1) [c:/Users/adamj/Desktop/Vitis/Lab6/hdmi_text_controller/hdmi_text_controller.gen/sources_1/bd/hdmi_text_controller/ip/hdmi_text_controller_hdmi_text_controller_0_1/src/hdmi_tx_0/hdl/srldelay.v:70]
INFO: [Synth 8-6157] synthesizing module 'encode' [c:/Users/adamj/Desktop/Vitis/Lab6/hdmi_text_controller/hdmi_text_controller.gen/sources_1/bd/hdmi_text_controller/ip/hdmi_text_controller_hdmi_text_controller_0_1/src/hdmi_tx_0/hdl/encode.v:79]
INFO: [Synth 8-6155] done synthesizing module 'encode' (0#1) [c:/Users/adamj/Desktop/Vitis/Lab6/hdmi_text_controller/hdmi_text_controller.gen/sources_1/bd/hdmi_text_controller/ip/hdmi_text_controller_hdmi_text_controller_0_1/src/hdmi_tx_0/hdl/encode.v:79]
INFO: [Synth 8-6157] synthesizing module 'encode__parameterized0' [c:/Users/adamj/Desktop/Vitis/Lab6/hdmi_text_controller/hdmi_text_controller.gen/sources_1/bd/hdmi_text_controller/ip/hdmi_text_controller_hdmi_text_controller_0_1/src/hdmi_tx_0/hdl/encode.v:79]
INFO: [Synth 8-6155] done synthesizing module 'encode__parameterized0' (0#1) [c:/Users/adamj/Desktop/Vitis/Lab6/hdmi_text_controller/hdmi_text_controller.gen/sources_1/bd/hdmi_text_controller/ip/hdmi_text_controller_hdmi_text_controller_0_1/src/hdmi_tx_0/hdl/encode.v:79]
INFO: [Synth 8-6157] synthesizing module 'encode__parameterized1' [c:/Users/adamj/Desktop/Vitis/Lab6/hdmi_text_controller/hdmi_text_controller.gen/sources_1/bd/hdmi_text_controller/ip/hdmi_text_controller_hdmi_text_controller_0_1/src/hdmi_tx_0/hdl/encode.v:79]
INFO: [Synth 8-6155] done synthesizing module 'encode__parameterized1' (0#1) [c:/Users/adamj/Desktop/Vitis/Lab6/hdmi_text_controller/hdmi_text_controller.gen/sources_1/bd/hdmi_text_controller/ip/hdmi_text_controller_hdmi_text_controller_0_1/src/hdmi_tx_0/hdl/encode.v:79]
INFO: [Synth 8-6157] synthesizing module 'serdes_10_to_1' [c:/Users/adamj/Desktop/Vitis/Lab6/hdmi_text_controller/hdmi_text_controller.gen/sources_1/bd/hdmi_text_controller/ip/hdmi_text_controller_hdmi_text_controller_0_1/src/hdmi_tx_0/hdl/serdes_10_to_1.v:43]
INFO: [Synth 8-6157] synthesizing module 'OSERDESE2' [C:/Xilinx/Vivado/2022.2/scripts/rt/data/unisim_comp.v:94875]
INFO: [Synth 8-6155] done synthesizing module 'OSERDESE2' (0#1) [C:/Xilinx/Vivado/2022.2/scripts/rt/data/unisim_comp.v:94875]
INFO: [Synth 8-6157] synthesizing module 'OSERDESE2__parameterized0' [C:/Xilinx/Vivado/2022.2/scripts/rt/data/unisim_comp.v:94875]
INFO: [Synth 8-6155] done synthesizing module 'OSERDESE2__parameterized0' (0#1) [C:/Xilinx/Vivado/2022.2/scripts/rt/data/unisim_comp.v:94875]
INFO: [Synth 8-6155] done synthesizing module 'serdes_10_to_1' (0#1) [c:/Users/adamj/Desktop/Vitis/Lab6/hdmi_text_controller/hdmi_text_controller.gen/sources_1/bd/hdmi_text_controller/ip/hdmi_text_controller_hdmi_text_controller_0_1/src/hdmi_tx_0/hdl/serdes_10_to_1.v:43]
INFO: [Synth 8-6157] synthesizing module 'OBUFDS' [C:/Xilinx/Vivado/2022.2/scripts/rt/data/unisim_comp.v:90676]
INFO: [Synth 8-6155] done synthesizing module 'OBUFDS' (0#1) [C:/Xilinx/Vivado/2022.2/scripts/rt/data/unisim_comp.v:90676]
INFO: [Synth 8-6155] done synthesizing module 'hdmi_tx_v1_0' (0#1) [c:/Users/adamj/Desktop/Vitis/Lab6/hdmi_text_controller/hdmi_text_controller.gen/sources_1/bd/hdmi_text_controller/ip/hdmi_text_controller_hdmi_text_controller_0_1/src/hdmi_tx_0/hdl/hdmi_tx_v1_0.v:70]
INFO: [Synth 8-6155] done synthesizing module 'hdmi_tx_0' (0#1) [c:/Users/adamj/Desktop/Vitis/Lab6/hdmi_text_controller/hdmi_text_controller.gen/sources_1/bd/hdmi_text_controller/ip/hdmi_text_controller_hdmi_text_controller_0_1/src/hdmi_tx_0/synth/hdmi_tx_0.v:53]
WARNING: [Synth 8-689] width (1) of port connection 'TMDS_DATA_P' does not match port width (3) of module 'hdmi_tx_0' [c:/Users/adamj/Desktop/Vitis/Lab6/hdmi_text_controller/hdmi_text_controller.gen/sources_1/bd/hdmi_text_controller/ipshared/5fb0/src/hdmi_text_controller_v1_0.sv:144]
WARNING: [Synth 8-689] width (1) of port connection 'TMDS_DATA_N' does not match port width (3) of module 'hdmi_tx_0' [c:/Users/adamj/Desktop/Vitis/Lab6/hdmi_text_controller/hdmi_text_controller.gen/sources_1/bd/hdmi_text_controller/ipshared/5fb0/src/hdmi_text_controller_v1_0.sv:145]
INFO: [Synth 8-6157] synthesizing module 'clk_wiz_0' [c:/Users/adamj/Desktop/Vitis/Lab6/hdmi_text_controller/hdmi_text_controller.gen/sources_1/bd/hdmi_text_controller/ip/hdmi_text_controller_hdmi_text_controller_0_1/src/clk_wiz_0/clk_wiz_0.v:69]
INFO: [Synth 8-6157] synthesizing module 'clk_wiz_0_clk_wiz' [c:/Users/adamj/Desktop/Vitis/Lab6/hdmi_text_controller/hdmi_text_controller.gen/sources_1/bd/hdmi_text_controller/ip/hdmi_text_controller_hdmi_text_controller_0_1/src/clk_wiz_0/clk_wiz_0_clk_wiz.v:69]
INFO: [Synth 8-6157] synthesizing module 'IBUF' [C:/Xilinx/Vivado/2022.2/scripts/rt/data/unisim_comp.v:71326]
INFO: [Synth 8-6155] done synthesizing module 'IBUF' (0#1) [C:/Xilinx/Vivado/2022.2/scripts/rt/data/unisim_comp.v:71326]
INFO: [Synth 8-6157] synthesizing module 'MMCME2_ADV' [C:/Xilinx/Vivado/2022.2/scripts/rt/data/unisim_comp.v:79852]
INFO: [Synth 8-6155] done synthesizing module 'MMCME2_ADV' (0#1) [C:/Xilinx/Vivado/2022.2/scripts/rt/data/unisim_comp.v:79852]
INFO: [Synth 8-6157] synthesizing module 'BUFG' [C:/Xilinx/Vivado/2022.2/scripts/rt/data/unisim_comp.v:1082]
INFO: [Synth 8-6155] done synthesizing module 'BUFG' (0#1) [C:/Xilinx/Vivado/2022.2/scripts/rt/data/unisim_comp.v:1082]
INFO: [Synth 8-6155] done synthesizing module 'clk_wiz_0_clk_wiz' (0#1) [c:/Users/adamj/Desktop/Vitis/Lab6/hdmi_text_controller/hdmi_text_controller.gen/sources_1/bd/hdmi_text_controller/ip/hdmi_text_controller_hdmi_text_controller_0_1/src/clk_wiz_0/clk_wiz_0_clk_wiz.v:69]
INFO: [Synth 8-6155] done synthesizing module 'clk_wiz_0' (0#1) [c:/Users/adamj/Desktop/Vitis/Lab6/hdmi_text_controller/hdmi_text_controller.gen/sources_1/bd/hdmi_text_controller/ip/hdmi_text_controller_hdmi_text_controller_0_1/src/clk_wiz_0/clk_wiz_0.v:69]
INFO: [Synth 8-6157] synthesizing module 'color_mapper' [c:/Users/adamj/Desktop/Vitis/Lab6/hdmi_text_controller/hdmi_text_controller.gen/sources_1/bd/hdmi_text_controller/ipshared/5fb0/src/Color_Mapper.sv:16]
INFO: [Synth 8-6157] synthesizing module 'font_rom' [c:/Users/adamj/Desktop/Vitis/Lab6/hdmi_text_controller/hdmi_text_controller.gen/sources_1/bd/hdmi_text_controller/ipshared/5fb0/src/font_rom.sv:1]
INFO: [Synth 8-6155] done synthesizing module 'font_rom' (0#1) [c:/Users/adamj/Desktop/Vitis/Lab6/hdmi_text_controller/hdmi_text_controller.gen/sources_1/bd/hdmi_text_controller/ipshared/5fb0/src/font_rom.sv:1]
INFO: [Synth 8-6155] done synthesizing module 'color_mapper' (0#1) [c:/Users/adamj/Desktop/Vitis/Lab6/hdmi_text_controller/hdmi_text_controller.gen/sources_1/bd/hdmi_text_controller/ipshared/5fb0/src/Color_Mapper.sv:16]
INFO: [Synth 8-6155] done synthesizing module 'hdmi_text_controller_v1_0' (0#1) [c:/Users/adamj/Desktop/Vitis/Lab6/hdmi_text_controller/hdmi_text_controller.gen/sources_1/bd/hdmi_text_controller/ipshared/5fb0/src/hdmi_text_controller_v1_0.sv:10]
ERROR: [Synth 8-448] named port connection 'fooreg' does not exist for instance 'inst' of module 'hdmi_text_controller_v1_0' [c:/Users/adamj/Desktop/Vitis/Lab6/hdmi_text_controller/hdmi_text_controller.gen/sources_1/bd/hdmi_text_controller/ip/hdmi_text_controller_hdmi_text_controller_0_1/synth/hdmi_text_controller_hdmi_text_controller_0_1.sv:175]
ERROR: [Synth 8-6156] failed synthesizing module 'hdmi_text_controller_hdmi_text_controller_0_1' [c:/Users/adamj/Desktop/Vitis/Lab6/hdmi_text_controller/hdmi_text_controller.gen/sources_1/bd/hdmi_text_controller/ip/hdmi_text_controller_hdmi_text_controller_0_1/synth/hdmi_text_controller_hdmi_text_controller_0_1.sv:53]
---------------------------------------------------------------------------------
Finished RTL Elaboration : Time (s): cpu = 00:00:10 ; elapsed = 00:00:11 . Memory (MB): peak = 1939.617 ; gain = 532.125
---------------------------------------------------------------------------------
RTL Elaboration failed
INFO: [Common 17-83] Releasing license: Synthesis
60 Infos, 112 Warnings, 0 Critical Warnings and 3 Errors encountered.
synth_design failed
ERROR: [Common 17-69] Command failed: Synthesis failed - please see the console or run log file for details
INFO: [Common 17-206] Exiting Vivado at Tue Jul 28 17:16:39 2026...
