
*** Running vivado
    with args -log hdmi_text_controller_ilmb_v10_2.vds -m64 -product Vivado -mode batch -messageDb vivado.pb -notrace -source hdmi_text_controller_ilmb_v10_2.tcl



****** Vivado v2022.2 (64-bit)
  **** SW Build 3671981 on Fri Oct 14 05:00:03 MDT 2022
  **** IP Build 3669848 on Fri Oct 14 08:30:02 MDT 2022
    ** Copyright 1986-2022 Xilinx, Inc. All Rights Reserved.

source hdmi_text_controller_ilmb_v10_2.tcl -notrace
create_project: Time (s): cpu = 00:00:12 ; elapsed = 00:00:12 . Memory (MB): peak = 1001.078 ; gain = 117.480
INFO: [IP_Flow 19-234] Refreshing IP repositories
INFO: [IP_Flow 19-1700] Loaded user IP repository 'c:/Users/adamj/Desktop/Vitis/Lab6/ip_repo/hdmi_text_controller_1_0'.
INFO: [IP_Flow 19-1700] Loaded user IP repository 'c:/Users/adamj/Desktop/Vitis/Lab6/ip_repo/RD_hdmi_ip2020'.
INFO: [IP_Flow 19-2313] Loaded Vivado IP repository 'C:/Xilinx/Vivado/2022.2/data/ip'.
WARNING: [IP_Flow 19-4995] The host OS only allows 260 characters in a normal path. The IP cache path is more than 80 characters. If you experience issues with IP caching, please consider changing the IP cache to a location with a shorter path. Alternately consider using the OS subst command to map part of the path to a drive letter. 
Current IP cache path is c:/Users/adamj/Desktop/Vitis/Lab6/hdmi_text_controller/hdmi_text_controller.cache/ip 
INFO: [IP_Flow 19-6924] IPCACHE: Running cache check for IP inst: hdmi_text_controller_ilmb_v10_2
INFO: [IP_Flow 19-6922] IPCACHE: Exporting cached entry 8b859a7611e3417d to dir: C:/Users/adamj/Desktop/Vitis/Lab6/hdmi_text_controller/hdmi_text_controller.runs/hdmi_text_controller_ilmb_v10_2_synth_1
INFO: [IP_Flow 19-6928] IPCACHE: copied cached file c:/Users/adamj/Desktop/Vitis/Lab6/hdmi_text_controller/hdmi_text_controller.cache/ip/2022.2/8/b/8b859a7611e3417d/hdmi_text_controller_dlmb_v10_2.dcp to C:/Users/adamj/Desktop/Vitis/Lab6/hdmi_text_controller/hdmi_text_controller.runs/hdmi_text_controller_ilmb_v10_2_synth_1/hdmi_text_controller_ilmb_v10_2.dcp.
INFO: [IP_Flow 19-6928] IPCACHE: copied cached file c:/Users/adamj/Desktop/Vitis/Lab6/hdmi_text_controller/hdmi_text_controller.cache/ip/2022.2/8/b/8b859a7611e3417d/hdmi_text_controller_dlmb_v10_2_sim_netlist.v to C:/Users/adamj/Desktop/Vitis/Lab6/hdmi_text_controller/hdmi_text_controller.runs/hdmi_text_controller_ilmb_v10_2_synth_1/hdmi_text_controller_ilmb_v10_2_sim_netlist.v.
INFO: [IP_Flow 19-6928] IPCACHE: copied cached file c:/Users/adamj/Desktop/Vitis/Lab6/hdmi_text_controller/hdmi_text_controller.cache/ip/2022.2/8/b/8b859a7611e3417d/hdmi_text_controller_dlmb_v10_2_sim_netlist.vhdl to C:/Users/adamj/Desktop/Vitis/Lab6/hdmi_text_controller/hdmi_text_controller.runs/hdmi_text_controller_ilmb_v10_2_synth_1/hdmi_text_controller_ilmb_v10_2_sim_netlist.vhdl.
INFO: [IP_Flow 19-6928] IPCACHE: copied cached file c:/Users/adamj/Desktop/Vitis/Lab6/hdmi_text_controller/hdmi_text_controller.cache/ip/2022.2/8/b/8b859a7611e3417d/hdmi_text_controller_dlmb_v10_2_stub.v to C:/Users/adamj/Desktop/Vitis/Lab6/hdmi_text_controller/hdmi_text_controller.runs/hdmi_text_controller_ilmb_v10_2_synth_1/hdmi_text_controller_ilmb_v10_2_stub.v.
INFO: [IP_Flow 19-6928] IPCACHE: copied cached file c:/Users/adamj/Desktop/Vitis/Lab6/hdmi_text_controller/hdmi_text_controller.cache/ip/2022.2/8/b/8b859a7611e3417d/hdmi_text_controller_dlmb_v10_2_stub.vhdl to C:/Users/adamj/Desktop/Vitis/Lab6/hdmi_text_controller/hdmi_text_controller.runs/hdmi_text_controller_ilmb_v10_2_synth_1/hdmi_text_controller_ilmb_v10_2_stub.vhdl.
INFO: [IP_Flow 19-4838] Using cached IP synthesis design for IP hdmi_text_controller_ilmb_v10_2, cache-ID = 8b859a7611e3417d.
INFO: [Common 17-206] Exiting Vivado at Tue Jul 28 17:14:36 2026...
