
*** Running vivado
    with args -log hdmi_text_controller_wrapper.vdi -applog -m64 -product Vivado -messageDb vivado.pb -mode batch -source hdmi_text_controller_wrapper.tcl -notrace



****** Vivado v2022.2 (64-bit)
  **** SW Build 3671981 on Fri Oct 14 05:00:03 MDT 2022
  **** IP Build 3669848 on Fri Oct 14 08:30:02 MDT 2022
    ** Copyright 1986-2022 Xilinx, Inc. All Rights Reserved.

source hdmi_text_controller_wrapper.tcl -notrace
create_project: Time (s): cpu = 00:00:14 ; elapsed = 00:00:16 . Memory (MB): peak = 1002.477 ; gain = 118.504
INFO: [IP_Flow 19-234] Refreshing IP repositories
INFO: [IP_Flow 19-1704] No user IP repositories specified
INFO: [IP_Flow 19-2313] Loaded Vivado IP repository 'C:/Xilinx/Vivado/2022.2/data/ip'.
Command: link_design -top hdmi_text_controller_wrapper -part xc7s50csga324-1
Design is defaulting to srcset: sources_1
Design is defaulting to constrset: constrs_1
INFO: [Device 21-403] Loading part xc7s50csga324-1
INFO: [Project 1-454] Reading design checkpoint 'c:/Users/adamj/Desktop/Vitis/Lab6/hdmi_text_controller_2/hdmi_text_controller_2.gen/sources_1/bd/hdmi_text_controller/ip/hdmi_text_controller_axi_uartlite_0_0/hdmi_text_controller_axi_uartlite_0_0.dcp' for cell 'hdmi_text_controller_i/axi_uartlite_0'
INFO: [Project 1-454] Reading design checkpoint 'c:/Users/adamj/Desktop/Vitis/Lab6/hdmi_text_controller_2/hdmi_text_controller_2.gen/sources_1/bd/hdmi_text_controller/ip/hdmi_text_controller_clk_wiz_1_0/hdmi_text_controller_clk_wiz_1_0.dcp' for cell 'hdmi_text_controller_i/clk_wiz_1'
INFO: [Project 1-454] Reading design checkpoint 'c:/Users/adamj/Desktop/Vitis/Lab6/hdmi_text_controller_2/hdmi_text_controller_2.gen/sources_1/bd/hdmi_text_controller/ip/hdmi_text_controller_mdm_1_0/hdmi_text_controller_mdm_1_0.dcp' for cell 'hdmi_text_controller_i/mdm_1'
INFO: [Project 1-454] Reading design checkpoint 'c:/Users/adamj/Desktop/Vitis/Lab6/hdmi_text_controller_2/hdmi_text_controller_2.gen/sources_1/bd/hdmi_text_controller/ip/hdmi_text_controller_microblaze_0_0/hdmi_text_controller_microblaze_0_0.dcp' for cell 'hdmi_text_controller_i/microblaze_0'
INFO: [Project 1-454] Reading design checkpoint 'c:/Users/adamj/Desktop/Vitis/Lab6/hdmi_text_controller_2/hdmi_text_controller_2.gen/sources_1/bd/hdmi_text_controller/ip/hdmi_text_controller_microblaze_0_axi_intc_0/hdmi_text_controller_microblaze_0_axi_intc_0.dcp' for cell 'hdmi_text_controller_i/microblaze_0_axi_intc'
INFO: [Project 1-454] Reading design checkpoint 'c:/Users/adamj/Desktop/Vitis/Lab6/hdmi_text_controller_2/hdmi_text_controller_2.gen/sources_1/bd/hdmi_text_controller/ip/hdmi_text_controller_rst_clk_wiz_1_100M_0/hdmi_text_controller_rst_clk_wiz_1_100M_0.dcp' for cell 'hdmi_text_controller_i/rst_clk_wiz_1_100M'
INFO: [Project 1-454] Reading design checkpoint 'c:/Users/adamj/Desktop/Vitis/Lab6/hdmi_text_controller_2/hdmi_text_controller_2.gen/sources_1/bd/hdmi_text_controller/ip/hdmi_text_controller_xbar_0/hdmi_text_controller_xbar_0.dcp' for cell 'hdmi_text_controller_i/microblaze_0_axi_periph/xbar'
INFO: [Project 1-454] Reading design checkpoint 'c:/Users/adamj/Desktop/Vitis/Lab6/hdmi_text_controller_2/hdmi_text_controller_2.gen/sources_1/bd/hdmi_text_controller/ip/hdmi_text_controller_dlmb_bram_if_cntlr_0/hdmi_text_controller_dlmb_bram_if_cntlr_0.dcp' for cell 'hdmi_text_controller_i/microblaze_0_local_memory/dlmb_bram_if_cntlr'
INFO: [Project 1-454] Reading design checkpoint 'c:/Users/adamj/Desktop/Vitis/Lab6/hdmi_text_controller_2/hdmi_text_controller_2.gen/sources_1/bd/hdmi_text_controller/ip/hdmi_text_controller_dlmb_v10_0/hdmi_text_controller_dlmb_v10_0.dcp' for cell 'hdmi_text_controller_i/microblaze_0_local_memory/dlmb_v10'
INFO: [Project 1-454] Reading design checkpoint 'c:/Users/adamj/Desktop/Vitis/Lab6/hdmi_text_controller_2/hdmi_text_controller_2.gen/sources_1/bd/hdmi_text_controller/ip/hdmi_text_controller_ilmb_bram_if_cntlr_0/hdmi_text_controller_ilmb_bram_if_cntlr_0.dcp' for cell 'hdmi_text_controller_i/microblaze_0_local_memory/ilmb_bram_if_cntlr'
INFO: [Project 1-454] Reading design checkpoint 'c:/Users/adamj/Desktop/Vitis/Lab6/hdmi_text_controller_2/hdmi_text_controller_2.gen/sources_1/bd/hdmi_text_controller/ip/hdmi_text_controller_ilmb_v10_0/hdmi_text_controller_ilmb_v10_0.dcp' for cell 'hdmi_text_controller_i/microblaze_0_local_memory/ilmb_v10'
INFO: [Project 1-454] Reading design checkpoint 'c:/Users/adamj/Desktop/Vitis/Lab6/hdmi_text_controller_2/hdmi_text_controller_2.gen/sources_1/bd/hdmi_text_controller/ip/hdmi_text_controller_lmb_bram_0/hdmi_text_controller_lmb_bram_0.dcp' for cell 'hdmi_text_controller_i/microblaze_0_local_memory/lmb_bram'
Netlist sorting complete. Time (s): cpu = 00:00:00 ; elapsed = 00:00:00.325 . Memory (MB): peak = 1497.324 ; gain = 0.000
INFO: [Netlist 29-17] Analyzing 348 Unisim elements for replacement
INFO: [Netlist 29-28] Unisim Transformation completed in 1 CPU seconds
INFO: [Project 1-479] Netlist was created with Vivado 2022.2
INFO: [Project 1-570] Preparing netlist for logic optimization
Parsing XDC File [c:/Users/adamj/Desktop/Vitis/Lab6/hdmi_text_controller_2/hdmi_text_controller_2.gen/sources_1/bd/hdmi_text_controller/ip/hdmi_text_controller_microblaze_0_0/hdmi_text_controller_microblaze_0_0.xdc] for cell 'hdmi_text_controller_i/microblaze_0/U0'
Finished Parsing XDC File [c:/Users/adamj/Desktop/Vitis/Lab6/hdmi_text_controller_2/hdmi_text_controller_2.gen/sources_1/bd/hdmi_text_controller/ip/hdmi_text_controller_microblaze_0_0/hdmi_text_controller_microblaze_0_0.xdc] for cell 'hdmi_text_controller_i/microblaze_0/U0'
Parsing XDC File [c:/Users/adamj/Desktop/Vitis/Lab6/hdmi_text_controller_2/hdmi_text_controller_2.gen/sources_1/bd/hdmi_text_controller/ip/hdmi_text_controller_microblaze_0_axi_intc_0/hdmi_text_controller_microblaze_0_axi_intc_0.xdc] for cell 'hdmi_text_controller_i/microblaze_0_axi_intc/U0'
Finished Parsing XDC File [c:/Users/adamj/Desktop/Vitis/Lab6/hdmi_text_controller_2/hdmi_text_controller_2.gen/sources_1/bd/hdmi_text_controller/ip/hdmi_text_controller_microblaze_0_axi_intc_0/hdmi_text_controller_microblaze_0_axi_intc_0.xdc] for cell 'hdmi_text_controller_i/microblaze_0_axi_intc/U0'
Parsing XDC File [c:/Users/adamj/Desktop/Vitis/Lab6/hdmi_text_controller_2/hdmi_text_controller_2.gen/sources_1/bd/hdmi_text_controller/ip/hdmi_text_controller_clk_wiz_1_0/hdmi_text_controller_clk_wiz_1_0_board.xdc] for cell 'hdmi_text_controller_i/clk_wiz_1/inst'
Finished Parsing XDC File [c:/Users/adamj/Desktop/Vitis/Lab6/hdmi_text_controller_2/hdmi_text_controller_2.gen/sources_1/bd/hdmi_text_controller/ip/hdmi_text_controller_clk_wiz_1_0/hdmi_text_controller_clk_wiz_1_0_board.xdc] for cell 'hdmi_text_controller_i/clk_wiz_1/inst'
Parsing XDC File [c:/Users/adamj/Desktop/Vitis/Lab6/hdmi_text_controller_2/hdmi_text_controller_2.gen/sources_1/bd/hdmi_text_controller/ip/hdmi_text_controller_clk_wiz_1_0/hdmi_text_controller_clk_wiz_1_0.xdc] for cell 'hdmi_text_controller_i/clk_wiz_1/inst'
INFO: [Timing 38-35] Done setting XDC timing constraints. [c:/Users/adamj/Desktop/Vitis/Lab6/hdmi_text_controller_2/hdmi_text_controller_2.gen/sources_1/bd/hdmi_text_controller/ip/hdmi_text_controller_clk_wiz_1_0/hdmi_text_controller_clk_wiz_1_0.xdc:57]
INFO: [Timing 38-2] Deriving generated clocks [c:/Users/adamj/Desktop/Vitis/Lab6/hdmi_text_controller_2/hdmi_text_controller_2.gen/sources_1/bd/hdmi_text_controller/ip/hdmi_text_controller_clk_wiz_1_0/hdmi_text_controller_clk_wiz_1_0.xdc:57]
get_clocks: Time (s): cpu = 00:00:14 ; elapsed = 00:00:14 . Memory (MB): peak = 2071.465 ; gain = 442.035
Finished Parsing XDC File [c:/Users/adamj/Desktop/Vitis/Lab6/hdmi_text_controller_2/hdmi_text_controller_2.gen/sources_1/bd/hdmi_text_controller/ip/hdmi_text_controller_clk_wiz_1_0/hdmi_text_controller_clk_wiz_1_0.xdc] for cell 'hdmi_text_controller_i/clk_wiz_1/inst'
Parsing XDC File [c:/Users/adamj/Desktop/Vitis/Lab6/hdmi_text_controller_2/hdmi_text_controller_2.gen/sources_1/bd/hdmi_text_controller/ip/hdmi_text_controller_rst_clk_wiz_1_100M_0/hdmi_text_controller_rst_clk_wiz_1_100M_0_board.xdc] for cell 'hdmi_text_controller_i/rst_clk_wiz_1_100M/U0'
Finished Parsing XDC File [c:/Users/adamj/Desktop/Vitis/Lab6/hdmi_text_controller_2/hdmi_text_controller_2.gen/sources_1/bd/hdmi_text_controller/ip/hdmi_text_controller_rst_clk_wiz_1_100M_0/hdmi_text_controller_rst_clk_wiz_1_100M_0_board.xdc] for cell 'hdmi_text_controller_i/rst_clk_wiz_1_100M/U0'
Parsing XDC File [c:/Users/adamj/Desktop/Vitis/Lab6/hdmi_text_controller_2/hdmi_text_controller_2.gen/sources_1/bd/hdmi_text_controller/ip/hdmi_text_controller_rst_clk_wiz_1_100M_0/hdmi_text_controller_rst_clk_wiz_1_100M_0.xdc] for cell 'hdmi_text_controller_i/rst_clk_wiz_1_100M/U0'
Finished Parsing XDC File [c:/Users/adamj/Desktop/Vitis/Lab6/hdmi_text_controller_2/hdmi_text_controller_2.gen/sources_1/bd/hdmi_text_controller/ip/hdmi_text_controller_rst_clk_wiz_1_100M_0/hdmi_text_controller_rst_clk_wiz_1_100M_0.xdc] for cell 'hdmi_text_controller_i/rst_clk_wiz_1_100M/U0'
Parsing XDC File [c:/Users/adamj/Desktop/Vitis/Lab6/hdmi_text_controller_2/hdmi_text_controller_2.gen/sources_1/bd/hdmi_text_controller/ip/hdmi_text_controller_axi_uartlite_0_0/hdmi_text_controller_axi_uartlite_0_0_board.xdc] for cell 'hdmi_text_controller_i/axi_uartlite_0/U0'
Finished Parsing XDC File [c:/Users/adamj/Desktop/Vitis/Lab6/hdmi_text_controller_2/hdmi_text_controller_2.gen/sources_1/bd/hdmi_text_controller/ip/hdmi_text_controller_axi_uartlite_0_0/hdmi_text_controller_axi_uartlite_0_0_board.xdc] for cell 'hdmi_text_controller_i/axi_uartlite_0/U0'
Parsing XDC File [c:/Users/adamj/Desktop/Vitis/Lab6/hdmi_text_controller_2/hdmi_text_controller_2.gen/sources_1/bd/hdmi_text_controller/ip/hdmi_text_controller_axi_uartlite_0_0/hdmi_text_controller_axi_uartlite_0_0.xdc] for cell 'hdmi_text_controller_i/axi_uartlite_0/U0'
Finished Parsing XDC File [c:/Users/adamj/Desktop/Vitis/Lab6/hdmi_text_controller_2/hdmi_text_controller_2.gen/sources_1/bd/hdmi_text_controller/ip/hdmi_text_controller_axi_uartlite_0_0/hdmi_text_controller_axi_uartlite_0_0.xdc] for cell 'hdmi_text_controller_i/axi_uartlite_0/U0'
Parsing XDC File [c:/Users/adamj/Desktop/Vitis/Lab6/hdmi_text_controller_2/hdmi_text_controller_2.gen/sources_1/bd/hdmi_text_controller/ip/hdmi_text_controller_microblaze_0_axi_intc_0/hdmi_text_controller_microblaze_0_axi_intc_0_clocks.xdc] for cell 'hdmi_text_controller_i/microblaze_0_axi_intc/U0'
Finished Parsing XDC File [c:/Users/adamj/Desktop/Vitis/Lab6/hdmi_text_controller_2/hdmi_text_controller_2.gen/sources_1/bd/hdmi_text_controller/ip/hdmi_text_controller_microblaze_0_axi_intc_0/hdmi_text_controller_microblaze_0_axi_intc_0_clocks.xdc] for cell 'hdmi_text_controller_i/microblaze_0_axi_intc/U0'
Parsing XDC File [c:/Users/adamj/Desktop/Vitis/Lab6/hdmi_text_controller_2/hdmi_text_controller_2.gen/sources_1/bd/hdmi_text_controller/ip/hdmi_text_controller_mdm_1_0/hdmi_text_controller_mdm_1_0.xdc] for cell 'hdmi_text_controller_i/mdm_1/U0'
Finished Parsing XDC File [c:/Users/adamj/Desktop/Vitis/Lab6/hdmi_text_controller_2/hdmi_text_controller_2.gen/sources_1/bd/hdmi_text_controller/ip/hdmi_text_controller_mdm_1_0/hdmi_text_controller_mdm_1_0.xdc] for cell 'hdmi_text_controller_i/mdm_1/U0'
INFO: [Opt 31-138] Pushed 0 inverter(s) to 0 load pin(s).
Generating merged BMM file for the design top 'hdmi_text_controller_wrapper'...
INFO: [Memdata 28-144] Successfully populated the BRAM INIT strings from the following elf files: c:/Users/adamj/Desktop/Vitis/Lab6/hdmi_text_controller_2/hdmi_text_controller_2.gen/sources_1/bd/hdmi_text_controller/ip/hdmi_text_controller_microblaze_0_0/data/mb_bootloop_le.elf 
Netlist sorting complete. Time (s): cpu = 00:00:00 ; elapsed = 00:00:00.009 . Memory (MB): peak = 2071.465 ; gain = 0.000
INFO: [Project 1-111] Unisim Transformation Summary:
  A total of 241 instances were transformed.
  LUT6_2 => LUT6_2 (LUT5, LUT6): 145 instances
  RAM16X1D => RAM32X1D (RAMD32(x2)): 32 instances
  RAM32X1D => RAM32X1D (RAMD32(x2)): 64 instances

25 Infos, 0 Warnings, 0 Critical Warnings and 0 Errors encountered.
link_design completed successfully
link_design: Time (s): cpu = 00:00:32 ; elapsed = 00:00:40 . Memory (MB): peak = 2071.465 ; gain = 1009.410
Command: opt_design
Attempting to get a license for feature 'Implementation' and/or device 'xc7s50'
INFO: [Common 17-349] Got license for feature 'Implementation' and/or device 'xc7s50'
Running DRC as a precondition to command opt_design

Starting DRC Task
INFO: [DRC 23-27] Running DRC with 2 threads
INFO: [Project 1-461] DRC finished with 0 Errors
INFO: [Project 1-462] Please refer to the DRC report (report_drc) for more information.

Time (s): cpu = 00:00:03 ; elapsed = 00:00:02 . Memory (MB): peak = 2071.465 ; gain = 0.000

Starting Cache Timing Information Task
INFO: [Timing 38-35] Done setting XDC timing constraints.
Ending Cache Timing Information Task | Checksum: 1021e57be

Time (s): cpu = 00:00:00 ; elapsed = 00:00:00.557 . Memory (MB): peak = 2090.473 ; gain = 19.008

Starting Logic Optimization Task

Phase 1 Retarget
INFO: [Opt 31-1287] Pulled Inverter hdmi_text_controller_i/mdm_1/U0/MDM_Core_I1/JTAG_CONTROL_I/Use_BSCAN.FDC_I/Use_Serial_Unified_Completion.Completion_Status_Register.sample_1[15]_i_1 into driver instance hdmi_text_controller_i/mdm_1/U0/MDM_Core_I1/JTAG_CONTROL_I/Use_BSCAN.FDC_I/Use_Serial_Unified_Completion.Completion_Status_Register.sample_1[15]_i_2, which resulted in an inversion of 14 pins
INFO: [Opt 31-138] Pushed 1 inverter(s) to 1 load pin(s).
INFO: [Opt 31-49] Retargeted 0 cell(s).
Phase 1 Retarget | Checksum: 1005684c7

Time (s): cpu = 00:00:01 ; elapsed = 00:00:00.730 . Memory (MB): peak = 2413.449 ; gain = 0.000
INFO: [Opt 31-389] Phase Retarget created 168 cells and removed 249 cells
INFO: [Opt 31-1021] In phase Retarget, 3 netlist objects are constrained preventing optimization. Please run opt_design with -debug_log to get more detail. 

Phase 2 Constant propagation
INFO: [Opt 31-138] Pushed 0 inverter(s) to 0 load pin(s).
Phase 2 Constant propagation | Checksum: 11688f862

Time (s): cpu = 00:00:01 ; elapsed = 00:00:00.807 . Memory (MB): peak = 2413.449 ; gain = 0.000
INFO: [Opt 31-389] Phase Constant propagation created 3 cells and removed 20 cells
INFO: [Opt 31-1021] In phase Constant propagation, 1 netlist objects are constrained preventing optimization. Please run opt_design with -debug_log to get more detail. 

Phase 3 Sweep
Phase 3 Sweep | Checksum: 1e87423ff

Time (s): cpu = 00:00:01 ; elapsed = 00:00:01 . Memory (MB): peak = 2413.449 ; gain = 0.000
INFO: [Opt 31-389] Phase Sweep created 0 cells and removed 65 cells
INFO: [Opt 31-1021] In phase Sweep, 1 netlist objects are constrained preventing optimization. Please run opt_design with -debug_log to get more detail. 

Phase 4 BUFG optimization
INFO: [Opt 31-194] Inserted BUFG hdmi_text_controller_i/mdm_1/U0/Use_E2.BSCAN_I/Dbg_Update_0_BUFG_inst to drive 40 load(s) on clock net hdmi_text_controller_i/mdm_1/U0/Use_E2.BSCAN_I/Dbg_Update_0_BUFG
INFO: [Opt 31-193] Inserted 1 BUFG(s) on clock nets
Phase 4 BUFG optimization | Checksum: 1c543e502

Time (s): cpu = 00:00:01 ; elapsed = 00:00:01 . Memory (MB): peak = 2413.449 ; gain = 0.000
INFO: [Opt 31-662] Phase BUFG optimization created 1 cells of which 1 are BUFGs and removed 0 cells.

Phase 5 Shift Register Optimization
INFO: [Opt 31-1064] SRL Remap converted 0 SRLs to 0 registers and converted 0 registers of register chains to 0 SRLs
Phase 5 Shift Register Optimization | Checksum: 1c543e502

Time (s): cpu = 00:00:01 ; elapsed = 00:00:01 . Memory (MB): peak = 2413.449 ; gain = 0.000
INFO: [Opt 31-389] Phase Shift Register Optimization created 0 cells and removed 0 cells

Phase 6 Post Processing Netlist
Phase 6 Post Processing Netlist | Checksum: 1c543e502

Time (s): cpu = 00:00:01 ; elapsed = 00:00:02 . Memory (MB): peak = 2413.449 ; gain = 0.000
INFO: [Opt 31-389] Phase Post Processing Netlist created 0 cells and removed 0 cells
INFO: [Opt 31-1021] In phase Post Processing Netlist, 1 netlist objects are constrained preventing optimization. Please run opt_design with -debug_log to get more detail. 
Opt_design Change Summary
=========================


-------------------------------------------------------------------------------------------------------------------------
|  Phase                        |  #Cells created  |  #Cells Removed  |  #Constrained objects preventing optimizations  |
-------------------------------------------------------------------------------------------------------------------------
|  Retarget                     |             168  |             249  |                                              3  |
|  Constant propagation         |               3  |              20  |                                              1  |
|  Sweep                        |               0  |              65  |                                              1  |
|  BUFG optimization            |               1  |               0  |                                              0  |
|  Shift Register Optimization  |               0  |               0  |                                              0  |
|  Post Processing Netlist      |               0  |               0  |                                              1  |
-------------------------------------------------------------------------------------------------------------------------



Starting Connectivity Check Task

Time (s): cpu = 00:00:00 ; elapsed = 00:00:00.027 . Memory (MB): peak = 2413.449 ; gain = 0.000
Ending Logic Optimization Task | Checksum: 104e3dc20

Time (s): cpu = 00:00:02 ; elapsed = 00:00:02 . Memory (MB): peak = 2413.449 ; gain = 0.000

Starting Power Optimization Task
INFO: [Pwropt 34-132] Skipping clock gating for clocks with a period < 2.00 ns.
INFO: [Timing 38-35] Done setting XDC timing constraints.
Running Vector-less Activity Propagation...

Finished Running Vector-less Activity Propagation
INFO: [Pwropt 34-9] Applying IDT optimizations ...
INFO: [Pwropt 34-10] Applying ODC optimizations ...


Starting PowerOpt Patch Enables Task
INFO: [Pwropt 34-162] WRITE_MODE attribute of 0 BRAM(s) out of a total of 32 has been updated to save power. Run report_power_opt to get a complete listing of the BRAMs updated.
INFO: [Pwropt 34-201] Structural ODC has moved 0 WE to EN ports
Number of BRAM Ports augmented: 0 newly gated: 0 Total Ports: 64
Ending PowerOpt Patch Enables Task | Checksum: 104e3dc20

Time (s): cpu = 00:00:01 ; elapsed = 00:00:00.253 . Memory (MB): peak = 2506.711 ; gain = 0.000
Ending Power Optimization Task | Checksum: 104e3dc20

Time (s): cpu = 00:00:08 ; elapsed = 00:00:06 . Memory (MB): peak = 2506.711 ; gain = 93.262

Starting Final Cleanup Task
Ending Final Cleanup Task | Checksum: 104e3dc20

Time (s): cpu = 00:00:00 ; elapsed = 00:00:00.001 . Memory (MB): peak = 2506.711 ; gain = 0.000

Starting Netlist Obfuscation Task
Netlist sorting complete. Time (s): cpu = 00:00:00 ; elapsed = 00:00:00.011 . Memory (MB): peak = 2506.711 ; gain = 0.000
Ending Netlist Obfuscation Task | Checksum: 104e3dc20

Time (s): cpu = 00:00:00 ; elapsed = 00:00:00.012 . Memory (MB): peak = 2506.711 ; gain = 0.000
INFO: [Common 17-83] Releasing license: Implementation
54 Infos, 0 Warnings, 0 Critical Warnings and 0 Errors encountered.
opt_design completed successfully
opt_design: Time (s): cpu = 00:00:21 ; elapsed = 00:00:18 . Memory (MB): peak = 2506.711 ; gain = 435.246
INFO: [Timing 38-35] Done setting XDC timing constraints.
INFO: [Timing 38-480] Writing timing data to binary archive.
INFO: [Common 17-1381] The checkpoint 'C:/Users/adamj/Desktop/Vitis/Lab6/hdmi_text_controller_2/hdmi_text_controller_2.runs/impl_1/hdmi_text_controller_wrapper_opt.dcp' has been generated.
INFO: [runtcl-4] Executing : report_drc -file hdmi_text_controller_wrapper_drc_opted.rpt -pb hdmi_text_controller_wrapper_drc_opted.pb -rpx hdmi_text_controller_wrapper_drc_opted.rpx
Command: report_drc -file hdmi_text_controller_wrapper_drc_opted.rpt -pb hdmi_text_controller_wrapper_drc_opted.pb -rpx hdmi_text_controller_wrapper_drc_opted.rpx
INFO: [IP_Flow 19-1839] IP Catalog is up to date.
INFO: [DRC 23-27] Running DRC with 2 threads
INFO: [Vivado_Tcl 2-168] The results of DRC are in file C:/Users/adamj/Desktop/Vitis/Lab6/hdmi_text_controller_2/hdmi_text_controller_2.runs/impl_1/hdmi_text_controller_wrapper_drc_opted.rpt.
report_drc completed successfully
Command: place_design
Attempting to get a license for feature 'Implementation' and/or device 'xc7s50'
INFO: [Common 17-349] Got license for feature 'Implementation' and/or device 'xc7s50'
INFO: [DRC 23-27] Running DRC with 2 threads
INFO: [Vivado_Tcl 4-198] DRC finished with 0 Errors
INFO: [Vivado_Tcl 4-199] Please refer to the DRC report (report_drc) for more information.
Running DRC as a precondition to command place_design
INFO: [DRC 23-27] Running DRC with 2 threads
INFO: [Vivado_Tcl 4-198] DRC finished with 0 Errors
INFO: [Vivado_Tcl 4-199] Please refer to the DRC report (report_drc) for more information.

Starting Placer Task
INFO: [Place 30-611] Multithreading enabled for place_design using a maximum of 2 CPUs

Phase 1 Placer Initialization

Phase 1.1 Placer Initialization Netlist Sorting
Netlist sorting complete. Time (s): cpu = 00:00:00 ; elapsed = 00:00:00.026 . Memory (MB): peak = 2506.711 ; gain = 0.000
Phase 1.1 Placer Initialization Netlist Sorting | Checksum: c51327f5

Time (s): cpu = 00:00:00 ; elapsed = 00:00:00.056 . Memory (MB): peak = 2506.711 ; gain = 0.000
Netlist sorting complete. Time (s): cpu = 00:00:00 ; elapsed = 00:00:00.029 . Memory (MB): peak = 2506.711 ; gain = 0.000

Phase 1.2 IO Placement/ Clock Placement/ Build Placer Device
Phase 1.2 IO Placement/ Clock Placement/ Build Placer Device | Checksum: 8b883f78

Time (s): cpu = 00:00:02 ; elapsed = 00:00:01 . Memory (MB): peak = 2506.711 ; gain = 0.000

Phase 1.3 Build Placer Netlist Model
Phase 1.3 Build Placer Netlist Model | Checksum: 144f76b39

Time (s): cpu = 00:00:04 ; elapsed = 00:00:03 . Memory (MB): peak = 2506.711 ; gain = 0.000

Phase 1.4 Constrain Clocks/Macros
Phase 1.4 Constrain Clocks/Macros | Checksum: 144f76b39

Time (s): cpu = 00:00:04 ; elapsed = 00:00:03 . Memory (MB): peak = 2506.711 ; gain = 0.000
Phase 1 Placer Initialization | Checksum: 144f76b39

Time (s): cpu = 00:00:04 ; elapsed = 00:00:03 . Memory (MB): peak = 2506.711 ; gain = 0.000

Phase 2 Global Placement

Phase 2.1 Floorplanning
Phase 2.1 Floorplanning | Checksum: c958100c

Time (s): cpu = 00:00:05 ; elapsed = 00:00:03 . Memory (MB): peak = 2506.711 ; gain = 0.000

Phase 2.2 Update Timing before SLR Path Opt
Phase 2.2 Update Timing before SLR Path Opt | Checksum: a25464e0

Time (s): cpu = 00:00:06 ; elapsed = 00:00:04 . Memory (MB): peak = 2506.711 ; gain = 0.000

Phase 2.3 Post-Processing in Floorplanning
Phase 2.3 Post-Processing in Floorplanning | Checksum: a25464e0

Time (s): cpu = 00:00:06 ; elapsed = 00:00:04 . Memory (MB): peak = 2506.711 ; gain = 0.000

Phase 2.4 Global Placement Core

Phase 2.4.1 UpdateTiming Before Physical Synthesis
Phase 2.4.1 UpdateTiming Before Physical Synthesis | Checksum: 1a05eaacd

Time (s): cpu = 00:00:15 ; elapsed = 00:00:10 . Memory (MB): peak = 2506.711 ; gain = 0.000

Phase 2.4.2 Physical Synthesis In Placer
INFO: [Physopt 32-1035] Found 0 LUTNM shape to break, 99 LUT instances to create LUTNM shape
INFO: [Physopt 32-1044] Break lutnm for timing: one critical 0, two critical 0, total 0, new lutff created 0
INFO: [Physopt 32-1138] End 1 Pass. Optimized 43 nets or LUTs. Breaked 0 LUT, combined 43 existing LUTs and moved 0 existing LUT
INFO: [Physopt 32-65] No nets found for high-fanout optimization.
INFO: [Physopt 32-232] Optimized 0 net. Created 0 new instance.
INFO: [Physopt 32-775] End 1 Pass. Optimized 0 net or cell. Created 0 new cell, deleted 0 existing cell and moved 0 existing cell
INFO: [Physopt 32-670] No setup violation found.  DSP Register Optimization was not performed.
INFO: [Physopt 32-670] No setup violation found.  Shift Register to Pipeline Optimization was not performed.
INFO: [Physopt 32-670] No setup violation found.  Shift Register Optimization was not performed.
INFO: [Physopt 32-670] No setup violation found.  BRAM Register Optimization was not performed.
INFO: [Physopt 32-670] No setup violation found.  URAM Register Optimization was not performed.
INFO: [Physopt 32-949] No candidate nets found for dynamic/static region interface net replication
INFO: [Physopt 32-775] End 1 Pass. Optimized 0 net or cell. Created 0 new cell, deleted 0 existing cell and moved 0 existing cell
Netlist sorting complete. Time (s): cpu = 00:00:00 ; elapsed = 00:00:00.022 . Memory (MB): peak = 2506.711 ; gain = 0.000

Summary of Physical Synthesis Optimizations
============================================


-----------------------------------------------------------------------------------------------------------------------------------------------------------
|  Optimization                                     |  Added Cells  |  Removed Cells  |  Optimized Cells/Nets  |  Dont Touch  |  Iterations  |  Elapsed   |
-----------------------------------------------------------------------------------------------------------------------------------------------------------
|  LUT Combining                                    |            0  |             43  |                    43  |           0  |           1  |  00:00:00  |
|  Retime                                           |            0  |              0  |                     0  |           0  |           1  |  00:00:00  |
|  Very High Fanout                                 |            0  |              0  |                     0  |           0  |           1  |  00:00:00  |
|  DSP Register                                     |            0  |              0  |                     0  |           0  |           0  |  00:00:00  |
|  Shift Register to Pipeline                       |            0  |              0  |                     0  |           0  |           0  |  00:00:00  |
|  Shift Register                                   |            0  |              0  |                     0  |           0  |           0  |  00:00:00  |
|  BRAM Register                                    |            0  |              0  |                     0  |           0  |           0  |  00:00:00  |
|  URAM Register                                    |            0  |              0  |                     0  |           0  |           0  |  00:00:00  |
|  Dynamic/Static Region Interface Net Replication  |            0  |              0  |                     0  |           0  |           1  |  00:00:00  |
|  Total                                            |            0  |             43  |                    43  |           0  |           4  |  00:00:00  |
-----------------------------------------------------------------------------------------------------------------------------------------------------------


Phase 2.4.2 Physical Synthesis In Placer | Checksum: 1dfc8f37c

Time (s): cpu = 00:00:16 ; elapsed = 00:00:11 . Memory (MB): peak = 2506.711 ; gain = 0.000
Phase 2.4 Global Placement Core | Checksum: 11bd5e757

Time (s): cpu = 00:00:17 ; elapsed = 00:00:12 . Memory (MB): peak = 2506.711 ; gain = 0.000
Phase 2 Global Placement | Checksum: 11bd5e757

Time (s): cpu = 00:00:17 ; elapsed = 00:00:12 . Memory (MB): peak = 2506.711 ; gain = 0.000

Phase 3 Detail Placement

Phase 3.1 Commit Multi Column Macros
Phase 3.1 Commit Multi Column Macros | Checksum: 16905a54a

Time (s): cpu = 00:00:17 ; elapsed = 00:00:12 . Memory (MB): peak = 2506.711 ; gain = 0.000

Phase 3.2 Commit Most Macros & LUTRAMs
Phase 3.2 Commit Most Macros & LUTRAMs | Checksum: 1dbf83d5c

Time (s): cpu = 00:00:19 ; elapsed = 00:00:13 . Memory (MB): peak = 2506.711 ; gain = 0.000

Phase 3.3 Area Swap Optimization
Phase 3.3 Area Swap Optimization | Checksum: 23e5d2767

Time (s): cpu = 00:00:19 ; elapsed = 00:00:13 . Memory (MB): peak = 2506.711 ; gain = 0.000

Phase 3.4 Pipeline Register Optimization
Phase 3.4 Pipeline Register Optimization | Checksum: 15d4adb02

Time (s): cpu = 00:00:19 ; elapsed = 00:00:13 . Memory (MB): peak = 2506.711 ; gain = 0.000

Phase 3.5 Small Shape Detail Placement
Phase 3.5 Small Shape Detail Placement | Checksum: 156ed5ef9

Time (s): cpu = 00:00:21 ; elapsed = 00:00:15 . Memory (MB): peak = 2506.711 ; gain = 0.000

Phase 3.6 Re-assign LUT pins
Phase 3.6 Re-assign LUT pins | Checksum: 159e772de

Time (s): cpu = 00:00:21 ; elapsed = 00:00:16 . Memory (MB): peak = 2506.711 ; gain = 0.000

Phase 3.7 Pipeline Register Optimization
Phase 3.7 Pipeline Register Optimization | Checksum: 1150633ad

Time (s): cpu = 00:00:22 ; elapsed = 00:00:16 . Memory (MB): peak = 2506.711 ; gain = 0.000
Phase 3 Detail Placement | Checksum: 1150633ad

Time (s): cpu = 00:00:22 ; elapsed = 00:00:16 . Memory (MB): peak = 2506.711 ; gain = 0.000

Phase 4 Post Placement Optimization and Clean-Up

Phase 4.1 Post Commit Optimization
INFO: [Timing 38-35] Done setting XDC timing constraints.

Phase 4.1.1 Post Placement Optimization
Post Placement Optimization Initialization | Checksum: 17254a61b

Phase 4.1.1.1 BUFG Insertion

Starting Physical Synthesis Task

Phase 1 Physical Synthesis Initialization
INFO: [Physopt 32-721] Multithreading enabled for phys_opt_design using a maximum of 2 CPUs
INFO: [Physopt 32-619] Estimated Timing Summary | WNS=1.306 | TNS=0.000 |
Phase 1 Physical Synthesis Initialization | Checksum: 1231fd9c2

Time (s): cpu = 00:00:00 ; elapsed = 00:00:00.359 . Memory (MB): peak = 2506.711 ; gain = 0.000
INFO: [Place 46-56] BUFG insertion identified 0 candidate nets. Inserted BUFG: 0, Replicated BUFG Driver: 0, Skipped due to Placement/Routing Conflicts: 0, Skipped due to Timing Degradation: 0, Skipped due to Illegal Netlist: 0.
Ending Physical Synthesis Task | Checksum: 11697d9c6

Time (s): cpu = 00:00:00 ; elapsed = 00:00:00.419 . Memory (MB): peak = 2506.711 ; gain = 0.000
Phase 4.1.1.1 BUFG Insertion | Checksum: 17254a61b

Time (s): cpu = 00:00:25 ; elapsed = 00:00:18 . Memory (MB): peak = 2506.711 ; gain = 0.000

Phase 4.1.1.2 Post Placement Timing Optimization
INFO: [Place 30-746] Post Placement Timing Summary WNS=1.306. For the most accurate timing information please run report_timing.
Phase 4.1.1.2 Post Placement Timing Optimization | Checksum: e8135457

Time (s): cpu = 00:00:25 ; elapsed = 00:00:19 . Memory (MB): peak = 2506.711 ; gain = 0.000

Time (s): cpu = 00:00:25 ; elapsed = 00:00:19 . Memory (MB): peak = 2506.711 ; gain = 0.000
Phase 4.1 Post Commit Optimization | Checksum: e8135457

Time (s): cpu = 00:00:25 ; elapsed = 00:00:19 . Memory (MB): peak = 2506.711 ; gain = 0.000

Phase 4.2 Post Placement Cleanup
Phase 4.2 Post Placement Cleanup | Checksum: e8135457

Time (s): cpu = 00:00:26 ; elapsed = 00:00:19 . Memory (MB): peak = 2506.711 ; gain = 0.000

Phase 4.3 Placer Reporting

Phase 4.3.1 Print Estimated Congestion
INFO: [Place 30-612] Post-Placement Estimated Congestion 
 ____________________________________________________
|           | Global Congestion | Short Congestion  |
| Direction | Region Size       | Region Size       |
|___________|___________________|___________________|
|      North|                1x1|                2x2|
|___________|___________________|___________________|
|      South|                1x1|                1x1|
|___________|___________________|___________________|
|       East|                1x1|                1x1|
|___________|___________________|___________________|
|       West|                1x1|                1x1|
|___________|___________________|___________________|

Phase 4.3.1 Print Estimated Congestion | Checksum: e8135457

Time (s): cpu = 00:00:26 ; elapsed = 00:00:19 . Memory (MB): peak = 2506.711 ; gain = 0.000
Phase 4.3 Placer Reporting | Checksum: e8135457

Time (s): cpu = 00:00:26 ; elapsed = 00:00:19 . Memory (MB): peak = 2506.711 ; gain = 0.000

Phase 4.4 Final Placement Cleanup
Netlist sorting complete. Time (s): cpu = 00:00:00 ; elapsed = 00:00:00.021 . Memory (MB): peak = 2506.711 ; gain = 0.000

Time (s): cpu = 00:00:26 ; elapsed = 00:00:19 . Memory (MB): peak = 2506.711 ; gain = 0.000
Phase 4 Post Placement Optimization and Clean-Up | Checksum: 1830e2125

Time (s): cpu = 00:00:26 ; elapsed = 00:00:19 . Memory (MB): peak = 2506.711 ; gain = 0.000
Ending Placer Task | Checksum: 171c1f269

Time (s): cpu = 00:00:26 ; elapsed = 00:00:19 . Memory (MB): peak = 2506.711 ; gain = 0.000
INFO: [Common 17-83] Releasing license: Implementation
89 Infos, 0 Warnings, 0 Critical Warnings and 0 Errors encountered.
place_design completed successfully
place_design: Time (s): cpu = 00:00:30 ; elapsed = 00:00:21 . Memory (MB): peak = 2506.711 ; gain = 0.000
INFO: [Timing 38-480] Writing timing data to binary archive.
Writing XDEF routing.
Writing XDEF routing logical nets.
Writing XDEF routing special nets.
Write XDEF Complete: Time (s): cpu = 00:00:03 ; elapsed = 00:00:00.922 . Memory (MB): peak = 2506.711 ; gain = 0.000
INFO: [Common 17-1381] The checkpoint 'C:/Users/adamj/Desktop/Vitis/Lab6/hdmi_text_controller_2/hdmi_text_controller_2.runs/impl_1/hdmi_text_controller_wrapper_placed.dcp' has been generated.
write_checkpoint: Time (s): cpu = 00:00:06 ; elapsed = 00:00:05 . Memory (MB): peak = 2506.711 ; gain = 0.000
INFO: [runtcl-4] Executing : report_io -file hdmi_text_controller_wrapper_io_placed.rpt
report_io: Time (s): cpu = 00:00:00 ; elapsed = 00:00:00.077 . Memory (MB): peak = 2506.711 ; gain = 0.000
INFO: [runtcl-4] Executing : report_utilization -file hdmi_text_controller_wrapper_utilization_placed.rpt -pb hdmi_text_controller_wrapper_utilization_placed.pb
INFO: [runtcl-4] Executing : report_control_sets -verbose -file hdmi_text_controller_wrapper_control_sets_placed.rpt
report_control_sets: Time (s): cpu = 00:00:00 ; elapsed = 00:00:00.023 . Memory (MB): peak = 2506.711 ; gain = 0.000
Command: phys_opt_design
Attempting to get a license for feature 'Implementation' and/or device 'xc7s50'
INFO: [Common 17-349] Got license for feature 'Implementation' and/or device 'xc7s50'

Starting Initial Update Timing Task

Time (s): cpu = 00:00:03 ; elapsed = 00:00:01 . Memory (MB): peak = 2506.711 ; gain = 0.000
INFO: [Vivado_Tcl 4-383] Design worst setup slack (WNS) is greater than or equal to 0.000 ns. Skipping all physical synthesis optimizations.
INFO: [Vivado_Tcl 4-232] No setup violation found. The netlist was not modified.
INFO: [Common 17-83] Releasing license: Implementation
98 Infos, 0 Warnings, 0 Critical Warnings and 0 Errors encountered.
phys_opt_design completed successfully
INFO: [Timing 38-480] Writing timing data to binary archive.
Writing XDEF routing.
Writing XDEF routing logical nets.
Writing XDEF routing special nets.
Write XDEF Complete: Time (s): cpu = 00:00:03 ; elapsed = 00:00:00.949 . Memory (MB): peak = 2506.711 ; gain = 0.000
INFO: [Common 17-1381] The checkpoint 'C:/Users/adamj/Desktop/Vitis/Lab6/hdmi_text_controller_2/hdmi_text_controller_2.runs/impl_1/hdmi_text_controller_wrapper_physopt.dcp' has been generated.
Command: route_design
Attempting to get a license for feature 'Implementation' and/or device 'xc7s50'
INFO: [Common 17-349] Got license for feature 'Implementation' and/or device 'xc7s50'
Running DRC as a precondition to command route_design
INFO: [DRC 23-27] Running DRC with 2 threads
INFO: [Vivado_Tcl 4-198] DRC finished with 0 Errors
INFO: [Vivado_Tcl 4-199] Please refer to the DRC report (report_drc) for more information.


Starting Routing Task
INFO: [Route 35-254] Multithreading enabled for route_design using a maximum of 2 CPUs

Phase 1 Build RT Design
Checksum: PlaceDB: 8f058084 ConstDB: 0 ShapeSum: e2bc71e5 RouteDB: 0
Post Restoration Checksum: NetGraph: 1e7a819b NumContArr: 63461358 Constraints: 0 Timing: 0
Phase 1 Build RT Design | Checksum: 81c094f3

Time (s): cpu = 00:00:42 ; elapsed = 00:00:41 . Memory (MB): peak = 2532.418 ; gain = 25.707

Phase 2 Router Initialization

Phase 2.1 Fix Topology Constraints
Phase 2.1 Fix Topology Constraints | Checksum: 81c094f3

Time (s): cpu = 00:00:42 ; elapsed = 00:00:41 . Memory (MB): peak = 2538.445 ; gain = 31.734

Phase 2.2 Pre Route Cleanup
Phase 2.2 Pre Route Cleanup | Checksum: 81c094f3

Time (s): cpu = 00:00:42 ; elapsed = 00:00:41 . Memory (MB): peak = 2538.445 ; gain = 31.734
 Number of Nodes with overlaps = 0

Phase 2.3 Update Timing
Phase 2.3 Update Timing | Checksum: d4d2bb48

Time (s): cpu = 00:00:47 ; elapsed = 00:00:44 . Memory (MB): peak = 2548.488 ; gain = 41.777
INFO: [Route 35-416] Intermediate Timing Summary | WNS=1.264  | TNS=0.000  | WHS=-0.194 | THS=-47.597|


Router Utilization Summary
  Global Vertical Routing Utilization    = 0.00669696 %
  Global Horizontal Routing Utilization  = 0.00130141 %
  Routable Net Status*
  *Does not include unroutable nets such as driverless and loadless.
  Run report_route_status for detailed report.
  Number of Failed Nets               = 2742
    (Failed Nets is the sum of unrouted and partially routed nets)
  Number of Unrouted Nets             = 2742
  Number of Partially Routed Nets     = 0
  Number of Node Overlaps             = 0

Phase 2 Router Initialization | Checksum: 901f60d2

Time (s): cpu = 00:00:49 ; elapsed = 00:00:46 . Memory (MB): peak = 2563.574 ; gain = 56.863

Phase 3 Initial Routing

Phase 3.1 Global Routing
Phase 3.1 Global Routing | Checksum: 901f60d2

Time (s): cpu = 00:00:49 ; elapsed = 00:00:46 . Memory (MB): peak = 2563.574 ; gain = 56.863
Phase 3 Initial Routing | Checksum: 1466e09c3

Time (s): cpu = 00:01:03 ; elapsed = 00:00:54 . Memory (MB): peak = 2614.508 ; gain = 107.797

Phase 4 Rip-up And Reroute

Phase 4.1 Global Iteration 0
 Number of Nodes with overlaps = 324
 Number of Nodes with overlaps = 61
 Number of Nodes with overlaps = 22
 Number of Nodes with overlaps = 12
 Number of Nodes with overlaps = 4
 Number of Nodes with overlaps = 3
 Number of Nodes with overlaps = 1
 Number of Nodes with overlaps = 1
 Number of Nodes with overlaps = 0
INFO: [Route 35-416] Intermediate Timing Summary | WNS=1.508  | TNS=0.000  | WHS=N/A    | THS=N/A    |

Phase 4.1 Global Iteration 0 | Checksum: 6fcbd784

Time (s): cpu = 00:01:15 ; elapsed = 00:01:04 . Memory (MB): peak = 2614.508 ; gain = 107.797
Phase 4 Rip-up And Reroute | Checksum: 6fcbd784

Time (s): cpu = 00:01:15 ; elapsed = 00:01:04 . Memory (MB): peak = 2614.508 ; gain = 107.797

Phase 5 Delay and Skew Optimization

Phase 5.1 Delay CleanUp

Phase 5.1.1 Update Timing
Phase 5.1.1 Update Timing | Checksum: bad611d0

Time (s): cpu = 00:01:16 ; elapsed = 00:01:05 . Memory (MB): peak = 2614.508 ; gain = 107.797
INFO: [Route 35-416] Intermediate Timing Summary | WNS=1.587  | TNS=0.000  | WHS=N/A    | THS=N/A    |

Phase 5.1 Delay CleanUp | Checksum: bad611d0

Time (s): cpu = 00:01:16 ; elapsed = 00:01:05 . Memory (MB): peak = 2614.508 ; gain = 107.797

Phase 5.2 Clock Skew Optimization
Phase 5.2 Clock Skew Optimization | Checksum: bad611d0

Time (s): cpu = 00:01:16 ; elapsed = 00:01:05 . Memory (MB): peak = 2614.508 ; gain = 107.797
Phase 5 Delay and Skew Optimization | Checksum: bad611d0

Time (s): cpu = 00:01:16 ; elapsed = 00:01:05 . Memory (MB): peak = 2614.508 ; gain = 107.797

Phase 6 Post Hold Fix

Phase 6.1 Hold Fix Iter

Phase 6.1.1 Update Timing
Phase 6.1.1 Update Timing | Checksum: 6b7da47c

Time (s): cpu = 00:01:17 ; elapsed = 00:01:06 . Memory (MB): peak = 2614.508 ; gain = 107.797
INFO: [Route 35-416] Intermediate Timing Summary | WNS=1.587  | TNS=0.000  | WHS=0.031  | THS=0.000  |

Phase 6.1 Hold Fix Iter | Checksum: d3a34cb0

Time (s): cpu = 00:01:17 ; elapsed = 00:01:06 . Memory (MB): peak = 2614.508 ; gain = 107.797
Phase 6 Post Hold Fix | Checksum: d3a34cb0

Time (s): cpu = 00:01:17 ; elapsed = 00:01:06 . Memory (MB): peak = 2614.508 ; gain = 107.797

Phase 7 Route finalize

Router Utilization Summary
  Global Vertical Routing Utilization    = 1.46663 %
  Global Horizontal Routing Utilization  = 1.67582 %
  Routable Net Status*
  *Does not include unroutable nets such as driverless and loadless.
  Run report_route_status for detailed report.
  Number of Failed Nets               = 0
    (Failed Nets is the sum of unrouted and partially routed nets)
  Number of Unrouted Nets             = 0
  Number of Partially Routed Nets     = 0
  Number of Node Overlaps             = 0

Phase 7 Route finalize | Checksum: 39554d15

Time (s): cpu = 00:01:17 ; elapsed = 00:01:06 . Memory (MB): peak = 2614.508 ; gain = 107.797

Phase 8 Verifying routed nets

 Verification completed successfully
Phase 8 Verifying routed nets | Checksum: 39554d15

Time (s): cpu = 00:01:17 ; elapsed = 00:01:06 . Memory (MB): peak = 2614.508 ; gain = 107.797

Phase 9 Depositing Routes
Phase 9 Depositing Routes | Checksum: 122d94f25

Time (s): cpu = 00:01:18 ; elapsed = 00:01:07 . Memory (MB): peak = 2614.508 ; gain = 107.797

Phase 10 Post Router Timing
INFO: [Route 35-57] Estimated Timing Summary | WNS=1.587  | TNS=0.000  | WHS=0.031  | THS=0.000  |

INFO: [Route 35-327] The final timing numbers are based on the router estimated timing analysis. For a complete and accurate timing signoff, please run report_timing_summary.
Phase 10 Post Router Timing | Checksum: 122d94f25

Time (s): cpu = 00:01:18 ; elapsed = 00:01:07 . Memory (MB): peak = 2614.508 ; gain = 107.797
INFO: [Route 35-16] Router Completed Successfully

Time (s): cpu = 00:01:18 ; elapsed = 00:01:07 . Memory (MB): peak = 2614.508 ; gain = 107.797

Routing Is Done.
INFO: [Common 17-83] Releasing license: Implementation
113 Infos, 0 Warnings, 0 Critical Warnings and 0 Errors encountered.
route_design completed successfully
route_design: Time (s): cpu = 00:01:23 ; elapsed = 00:01:10 . Memory (MB): peak = 2614.508 ; gain = 107.797
INFO: [Timing 38-480] Writing timing data to binary archive.
Writing XDEF routing.
Writing XDEF routing logical nets.
Writing XDEF routing special nets.
Write XDEF Complete: Time (s): cpu = 00:00:04 ; elapsed = 00:00:01 . Memory (MB): peak = 2614.508 ; gain = 0.000
INFO: [Common 17-1381] The checkpoint 'C:/Users/adamj/Desktop/Vitis/Lab6/hdmi_text_controller_2/hdmi_text_controller_2.runs/impl_1/hdmi_text_controller_wrapper_routed.dcp' has been generated.
write_checkpoint: Time (s): cpu = 00:00:08 ; elapsed = 00:00:06 . Memory (MB): peak = 2614.508 ; gain = 0.000
INFO: [runtcl-4] Executing : report_drc -file hdmi_text_controller_wrapper_drc_routed.rpt -pb hdmi_text_controller_wrapper_drc_routed.pb -rpx hdmi_text_controller_wrapper_drc_routed.rpx
Command: report_drc -file hdmi_text_controller_wrapper_drc_routed.rpt -pb hdmi_text_controller_wrapper_drc_routed.pb -rpx hdmi_text_controller_wrapper_drc_routed.rpx
INFO: [IP_Flow 19-1839] IP Catalog is up to date.
INFO: [DRC 23-27] Running DRC with 2 threads
INFO: [Vivado_Tcl 2-168] The results of DRC are in file C:/Users/adamj/Desktop/Vitis/Lab6/hdmi_text_controller_2/hdmi_text_controller_2.runs/impl_1/hdmi_text_controller_wrapper_drc_routed.rpt.
report_drc completed successfully
INFO: [runtcl-4] Executing : report_methodology -file hdmi_text_controller_wrapper_methodology_drc_routed.rpt -pb hdmi_text_controller_wrapper_methodology_drc_routed.pb -rpx hdmi_text_controller_wrapper_methodology_drc_routed.rpx
Command: report_methodology -file hdmi_text_controller_wrapper_methodology_drc_routed.rpt -pb hdmi_text_controller_wrapper_methodology_drc_routed.pb -rpx hdmi_text_controller_wrapper_methodology_drc_routed.rpx
INFO: [Timing 38-35] Done setting XDC timing constraints.
INFO: [DRC 23-133] Running Methodology with 2 threads
INFO: [Vivado_Tcl 2-1520] The results of Report Methodology are in file C:/Users/adamj/Desktop/Vitis/Lab6/hdmi_text_controller_2/hdmi_text_controller_2.runs/impl_1/hdmi_text_controller_wrapper_methodology_drc_routed.rpt.
report_methodology completed successfully
report_methodology: Time (s): cpu = 00:00:11 ; elapsed = 00:00:07 . Memory (MB): peak = 2614.508 ; gain = 0.000
INFO: [runtcl-4] Executing : report_power -file hdmi_text_controller_wrapper_power_routed.rpt -pb hdmi_text_controller_wrapper_power_summary_routed.pb -rpx hdmi_text_controller_wrapper_power_routed.rpx
Command: report_power -file hdmi_text_controller_wrapper_power_routed.rpt -pb hdmi_text_controller_wrapper_power_summary_routed.pb -rpx hdmi_text_controller_wrapper_power_routed.rpx
INFO: [Timing 38-35] Done setting XDC timing constraints.
Running Vector-less Activity Propagation...

Finished Running Vector-less Activity Propagation
WARNING: [Power 33-332] Found switching activity that implies high-fanout reset nets being asserted for excessive periods of time which may result in inaccurate power analysis.
Resolution: To review and fix problems, please run Power Constraints Advisor in the GUI from Tools > Power Constraints Advisor or run report_power with the -advisory option to generate a text report.
125 Infos, 1 Warnings, 0 Critical Warnings and 0 Errors encountered.
report_power completed successfully
INFO: [runtcl-4] Executing : report_route_status -file hdmi_text_controller_wrapper_route_status.rpt -pb hdmi_text_controller_wrapper_route_status.pb
INFO: [runtcl-4] Executing : report_timing_summary -max_paths 10 -report_unconstrained -file hdmi_text_controller_wrapper_timing_summary_routed.rpt -pb hdmi_text_controller_wrapper_timing_summary_routed.pb -rpx hdmi_text_controller_wrapper_timing_summary_routed.rpx -warn_on_violation 
INFO: [Timing 38-91] UpdateTimingParams: Speed grade: -1, Delay Type: min_max.
INFO: [Timing 38-191] Multithreading enabled for timing update using a maximum of 2 CPUs
INFO: [runtcl-4] Executing : report_incremental_reuse -file hdmi_text_controller_wrapper_incremental_reuse_routed.rpt
INFO: [Vivado_Tcl 4-1062] Incremental flow is disabled. No incremental reuse Info to report.
INFO: [runtcl-4] Executing : report_clock_utilization -file hdmi_text_controller_wrapper_clock_utilization_routed.rpt
INFO: [runtcl-4] Executing : report_bus_skew -warn_on_violation -file hdmi_text_controller_wrapper_bus_skew_routed.rpt -pb hdmi_text_controller_wrapper_bus_skew_routed.pb -rpx hdmi_text_controller_wrapper_bus_skew_routed.rpx
INFO: [Timing 38-91] UpdateTimingParams: Speed grade: -1, Delay Type: min_max.
INFO: [Timing 38-191] Multithreading enabled for timing update using a maximum of 2 CPUs
Command: write_bitstream -force hdmi_text_controller_wrapper.bit
Attempting to get a license for feature 'Implementation' and/or device 'xc7s50'
INFO: [Common 17-349] Got license for feature 'Implementation' and/or device 'xc7s50'
Running DRC as a precondition to command write_bitstream
INFO: [IP_Flow 19-1839] IP Catalog is up to date.
INFO: [DRC 23-27] Running DRC with 2 threads
ERROR: [DRC NSTD-1] Unspecified I/O Standard: 4 out of 4 logical ports use I/O standard (IOSTANDARD) value 'DEFAULT', instead of a user assigned specific value. This may cause I/O contention or incompatibility with the board power or connectivity affecting performance, signal integrity or in extreme cases cause damage to the device or the components to which it is connected. To correct this violation, specify all I/O standards. This design will fail to generate a bitstream unless all logical ports have a user specified I/O standard value defined. To allow bitstream creation with unspecified I/O standard values (not recommended), use this command: set_property SEVERITY {Warning} [get_drc_checks NSTD-1].  NOTE: When using the Vivado Runs infrastructure (e.g. launch_runs Tcl command), add this command to a .tcl file and add that file as a pre-hook for write_bitstream step for the implementation run. Problem ports: uart_rtl_0_rxd, uart_rtl_0_txd, reset_rtl_0, and clk_100MHz.
ERROR: [DRC UCIO-1] Unconstrained Logical Port: 4 out of 4 logical ports have no user assigned specific location constraint (LOC). This may cause I/O contention or incompatibility with the board power or connectivity affecting performance, signal integrity or in extreme cases cause damage to the device or the components to which it is connected. To correct this violation, specify all pin locations. This design will fail to generate a bitstream unless all logical ports have a user specified site LOC constraint defined.  To allow bitstream creation with unspecified pin locations (not recommended), use this command: set_property SEVERITY {Warning} [get_drc_checks UCIO-1].  NOTE: When using the Vivado Runs infrastructure (e.g. launch_runs Tcl command), add this command to a .tcl file and add that file as a pre-hook for write_bitstream step for the implementation run.  Problem ports: uart_rtl_0_rxd, uart_rtl_0_txd, reset_rtl_0, and clk_100MHz.
WARNING: [DRC CFGBVS-1] Missing CFGBVS and CONFIG_VOLTAGE Design Properties: Neither the CFGBVS nor CONFIG_VOLTAGE voltage property is set in the current_design.  Configuration bank voltage select (CFGBVS) must be set to VCCO or GND, and CONFIG_VOLTAGE must be set to the correct configuration voltage, in order to determine the I/O voltage support for the pins in bank 0.  It is suggested to specify these either using the 'Edit Device Properties' function in the GUI or directly in the XDC file using the following syntax:

 set_property CFGBVS value1 [current_design]
 #where value1 is either VCCO or GND

 set_property CONFIG_VOLTAGE value2 [current_design]
 #where value2 is the voltage provided to configuration bank 0

Refer to the device configuration user guide for more information.
INFO: [Vivado 12-3199] DRC finished with 2 Errors, 1 Warnings
INFO: [Vivado 12-3200] Please refer to the DRC report (report_drc) for more information.
ERROR: [Vivado 12-1345] Error(s) found during DRC. Bitgen not run.
INFO: [Common 17-83] Releasing license: Implementation
9 Infos, 1 Warnings, 0 Critical Warnings and 3 Errors encountered.
write_bitstream failed
write_bitstream: Time (s): cpu = 00:00:08 ; elapsed = 00:00:06 . Memory (MB): peak = 2714.320 ; gain = 99.812
ERROR: [Common 17-39] 'write_bitstream' failed due to earlier errors.

INFO: [Common 17-206] Exiting Vivado at Wed Jul 29 09:54:31 2026...
