Vivado Simulator v2022.2
Copyright 1986-1999, 2001-2022 Xilinx, Inc. All Rights Reserved.
Running: C:/Xilinx/Vivado/2022.2/bin/unwrapped/win64.o/xelab.exe --incr --debug typical --relax --mt 2 -L xil_defaultlib -L microblaze_v11_0_10 -L lmb_v10_v3_0_12 -L lmb_bram_if_cntlr_v4_0_21 -L blk_mem_gen_v8_4_5 -L generic_baseblocks_v2_1_0 -L axi_infrastructure_v1_1_0 -L axi_register_slice_v2_1_27 -L fifo_generator_v13_2_7 -L axi_data_fifo_v2_1_26 -L axi_crossbar_v2_1_28 -L axi_lite_ipif_v3_0_4 -L axi_intc_v4_1_17 -L mdm_v3_2_23 -L lib_cdc_v1_0_2 -L proc_sys_reset_v5_0_13 -L lib_pkg_v1_0_2 -L lib_srl_fifo_v1_0_2 -L axi_uartlite_v2_0_31 -L uvm -L unisims_ver -L unimacro_ver -L secureip -L xpm --snapshot hdmi_text_controller_top_behav xil_defaultlib.hdmi_text_controller_top xil_defaultlib.glbl -log elaborate.log 
Using 2 slave threads.
Starting static elaboration
Pass Through NonSizing Optimizer
WARNING: [VRFC 10-5021] port 'peripheral_reset' is not connected on this instance [C:/Users/adamj/Desktop/Vitis/Lab6/hdmi_text_controller/hdmi_text_controller.gen/sources_1/bd/hdmi_text_controller/sim/hdmi_text_controller.v:409]
WARNING: [VRFC 10-5021] port 'lmb_rst' is not connected on this instance [C:/Users/adamj/Desktop/Vitis/Lab6/hdmi_text_controller/hdmi_text_controller.gen/sources_1/bd/hdmi_text_controller/sim/hdmi_text_controller.v:1572]
WARNING: [VRFC 10-5021] port 'lmb_rst' is not connected on this instance [C:/Users/adamj/Desktop/Vitis/Lab6/hdmi_text_controller/hdmi_text_controller.gen/sources_1/bd/hdmi_text_controller/sim/hdmi_text_controller.v:1618]
Completed static elaboration
Starting simulation data flow analysis
WARNING: [XSIM 43-4100] "C:/Users/adamj/Desktop/Vitis/Lab6/hdmi_text_controller/hdmi_text_controller.gen/sources_1/bd/hdmi_text_controller/sim/hdmi_text_controller.v" Line 12. Module hdmi_text_controller has a timescale but at least one module in design doesn't have timescale.
WARNING: [XSIM 43-4100] "C:/Users/adamj/Desktop/Vitis/Lab6/hdmi_text_controller/hdmi_text_controller.gen/sources_1/bd/hdmi_text_controller/ip/hdmi_text_controller_clk_wiz_1_3/hdmi_text_controller_clk_wiz_1_3.v" Line 68. Module hdmi_text_controller_clk_wiz_1_3 has a timescale but at least one module in design doesn't have timescale.
WARNING: [XSIM 43-4100] "C:/Users/adamj/Desktop/Vitis/Lab6/hdmi_text_controller/hdmi_text_controller.gen/sources_1/bd/hdmi_text_controller/ip/hdmi_text_controller_clk_wiz_1_3/hdmi_text_controller_clk_wiz_1_3_clk_wiz.v" Line 68. Module hdmi_text_controller_clk_wiz_1_3_clk_wiz has a timescale but at least one module in design doesn't have timescale.
WARNING: [XSIM 43-4100] "/wrk/ci/prod/2022.2/rdi_builds/continuous/2022_10_14_3671981/data/verilog/src/unisims/IBUF.v" Line 29. Module IBUF has a timescale but at least one module in design doesn't have timescale.
WARNING: [XSIM 43-4100] "/wrk/ci/prod/2022.2/rdi_builds/continuous/2022_10_14_3671981/data/verilog/src/unisims/MMCME2_ADV.v" Line 123. Module MMCME2_ADV(CLKFBOUT_MULT_F=10.0,CLKIN1_PERIOD=10.0,CLKOUT0_DIVIDE_F=10.0) has a timescale but at least one module in design doesn't have timescale.
WARNING: [XSIM 43-4100] "/wrk/ci/prod/2022.2/rdi_builds/continuous/2022_10_14_3671981/data/verilog/src/unisims/BUFG.v" Line 27. Module BUFG has a timescale but at least one module in design doesn't have timescale.
WARNING: [XSIM 43-4100] "/wrk/ci/prod/2022.2/rdi_builds/continuous/2022_10_14_3671981/data/verilog/src/unisims/BUFG.v" Line 27. Module BUFG has a timescale but at least one module in design doesn't have timescale.
WARNING: [XSIM 43-4100] "C:/Users/adamj/Desktop/Vitis/Lab6/hdmi_text_controller/hdmi_text_controller.gen/sources_1/bd/hdmi_text_controller/ip/hdmi_text_controller_hdmi_text_controller_0_0/sim/hdmi_text_controller_hdmi_text_controller_0_0.sv" Line 55. Module hdmi_text_controller_hdmi_text_controller_0_0 has a timescale but at least one module in design doesn't have timescale.
WARNING: [XSIM 43-4100] "C:/Users/adamj/Desktop/Vitis/Lab6/hdmi_text_controller/hdmi_text_controller.gen/sources_1/bd/hdmi_text_controller/ipshared/5767/src/hdmi_text_controller_v1_0.sv" Line 10. Module hdmi_text_controller_v1_0 has a timescale but at least one module in design doesn't have timescale.
WARNING: [XSIM 43-4100] "C:/Users/adamj/Desktop/Vitis/Lab6/hdmi_text_controller/hdmi_text_controller.gen/sources_1/bd/hdmi_text_controller/ipshared/5767/src/hdmi_text_controller_v1_0_AXI.sv" Line 28. Module hdmi_text_controller_v1_0_AXI_default has a timescale but at least one module in design doesn't have timescale.
WARNING: [XSIM 43-4100] "C:/Users/adamj/Desktop/Vitis/Lab6/hdmi_text_controller/hdmi_text_controller.gen/sources_1/bd/hdmi_text_controller/ip/hdmi_text_controller_hdmi_text_controller_0_0/src/hdmi_tx_0/sim/hdmi_tx_0.v" Line 55. Module hdmi_tx_0 has a timescale but at least one module in design doesn't have timescale.
WARNING: [XSIM 43-4100] "C:/Users/adamj/Desktop/Vitis/Lab6/hdmi_text_controller/hdmi_text_controller.gen/sources_1/bd/hdmi_text_controller/ip/hdmi_text_controller_hdmi_text_controller_0_0/src/hdmi_tx_0/hdl/hdmi_tx_v1_0.v" Line 70. Module hdmi_tx_v1_0(C_RED_WIDTH=4,C_GREEN_WIDTH=4,C_BLUE_WIDTH=4) has a timescale but at least one module in design doesn't have timescale.
WARNING: [XSIM 43-4100] "C:/Users/adamj/Desktop/Vitis/Lab6/hdmi_text_controller/hdmi_text_controller.gen/sources_1/bd/hdmi_text_controller/ip/hdmi_text_controller_hdmi_text_controller_0_0/src/hdmi_tx_0/hdl/srldelay.v" Line 70. Module srldelay(WIDTH=40,TAPS=4'b1010) has a timescale but at least one module in design doesn't have timescale.
WARNING: [XSIM 43-4100] "/wrk/ci/prod/2022.2/rdi_builds/continuous/2022_10_14_3671981/data/verilog/src/unisims/SRL16E.v" Line 29. Module SRL16E_default has a timescale but at least one module in design doesn't have timescale.
WARNING: [XSIM 43-4100] "/wrk/ci/prod/2022.2/rdi_builds/continuous/2022_10_14_3671981/data/verilog/src/unisims/SRL16E.v" Line 29. Module SRL16E_default has a timescale but at least one module in design doesn't have timescale.
WARNING: [XSIM 43-4100] "/wrk/ci/prod/2022.2/rdi_builds/continuous/2022_10_14_3671981/data/verilog/src/unisims/SRL16E.v" Line 29. Module SRL16E_default has a timescale but at least one module in design doesn't have timescale.
WARNING: [XSIM 43-4100] "/wrk/ci/prod/2022.2/rdi_builds/continuous/2022_10_14_3671981/data/verilog/src/unisims/SRL16E.v" Line 29. Module SRL16E_default has a timescale but at least one module in design doesn't have timescale.
WARNING: [XSIM 43-4100] "/wrk/ci/prod/2022.2/rdi_builds/continuous/2022_10_14_3671981/data/verilog/src/unisims/SRL16E.v" Line 29. Module SRL16E_default has a timescale but at least one module in design doesn't have timescale.
WARNING: [XSIM 43-4100] "/wrk/ci/prod/2022.2/rdi_builds/continuous/2022_10_14_3671981/data/verilog/src/unisims/SRL16E.v" Line 29. Module SRL16E_default has a timescale but at least one module in design doesn't have timescale.
WARNING: [XSIM 43-4100] "/wrk/ci/prod/2022.2/rdi_builds/continuous/2022_10_14_3671981/data/verilog/src/unisims/SRL16E.v" Line 29. Module SRL16E_default has a timescale but at least one module in design doesn't have timescale.
WARNING: [XSIM 43-4100] "/wrk/ci/prod/2022.2/rdi_builds/continuous/2022_10_14_3671981/data/verilog/src/unisims/SRL16E.v" Line 29. Module SRL16E_default has a timescale but at least one module in design doesn't have timescale.
WARNING: [XSIM 43-4100] "/wrk/ci/prod/2022.2/rdi_builds/continuous/2022_10_14_3671981/data/verilog/src/unisims/SRL16E.v" Line 29. Module SRL16E_default has a timescale but at least one module in design doesn't have timescale.
WARNING: [XSIM 43-4100] "/wrk/ci/prod/2022.2/rdi_builds/continuous/2022_10_14_3671981/data/verilog/src/unisims/SRL16E.v" Line 29. Module SRL16E_default has a timescale but at least one module in design doesn't have timescale.
WARNING: [XSIM 43-4100] "/wrk/ci/prod/2022.2/rdi_builds/continuous/2022_10_14_3671981/data/verilog/src/unisims/SRL16E.v" Line 29. Module SRL16E_default has a timescale but at least one module in design doesn't have timescale.
WARNING: [XSIM 43-4100] "/wrk/ci/prod/2022.2/rdi_builds/continuous/2022_10_14_3671981/data/verilog/src/unisims/SRL16E.v" Line 29. Module SRL16E_default has a timescale but at least one module in design doesn't have timescale.
WARNING: [XSIM 43-4100] "/wrk/ci/prod/2022.2/rdi_builds/continuous/2022_10_14_3671981/data/verilog/src/unisims/SRL16E.v" Line 29. Module SRL16E_default has a timescale but at least one module in design doesn't have timescale.
WARNING: [XSIM 43-4100] "/wrk/ci/prod/2022.2/rdi_builds/continuous/2022_10_14_3671981/data/verilog/src/unisims/SRL16E.v" Line 29. Module SRL16E_default has a timescale but at least one module in design doesn't have timescale.
WARNING: [XSIM 43-4100] "/wrk/ci/prod/2022.2/rdi_builds/continuous/2022_10_14_3671981/data/verilog/src/unisims/SRL16E.v" Line 29. Module SRL16E_default has a timescale but at least one module in design doesn't have timescale.
WARNING: [XSIM 43-4100] "/wrk/ci/prod/2022.2/rdi_builds/continuous/2022_10_14_3671981/data/verilog/src/unisims/SRL16E.v" Line 29. Module SRL16E_default has a timescale but at least one module in design doesn't have timescale.
WARNING: [XSIM 43-4100] "/wrk/ci/prod/2022.2/rdi_builds/continuous/2022_10_14_3671981/data/verilog/src/unisims/SRL16E.v" Line 29. Module SRL16E_default has a timescale but at least one module in design doesn't have timescale.
WARNING: [XSIM 43-4100] "/wrk/ci/prod/2022.2/rdi_builds/continuous/2022_10_14_3671981/data/verilog/src/unisims/SRL16E.v" Line 29. Module SRL16E_default has a timescale but at least one module in design doesn't have timescale.
WARNING: [XSIM 43-4100] "/wrk/ci/prod/2022.2/rdi_builds/continuous/2022_10_14_3671981/data/verilog/src/unisims/SRL16E.v" Line 29. Module SRL16E_default has a timescale but at least one module in design doesn't have timescale.
WARNING: [XSIM 43-4100] "/wrk/ci/prod/2022.2/rdi_builds/continuous/2022_10_14_3671981/data/verilog/src/unisims/SRL16E.v" Line 29. Module SRL16E_default has a timescale but at least one module in design doesn't have timescale.
WARNING: [XSIM 43-4100] "/wrk/ci/prod/2022.2/rdi_builds/continuous/2022_10_14_3671981/data/verilog/src/unisims/SRL16E.v" Line 29. Module SRL16E_default has a timescale but at least one module in design doesn't have timescale.
WARNING: [XSIM 43-4100] "/wrk/ci/prod/2022.2/rdi_builds/continuous/2022_10_14_3671981/data/verilog/src/unisims/SRL16E.v" Line 29. Module SRL16E_default has a timescale but at least one module in design doesn't have timescale.
WARNING: [XSIM 43-4100] "/wrk/ci/prod/2022.2/rdi_builds/continuous/2022_10_14_3671981/data/verilog/src/unisims/SRL16E.v" Line 29. Module SRL16E_default has a timescale but at least one module in design doesn't have timescale.
WARNING: [XSIM 43-4100] "/wrk/ci/prod/2022.2/rdi_builds/continuous/2022_10_14_3671981/data/verilog/src/unisims/SRL16E.v" Line 29. Module SRL16E_default has a timescale but at least one module in design doesn't have timescale.
WARNING: [XSIM 43-4100] "/wrk/ci/prod/2022.2/rdi_builds/continuous/2022_10_14_3671981/data/verilog/src/unisims/SRL16E.v" Line 29. Module SRL16E_default has a timescale but at least one module in design doesn't have timescale.
WARNING: [XSIM 43-4100] "/wrk/ci/prod/2022.2/rdi_builds/continuous/2022_10_14_3671981/data/verilog/src/unisims/SRL16E.v" Line 29. Module SRL16E_default has a timescale but at least one module in design doesn't have timescale.
WARNING: [XSIM 43-4100] "/wrk/ci/prod/2022.2/rdi_builds/continuous/2022_10_14_3671981/data/verilog/src/unisims/SRL16E.v" Line 29. Module SRL16E_default has a timescale but at least one module in design doesn't have timescale.
WARNING: [XSIM 43-4100] "/wrk/ci/prod/2022.2/rdi_builds/continuous/2022_10_14_3671981/data/verilog/src/unisims/SRL16E.v" Line 29. Module SRL16E_default has a timescale but at least one module in design doesn't have timescale.
WARNING: [XSIM 43-4100] "/wrk/ci/prod/2022.2/rdi_builds/continuous/2022_10_14_3671981/data/verilog/src/unisims/SRL16E.v" Line 29. Module SRL16E_default has a timescale but at least one module in design doesn't have timescale.
WARNING: [XSIM 43-4100] "/wrk/ci/prod/2022.2/rdi_builds/continuous/2022_10_14_3671981/data/verilog/src/unisims/SRL16E.v" Line 29. Module SRL16E_default has a timescale but at least one module in design doesn't have timescale.
WARNING: [XSIM 43-4100] "/wrk/ci/prod/2022.2/rdi_builds/continuous/2022_10_14_3671981/data/verilog/src/unisims/SRL16E.v" Line 29. Module SRL16E_default has a timescale but at least one module in design doesn't have timescale.
WARNING: [XSIM 43-4100] "/wrk/ci/prod/2022.2/rdi_builds/continuous/2022_10_14_3671981/data/verilog/src/unisims/SRL16E.v" Line 29. Module SRL16E_default has a timescale but at least one module in design doesn't have timescale.
WARNING: [XSIM 43-4100] "/wrk/ci/prod/2022.2/rdi_builds/continuous/2022_10_14_3671981/data/verilog/src/unisims/SRL16E.v" Line 29. Module SRL16E_default has a timescale but at least one module in design doesn't have timescale.
WARNING: [XSIM 43-4100] "/wrk/ci/prod/2022.2/rdi_builds/continuous/2022_10_14_3671981/data/verilog/src/unisims/SRL16E.v" Line 29. Module SRL16E_default has a timescale but at least one module in design doesn't have timescale.
WARNING: [XSIM 43-4100] "/wrk/ci/prod/2022.2/rdi_builds/continuous/2022_10_14_3671981/data/verilog/src/unisims/SRL16E.v" Line 29. Module SRL16E_default has a timescale but at least one module in design doesn't have timescale.
WARNING: [XSIM 43-4100] "/wrk/ci/prod/2022.2/rdi_builds/continuous/2022_10_14_3671981/data/verilog/src/unisims/SRL16E.v" Line 29. Module SRL16E_default has a timescale but at least one module in design doesn't have timescale.
WARNING: [XSIM 43-4100] "/wrk/ci/prod/2022.2/rdi_builds/continuous/2022_10_14_3671981/data/verilog/src/unisims/SRL16E.v" Line 29. Module SRL16E_default has a timescale but at least one module in design doesn't have timescale.
INFO: [Common 17-14] Message 'XSIM 43-4100' appears 50 times and further instances of the messages will be disabled. Use the Tcl command set_msg_config to change the current settings.
Completed simulation data flow analysis
Time Resolution for simulation is 1ps
Compiling package std.standard
Compiling package std.textio
Compiling package ieee.std_logic_1164
Compiling package ieee.numeric_std
Compiling package ieee.std_logic_arith
Compiling package ieee.std_logic_unsigned
Compiling package axi_lite_ipif_v3_0_4.ipif_pkg
Compiling package synopsys.attributes
Compiling package ieee.std_logic_misc
Compiling package unisim.vcomponents
Compiling package ieee.vital_timing
Compiling package ieee.vital_primitives
Compiling package unisim.vpkg
Compiling package lib_pkg_v1_0_2.lib_pkg
Compiling package mdm_v3_2_23.mdm_funcs
Compiling package ieee.std_logic_signed
Compiling package microblaze_v11_0_10.microblaze_types
Compiling package microblaze_v11_0_10.microblaze_isa
Compiling package ieee.math_real
Compiling package lmb_bram_if_cntlr_v4_0_21.lmb_bram_if_funcs
Compiling architecture rtl of entity axi_uartlite_v2_0_31.baudrate [\baudrate(c_ratio=54)\]
Compiling architecture fdre_v of entity unisim.FDRE [fdre_default]
Compiling architecture fdr_v of entity unisim.FDR [fdr_default]
Compiling architecture implementation of entity lib_cdc_v1_0_2.cdc_sync [\cdc_sync(c_mtbf_stages=4)\]
Compiling architecture imp of entity lib_srl_fifo_v1_0_2.cntr_incr_decr_addn_f [\cntr_incr_decr_addn_f(c_size=5,...]
Compiling architecture behavioral of entity lib_srl_fifo_v1_0_2.dynshreg_f [\dynshreg_f(c_depth=16,c_dwidth=...]
Compiling architecture imp of entity lib_srl_fifo_v1_0_2.srl_fifo_rbu_f [\srl_fifo_rbu_f(c_dwidth=8,c_fam...]
Compiling architecture imp of entity lib_srl_fifo_v1_0_2.srl_fifo_f [\srl_fifo_f(c_dwidth=8,c_family=...]
Compiling architecture rtl of entity axi_uartlite_v2_0_31.uartlite_rx [\uartlite_rx(c_family="spartan7"...]
Compiling architecture rtl of entity axi_uartlite_v2_0_31.uartlite_tx [\uartlite_tx(c_family="spartan7"...]
Compiling architecture rtl of entity axi_uartlite_v2_0_31.uartlite_core [\uartlite_core(c_family="spartan...]
Compiling architecture imp of entity axi_lite_ipif_v3_0_4.pselect_f [\pselect_f(c_ab=2,c_aw=2,c_bar="...]
Compiling architecture imp of entity axi_lite_ipif_v3_0_4.pselect_f [\pselect_f(c_ab=2,c_aw=2,c_bar="...]
Compiling architecture imp of entity axi_lite_ipif_v3_0_4.pselect_f [\pselect_f(c_ab=2,c_aw=2,c_bar="...]
Compiling architecture imp of entity axi_lite_ipif_v3_0_4.pselect_f [\pselect_f(c_ab=2,c_aw=2,c_bar="...]
Compiling architecture imp of entity axi_lite_ipif_v3_0_4.address_decoder [\address_decoder(c_bus_awidth=4,...]
Compiling architecture imp of entity axi_lite_ipif_v3_0_4.slave_attachment [\slave_attachment(c_ard_addr_ran...]
Compiling architecture imp of entity axi_lite_ipif_v3_0_4.axi_lite_ipif [\axi_lite_ipif(c_s_axi_addr_widt...]
Compiling architecture rtl of entity axi_uartlite_v2_0_31.axi_uartlite [\axi_uartlite(c_family="spartan7...]
Compiling architecture hdmi_text_controller_axi_uartlite_0_3_arch of entity xil_defaultlib.hdmi_text_controller_axi_uartlite_0_3 [hdmi_text_controller_axi_uartlit...]
Compiling module unisims_ver.IBUF
Compiling module unisims_ver.MMCME2_ADV(CLKFBOUT_MULT_F=10.0,...
Compiling module unisims_ver.BUFG
Compiling module xil_defaultlib.hdmi_text_controller_clk_wiz_1_3...
Compiling module xil_defaultlib.hdmi_text_controller_clk_wiz_1_3
Compiling module xil_defaultlib.hdmi_text_controller_v1_0_AXI_de...
Compiling module xil_defaultlib.vga_controller
Compiling module unisims_ver.SRL16E_default
Compiling module xil_defaultlib.srldelay(WIDTH=40,TAPS=4'b1010)
Compiling module xil_defaultlib.encode_default
Compiling module xil_defaultlib.encode(CHANNEL="GREEN")
Compiling module xil_defaultlib.encode(CHANNEL="RED")
Compiling module unisims_ver.OSERDESE2(DATA_RATE_TQ="SDR",DAT...
Compiling module unisims_ver.OSERDESE2(DATA_RATE_TQ="SDR",DAT...
Compiling module xil_defaultlib.serdes_10_to_1
Compiling module unisims_ver.OBUFDS(IOSTANDARD="TMDS_33")
Compiling module xil_defaultlib.hdmi_tx_v1_0(C_RED_WIDTH=4,C_GRE...
Compiling module xil_defaultlib.hdmi_tx_0
Compiling module unisims_ver.MMCME2_ADV(CLKFBOUT_MULT_F=10.0,...
Compiling module xil_defaultlib.clk_wiz_0_clk_wiz
Compiling module xil_defaultlib.clk_wiz_0
Compiling module xil_defaultlib.font_rom
Compiling module xil_defaultlib.color_mapper
Compiling module xil_defaultlib.hdmi_text_controller_v1_0
Compiling module xil_defaultlib.hdmi_text_controller_hdmi_text_c...
Compiling architecture bscane2_v of entity unisim.BSCANE2 [\BSCANE2(jtag_chain=2)(1,5)\]
Compiling architecture imp of entity mdm_v3_2_23.MB_BSCANE2 [\MB_BSCANE2(c_target=spartan7,jt...]
Compiling architecture lut1_v of entity unisim.LUT1 [\LUT1(init="10")(0,1)\]
Compiling architecture imp of entity mdm_v3_2_23.MB_LUT1 [\MB_LUT1(c_target=spartan7,init=...]
Compiling architecture bufgctrl_v of entity unisim.BUFGCTRL [\BUFGCTRL(init_out=1,preselect_i...]
Compiling architecture bufgce_1_v of entity unisim.BUFGCE_1 [bufgce_1_default]
Compiling architecture imp of entity mdm_v3_2_23.MB_BUFGCE_1 [\MB_BUFGCE_1(c_target=spartan7)\]
Compiling architecture imp of entity mdm_v3_2_23.xil_scan_reset_control [xil_scan_reset_control_default]
Compiling architecture fdce_v of entity unisim.FDCE [fdce_default]
Compiling architecture fdc_1_v of entity unisim.FDC_1 [fdc_1_default]
Compiling architecture imp of entity mdm_v3_2_23.MB_FDC_1 [\MB_FDC_1(c_target=spartan7)\]
Compiling architecture fdre_1_v of entity unisim.FDRE_1 [fdre_1_default]
Compiling architecture imp of entity mdm_v3_2_23.MB_FDRE_1 [\MB_FDRE_1(c_target=spartan7)\]
Compiling architecture srl16e_v of entity unisim.SRL16E [\SRL16E(init="0000000101100111")...]
Compiling architecture imp of entity mdm_v3_2_23.MB_SRL16E [\MB_SRL16E(c_target=spartan7,c_s...]
Compiling architecture srl16e_v of entity unisim.SRL16E [\SRL16E(init="0100001010000111")...]
Compiling architecture imp of entity mdm_v3_2_23.MB_SRL16E [\MB_SRL16E(c_target=spartan7,c_s...]
Compiling architecture srl16e_v of entity unisim.SRL16E [\SRL16E(init="0100010001000011")...]
Compiling architecture imp of entity mdm_v3_2_23.MB_SRL16E [\MB_SRL16E(c_target=spartan7,c_s...]
Compiling architecture srl16e_v of entity unisim.SRL16E [\SRL16E(init="0101100001001101")...]
Compiling architecture imp of entity mdm_v3_2_23.MB_SRL16E [\MB_SRL16E(c_target=spartan7,c_s...]
Compiling architecture imp of entity mdm_v3_2_23.JTAG_CONTROL [\JTAG_CONTROL(c_target=spartan7,...]
Compiling architecture imp of entity mdm_v3_2_23.MDM_Core [\MDM_Core(c_target=spartan7,c_jt...]
Compiling architecture imp of entity mdm_v3_2_23.MDM [\MDM(c_family="spartan7",c_devic...]
Compiling architecture hdmi_text_controller_mdm_1_3_arch of entity xil_defaultlib.hdmi_text_controller_mdm_1_3 [hdmi_text_controller_mdm_1_3_def...]
Compiling architecture imp of entity microblaze_v11_0_10.DAXI_interface [\DAXI_interface(c_data_size=32,c...]
Compiling architecture srl16e_v of entity unisim.SRL16E [\SRL16E(init="1111111111111111")...]
Compiling architecture imp of entity microblaze_v11_0_10.MB_SRL16E [\MB_SRL16E(c_target=spartan7,c_u...]
Compiling architecture srl16e_v of entity unisim.SRL16E [\SRL16E(init="0011111111111111")...]
Compiling architecture imp of entity microblaze_v11_0_10.MB_SRL16E [\MB_SRL16E(c_target=spartan7,c_u...]
Compiling architecture srl16e_v of entity unisim.SRL16E [\SRL16E(15,0)\]
Compiling architecture imp of entity microblaze_v11_0_10.MB_SRL16E [\MB_SRL16E(c_target=spartan7,c_u...]
Compiling architecture srl16e_v of entity unisim.SRL16E [\SRL16E(init="0000000000011011")...]
Compiling architecture imp of entity microblaze_v11_0_10.MB_SRL16E [\MB_SRL16E(c_target=spartan7,c_u...]
Compiling architecture srl16e_v of entity unisim.SRL16E [\SRL16E(init="0000001000111000")...]
Compiling architecture imp of entity microblaze_v11_0_10.MB_SRL16E [\MB_SRL16E(c_target=spartan7,c_u...]
Compiling architecture srl16e_v of entity unisim.SRL16E [\SRL16E(init="0001000001100000")...]
Compiling architecture imp of entity microblaze_v11_0_10.MB_SRL16E [\MB_SRL16E(c_target=spartan7,c_u...]
Compiling architecture srl16e_v of entity unisim.SRL16E [\SRL16E(init="0010010100000000")...]
Compiling architecture imp of entity microblaze_v11_0_10.MB_SRL16E [\MB_SRL16E(c_target=spartan7,c_u...]
Compiling architecture imp of entity microblaze_v11_0_10.mb_sync_bit [\mb_sync_bit(c_levels=1,c_reset_...]
Compiling architecture imp of entity microblaze_v11_0_10.mb_sync_vec [\mb_sync_vec(c_levels=1,c_reset_...]
Compiling architecture imp of entity microblaze_v11_0_10.mb_sync_bit [\mb_sync_bit(c_levels=1)\]
Compiling architecture imp of entity microblaze_v11_0_10.mb_sync_vec [\mb_sync_vec(c_width=10)\]
Compiling architecture srlc16e_v of entity unisim.SRLC16E [\SRLC16E(0,15)\]
Compiling architecture imp of entity microblaze_v11_0_10.MB_SRLC16E [\MB_SRLC16E(c_target=spartan7,c_...]
Compiling architecture imp of entity microblaze_v11_0_10.address_hit [\address_hit(c_target=spartan7,c...]
Compiling architecture imp of entity microblaze_v11_0_10.xil_scan_reset_control [xil_scan_reset_control_default]
Compiling architecture imp of entity microblaze_v11_0_10.Debug [\Debug(c_data_size=32,c_instr_si...]
Compiling architecture imp of entity microblaze_v11_0_10.interrupt_mode_converter [\interrupt_mode_converter(c_edge...]
Compiling architecture imp of entity microblaze_v11_0_10.MB_MUXCY [\MB_MUXCY(c_target=spartan7)\]
Compiling architecture lut5_v of entity unisim.LUT5 [\LUT5(init="00000000000000000000...]
Compiling architecture imp of entity microblaze_v11_0_10.MB_LUT5 [\MB_LUT5(c_target=spartan7,init=...]
Compiling architecture lut5_v of entity unisim.LUT5 [\LUT5(init="00000000000000000000...]
Compiling architecture imp of entity microblaze_v11_0_10.MB_LUT5 [\MB_LUT5(c_target=spartan7,init=...]
Compiling architecture lut4_v of entity unisim.LUT4 [\LUT4(init="0010000000000000")(0...]
Compiling architecture imp of entity microblaze_v11_0_10.MB_LUT4 [\MB_LUT4(c_target=spartan7,init=...]
Compiling architecture lut4_v of entity unisim.LUT4 [\LUT4(init="0000001000000000")(0...]
Compiling architecture imp of entity microblaze_v11_0_10.MB_LUT4 [\MB_LUT4(c_target=spartan7,init=...]
Compiling architecture lut3_v of entity unisim.LUT3 [\LUT3(init="00000100")(0,7)\]
Compiling architecture imp of entity microblaze_v11_0_10.MB_LUT3 [\MB_LUT3(c_target=spartan7,init=...]
Compiling architecture lut3_v of entity unisim.LUT3 [\LUT3(init="00010101")(0,7)\]
Compiling architecture imp of entity microblaze_v11_0_10.MB_LUT3 [\MB_LUT3(c_target=spartan7,init=...]
Compiling architecture lut4_v of entity unisim.LUT4 [\LUT4(init="1000010000100001")(0...]
Compiling architecture imp of entity microblaze_v11_0_10.MB_LUT4 [\MB_LUT4(c_target=spartan7,init=...]
Compiling architecture lut3_v of entity unisim.LUT3 [\LUT3(init="10010000")(0,7)\]
Compiling architecture imp of entity microblaze_v11_0_10.MB_LUT3 [\MB_LUT3(c_target=spartan7,init=...]
Compiling architecture lut4_v of entity unisim.LUT4 [\LUT4(init="1000000000000000")(0...]
Compiling architecture imp of entity microblaze_v11_0_10.MB_LUT4 [\MB_LUT4(c_target=spartan7,init=...]
Compiling architecture imp of entity microblaze_v11_0_10.MB_FDRE [\MB_FDRE(c_target=spartan7)\]
Compiling architecture lut4_v of entity unisim.LUT4 [\LUT4(init="0000000011110000")(0...]
Compiling architecture imp of entity microblaze_v11_0_10.MB_LUT4 [\MB_LUT4(c_target=spartan7,init=...]
Compiling architecture lut2_v of entity unisim.LUT2 [\LUT2(init="1000")(0,3)\]
Compiling architecture mult_and_v of entity unisim.MULT_AND [mult_and_default]
Compiling architecture imp of entity microblaze_v11_0_10.MB_MULT_AND [\MB_MULT_AND(c_target=spartan7)\]
Compiling architecture lut4_v of entity unisim.LUT4 [\LUT4(init="1111111111001010")(0...]
Compiling architecture fdrse_v of entity unisim.FDRSE [fdrse_default]
Compiling architecture imp of entity microblaze_v11_0_10.MB_FDRSE [\MB_FDRSE(c_target=spartan7)\]
Compiling architecture imp of entity microblaze_v11_0_10.MB_FDSE [\MB_FDSE(c_target=spartan7)\]
Compiling architecture lut3_v of entity unisim.LUT3 [\LUT3(init="10110100")(0,7)\]
Compiling architecture imp of entity microblaze_v11_0_10.MB_LUT3 [\MB_LUT3(c_target=spartan7,init=...]
Compiling architecture lut4_v of entity unisim.LUT4 [\LUT4(init="1010101010111010")(0...]
Compiling architecture imp of entity microblaze_v11_0_10.MB_LUT4 [\MB_LUT4(c_target=spartan7,init=...]
Compiling architecture srl16e_v of entity unisim.SRL16E [\SRL16E(0,15)\]
Compiling architecture imp of entity microblaze_v11_0_10.MB_SRL16E [\MB_SRL16E(c_target=spartan7,c_u...]
Compiling architecture muxcy_v of entity unisim.MUXCY [muxcy_default]
Compiling architecture muxcy_l_v of entity unisim.MUXCY_L [muxcy_l_default]
Compiling architecture xorcy_v of entity unisim.XORCY [xorcy_default]
Compiling architecture imp of entity microblaze_v11_0_10.MB_MUXCY_XORCY [\MB_MUXCY_XORCY(c_target=spartan...]
Compiling architecture fdse_v of entity unisim.FDSE [fdse_default]
Compiling architecture fds_v of entity unisim.FDS [fds_default]
Compiling architecture imp of entity microblaze_v11_0_10.MB_FDS [\MB_FDS(c_target=spartan7)\]
Compiling architecture imp of entity microblaze_v11_0_10.MB_FDR [\MB_FDR(c_target=spartan7)\]
Compiling architecture imp of entity microblaze_v11_0_10.PreFetch_Buffer [\PreFetch_Buffer(c_instr_size=32...]
Compiling architecture lut4_v of entity unisim.LUT4 [\LUT4(init="1111100000000000")(0...]
Compiling architecture imp of entity microblaze_v11_0_10.MB_LUT4 [\MB_LUT4(c_target=spartan7,init=...]
Compiling architecture imp of entity microblaze_v11_0_10.Decode [\Decode(c_data_size=32,c_instr_s...]
Compiling architecture lut6_2_v of entity unisim.LUT6_2 [\LUT6_2(init="111111110000000011...]
Compiling architecture imp of entity microblaze_v11_0_10.MB_LUT6_2 [\MB_LUT6_2(c_target=spartan7,ini...]
Compiling architecture imp of entity microblaze_v11_0_10.barrel_shift [\barrel_shift(c_data_size=32,c_a...]
Compiling architecture ram32x1d_v of entity unisim.RAM32X1D [ram32x1d_default]
Compiling architecture imp of entity microblaze_v11_0_10.MB_RAM32X1D [\MB_RAM32X1D(c_target=spartan7,c...]
Compiling architecture imp of entity microblaze_v11_0_10.Register_File_Bit [\Register_File_Bit(c_target=spar...]
Compiling architecture imp of entity microblaze_v11_0_10.Register_File [\Register_File(c_data_size=32,c_...]
Compiling architecture lut6_2_v of entity unisim.LUT6_2 [\LUT6_2(init="111111110000000011...]
Compiling architecture imp of entity microblaze_v11_0_10.MB_LUT6_2 [\MB_LUT6_2(c_target=spartan7,ini...]
Compiling architecture fde_v of entity unisim.FDE [fde_default]
Compiling architecture imp of entity microblaze_v11_0_10.MB_FDE [\MB_FDE(c_target=spartan7)\]
Compiling architecture imp of entity microblaze_v11_0_10.Operand_Select_Bit [\Operand_Select_Bit(c_target=spa...]
Compiling architecture imp of entity microblaze_v11_0_10.Operand_Select_Bit [\Operand_Select_Bit(c_target=spa...]
Compiling architecture imp of entity microblaze_v11_0_10.Operand_Select_Bit [\Operand_Select_Bit(c_target=spa...]
Compiling architecture imp of entity microblaze_v11_0_10.Operand_Select_Bit [\Operand_Select_Bit(c_target=spa...]
Compiling architecture imp of entity microblaze_v11_0_10.Operand_Select_Bit [\Operand_Select_Bit(c_target=spa...]
Compiling architecture imp of entity microblaze_v11_0_10.Operand_Select_Bit [\Operand_Select_Bit(c_target=spa...]
Compiling architecture imp of entity microblaze_v11_0_10.Operand_Select_Bit [\Operand_Select_Bit(c_target=spa...]
Compiling architecture imp of entity microblaze_v11_0_10.Operand_Select [\Operand_Select(c_data_size=32,c...]
Compiling architecture lut3_v of entity unisim.LUT3 [\LUT3(0,7)\]
Compiling architecture imp of entity microblaze_v11_0_10.MB_LUT3 [\MB_LUT3(c_target=spartan7)(0,7)...]
Compiling architecture lut6_2_v of entity unisim.LUT6_2 [\LUT6_2(init="011000000111101010...]
Compiling architecture imp of entity microblaze_v11_0_10.MB_LUT6_2 [\MB_LUT6_2(c_target=spartan7,ini...]
Compiling architecture imp of entity microblaze_v11_0_10.ALU_Bit [\ALU_Bit(c_target=spartan7,c_all...]
Compiling architecture lut6_v of entity unisim.LUT6 [\LUT6(init="01100000011110101010...]
Compiling architecture imp of entity microblaze_v11_0_10.MB_LUT6 [\MB_LUT6(c_target=spartan7,init=...]
Compiling architecture lut4_v of entity unisim.LUT4 [\LUT4(init="1111101000001010")(0...]
Compiling architecture imp of entity microblaze_v11_0_10.MB_LUT4 [\MB_LUT4(c_target=spartan7,init=...]
Compiling architecture imp of entity microblaze_v11_0_10.ALU_Bit [\ALU_Bit(c_target=spartan7,c_all...]
Compiling architecture imp of entity microblaze_v11_0_10.ALU [\ALU(c_data_size=32,c_area_optim...]
Compiling architecture lut4_v of entity unisim.LUT4 [\LUT4(init="0100011010001110")(0...]
Compiling architecture imp of entity microblaze_v11_0_10.MB_LUT4 [\MB_LUT4(c_target=spartan7,init=...]
Compiling architecture lut4_v of entity unisim.LUT4 [\LUT4(init="1111110010101010")(0...]
Compiling architecture imp of entity microblaze_v11_0_10.MB_LUT4 [\MB_LUT4(c_target=spartan7,init=...]
Compiling architecture muxf7_v of entity unisim.MUXF7 [muxf7_default]
Compiling architecture imp of entity microblaze_v11_0_10.MB_MUXF7 [\MB_MUXF7(c_target=spartan7)\]
Compiling architecture imp of entity microblaze_v11_0_10.Shift_Logic_Bit [\Shift_Logic_Bit(c_target=sparta...]
Compiling architecture imp of entity microblaze_v11_0_10.carry_equal [\carry_equal(c_target=spartan7,s...]
Compiling architecture lut4_v of entity unisim.LUT4 [\LUT4(init="0000000000000010")(0...]
Compiling architecture imp of entity microblaze_v11_0_10.MB_LUT4 [\MB_LUT4(c_target=spartan7,init=...]
Compiling architecture lut4_v of entity unisim.LUT4 [\LUT4(init="0000000011111100")(0...]
Compiling architecture imp of entity microblaze_v11_0_10.MB_LUT4 [\MB_LUT4(c_target=spartan7,init=...]
Compiling architecture lut4_v of entity unisim.LUT4 [\LUT4(init="1111111100001100")(0...]
Compiling architecture imp of entity microblaze_v11_0_10.MB_LUT4 [\MB_LUT4(c_target=spartan7,init=...]
Compiling architecture lut4_v of entity unisim.LUT4 [\LUT4(init="0111111111111111")(0...]
Compiling architecture imp of entity microblaze_v11_0_10.MB_LUT4 [\MB_LUT4(c_target=spartan7,init=...]
Compiling architecture lut4_v of entity unisim.LUT4 [\LUT4(init="1111000011101110")(0...]
Compiling architecture imp of entity microblaze_v11_0_10.MB_LUT4 [\MB_LUT4(c_target=spartan7,init=...]
Compiling architecture imp of entity microblaze_v11_0_10.count_leading_zeros [count_leading_zeros_default]
Compiling architecture lut2_v of entity unisim.LUT2 [\LUT2(init="1110")(0,3)\]
Compiling architecture imp of entity microblaze_v11_0_10.MB_LUT2 [\MB_LUT2(c_target=spartan7,init=...]
Compiling architecture imp of entity microblaze_v11_0_10.Shift_Logic_Module [\Shift_Logic_Module(c_data_size=...]
Compiling architecture dsp48e1_v of entity unisim.DSP48E1 [\DSP48E1(acascreg=0,alumodereg=0...]
Compiling architecture imp of entity microblaze_v11_0_10.MB_DSP48E1 [\MB_DSP48E1(c_target=spartan7,ac...]
Compiling architecture imp of entity microblaze_v11_0_10.dsp_module [\dsp_module(c_target=spartan7,c_...]
Compiling architecture dsp48e1_v of entity unisim.DSP48E1 [\DSP48E1(alumodereg=0,carryinreg...]
Compiling architecture imp of entity microblaze_v11_0_10.MB_DSP48E1 [\MB_DSP48E1(c_target=spartan7,al...]
Compiling architecture imp of entity microblaze_v11_0_10.dsp_module [\dsp_module(c_target=spartan7,c_...]
Compiling architecture dsp48e1_v of entity unisim.DSP48E1 [\DSP48E1(acascreg=0,alumodereg=0...]
Compiling architecture imp of entity microblaze_v11_0_10.MB_DSP48E1 [\MB_DSP48E1(c_target=spartan7,ac...]
Compiling architecture imp of entity microblaze_v11_0_10.dsp_module [\dsp_module(c_target=spartan7,c_...]
Compiling architecture imp of entity microblaze_v11_0_10.mul_unit [\mul_unit(c_data_size=32,c_targe...]
Compiling architecture lut4_v of entity unisim.LUT4 [\LUT4(init="1110111111100000")(0...]
Compiling architecture imp of entity microblaze_v11_0_10.MB_LUT4 [\MB_LUT4(c_target=spartan7,init=...]
Compiling architecture lut6_v of entity unisim.LUT6 [\LUT6(init="11100000010000001110...]
Compiling architecture imp of entity microblaze_v11_0_10.MB_LUT6 [\MB_LUT6(c_target=spartan7,init=...]
Compiling architecture fd_v of entity unisim.FD [fd_default]
Compiling architecture imp of entity microblaze_v11_0_10.MB_FD [\MB_FD(c_target=spartan7)\]
Compiling architecture imp of entity microblaze_v11_0_10.Result_Mux_Bit [\Result_Mux_Bit(c_target=spartan...]
Compiling architecture imp of entity microblaze_v11_0_10.Result_Mux [\Result_Mux(c_data_size=32,c_tar...]
Compiling architecture imp of entity microblaze_v11_0_10.Zero_Detect [\Zero_Detect(c_data_size=32,c_ta...]
Compiling architecture imp of entity microblaze_v11_0_10.MSR_Reg_Bit [\MSR_Reg_Bit(c_target=spartan7)\]
Compiling architecture imp of entity microblaze_v11_0_10.MSR_Reg [\MSR_Reg(c_target=spartan7,c_dat...]
Compiling architecture lut4_v of entity unisim.LUT4 [\LUT4(init="1111000001100110")(0...]
Compiling architecture imp of entity microblaze_v11_0_10.MB_LUT4 [\MB_LUT4(c_target=spartan7,init=...]
Compiling architecture lut4_v of entity unisim.LUT4 [\LUT4(init="1010101011001010")(0...]
Compiling architecture imp of entity microblaze_v11_0_10.MB_LUT4 [\MB_LUT4(c_target=spartan7,init=...]
Compiling architecture imp of entity microblaze_v11_0_10.PC_Bit [\PC_Bit(c_target=spartan7,c_rese...]
Compiling architecture imp of entity microblaze_v11_0_10.PC_Bit [\PC_Bit(c_target=spartan7,c_ex_r...]
Compiling architecture imp of entity microblaze_v11_0_10.PC_Module [\PC_Module(c_data_size=32,c_addr...]
Compiling architecture imp of entity microblaze_v11_0_10.PVR [\PVR(c_data_size=32,c_daddr_size...]
Compiling architecture imp of entity microblaze_v11_0_10.Data_Flow [\Data_Flow(c_data_size=32,c_inst...]
Compiling architecture lut6_2_v of entity unisim.LUT6_2 [\LUT6_2(init="100001110111100010...]
Compiling architecture imp of entity microblaze_v11_0_10.MB_LUT6_2 [\MB_LUT6_2(c_target=spartan7,ini...]
Compiling architecture lut6_2_v of entity unisim.LUT6_2 [\LUT6_2(init="011110001000011110...]
Compiling architecture imp of entity microblaze_v11_0_10.MB_LUT6_2 [\MB_LUT6_2(c_target=spartan7,ini...]
Compiling architecture lut6_2_v of entity unisim.LUT6_2 [\LUT6_2(init="001010100010111100...]
Compiling architecture imp of entity microblaze_v11_0_10.MB_LUT6_2 [\MB_LUT6_2(c_target=spartan7,ini...]
Compiling architecture lut6_2_v of entity unisim.LUT6_2 [\LUT6_2(init="000101010001111100...]
Compiling architecture imp of entity microblaze_v11_0_10.MB_LUT6_2 [\MB_LUT6_2(c_target=spartan7,ini...]
Compiling architecture lut6_2_v of entity unisim.LUT6_2 [\LUT6_2(init="000011001100000000...]
Compiling architecture imp of entity microblaze_v11_0_10.MB_LUT6_2 [\MB_LUT6_2(c_target=spartan7,ini...]
Compiling architecture lut3_v of entity unisim.LUT3 [\LUT3(init="10101011")(0,7)\]
Compiling architecture imp of entity microblaze_v11_0_10.MB_LUT3 [\MB_LUT3(c_target=spartan7,init=...]
Compiling architecture lut2_v of entity unisim.LUT2 [\LUT2(init="1011")(0,3)\]
Compiling architecture imp of entity microblaze_v11_0_10.MB_LUT2 [\MB_LUT2(c_target=spartan7,init=...]
Compiling architecture lut6_2_v of entity unisim.LUT6_2 [\LUT6_2(init="000100010001000100...]
Compiling architecture imp of entity microblaze_v11_0_10.MB_LUT6_2 [\MB_LUT6_2(c_target=spartan7,ini...]
Compiling architecture imp of entity microblaze_v11_0_10.mux4_8 [\mux4_8(c_allow_lut6=true,c_targ...]
Compiling architecture imp of entity microblaze_v11_0_10.Byte_Doublet_Handle [\Byte_Doublet_Handle(c_data_size...]
Compiling architecture imp of entity microblaze_v11_0_10.mux_bus [\mux_bus(c_target=spartan7,c_all...]
Compiling architecture imp of entity microblaze_v11_0_10.instr_mux [\instr_mux(c_instr_size=32,c_lmb...]
Compiling architecture imp of entity microblaze_v11_0_10.MicroBlaze_Area [\MicroBlaze_Area(c_num_sync_ff_c...]
Compiling architecture imp of entity microblaze_v11_0_10.mb_sync_bit [mb_sync_bit_default]
Compiling architecture imp of entity microblaze_v11_0_10.MicroBlaze_Core [\MicroBlaze_Core(c_freq=10000000...]
Compiling architecture imp of entity microblaze_v11_0_10.MicroBlaze [\MicroBlaze(c_freq=100000000,g_t...]
Compiling architecture hdmi_text_controller_microblaze_0_3_arch of entity xil_defaultlib.hdmi_text_controller_microblaze_0_3 [hdmi_text_controller_microblaze_...]
Compiling architecture byte_data_ram_a of entity axi_intc_v4_1_17.shared_ram_ivar [shared_ram_ivar_default]
Compiling architecture imp of entity axi_intc_v4_1_17.intc_core [\intc_core(c_family="spartan7",c...]
Compiling architecture imp of entity axi_lite_ipif_v3_0_4.pselect_f [\pselect_f(c_ab=3,c_aw=9,c_bar="...]
Compiling architecture imp of entity axi_lite_ipif_v3_0_4.pselect_f [\pselect_f(c_ab=4,c_aw=4,c_bar="...]
Compiling architecture imp of entity axi_lite_ipif_v3_0_4.pselect_f [\pselect_f(c_ab=4,c_aw=4,c_bar="...]
Compiling architecture imp of entity axi_lite_ipif_v3_0_4.pselect_f [\pselect_f(c_ab=4,c_aw=4,c_bar="...]
Compiling architecture imp of entity axi_lite_ipif_v3_0_4.pselect_f [\pselect_f(c_ab=4,c_aw=4,c_bar="...]
Compiling architecture imp of entity axi_lite_ipif_v3_0_4.pselect_f [\pselect_f(c_ab=4,c_aw=4,c_bar="...]
Compiling architecture imp of entity axi_lite_ipif_v3_0_4.pselect_f [\pselect_f(c_ab=4,c_aw=4,c_bar="...]
Compiling architecture imp of entity axi_lite_ipif_v3_0_4.pselect_f [\pselect_f(c_ab=4,c_aw=4,c_bar="...]
Compiling architecture imp of entity axi_lite_ipif_v3_0_4.pselect_f [\pselect_f(c_ab=4,c_aw=4,c_bar="...]
Compiling architecture imp of entity axi_lite_ipif_v3_0_4.pselect_f [\pselect_f(c_ab=4,c_aw=4,c_bar="...]
Compiling architecture imp of entity axi_lite_ipif_v3_0_4.pselect_f [\pselect_f(c_ab=4,c_aw=4,c_bar="...]
Compiling architecture imp of entity axi_lite_ipif_v3_0_4.pselect_f [\pselect_f(c_ab=4,c_aw=4,c_bar="...]
Compiling architecture imp of entity axi_lite_ipif_v3_0_4.pselect_f [\pselect_f(c_ab=4,c_aw=4,c_bar="...]
Compiling architecture imp of entity axi_lite_ipif_v3_0_4.pselect_f [\pselect_f(c_ab=4,c_aw=4,c_bar="...]
Compiling architecture imp of entity axi_lite_ipif_v3_0_4.pselect_f [\pselect_f(c_ab=4,c_aw=4,c_bar="...]
Compiling architecture imp of entity axi_lite_ipif_v3_0_4.pselect_f [\pselect_f(c_ab=4,c_aw=4,c_bar="...]
Compiling architecture imp of entity axi_lite_ipif_v3_0_4.pselect_f [\pselect_f(c_ab=4,c_aw=4,c_bar="...]
Compiling architecture imp of entity axi_lite_ipif_v3_0_4.pselect_f [\pselect_f(c_ab=2,c_aw=9,c_bar="...]
Compiling architecture imp of entity axi_lite_ipif_v3_0_4.pselect_f [\pselect_f(c_ab=1,c_aw=9,c_bar="...]
Compiling architecture imp of entity axi_lite_ipif_v3_0_4.pselect_f [\pselect_f(c_ab=1,c_aw=1,c_bar="...]
Compiling architecture imp of entity axi_lite_ipif_v3_0_4.pselect_f [\pselect_f(c_ab=1,c_aw=1,c_bar="...]
Compiling architecture imp of entity axi_lite_ipif_v3_0_4.address_decoder [\address_decoder(c_bus_awidth=9,...]
Compiling architecture imp of entity axi_lite_ipif_v3_0_4.slave_attachment [\slave_attachment(c_ard_addr_ran...]
Compiling architecture imp of entity axi_lite_ipif_v3_0_4.axi_lite_ipif [\axi_lite_ipif(c_s_axi_addr_widt...]
Compiling architecture imp of entity axi_intc_v4_1_17.axi_intc [\axi_intc(c_family="spartan7",c_...]
Compiling architecture hdmi_text_controller_microblaze_0_axi_intc_3_arch of entity xil_defaultlib.hdmi_text_controller_microblaze_0_axi_intc_3 [hdmi_text_controller_microblaze_...]
Compiling module xil_defaultlib.m00_couplers_imp_18B99LZ
Compiling module xil_defaultlib.m01_couplers_imp_19GG1RJ
Compiling module xil_defaultlib.m02_couplers_imp_1S7Z75J
Compiling module xil_defaultlib.s00_couplers_imp_BAOSX1
Compiling module axi_crossbar_v2_1_28.axi_crossbar_v2_1_28_addr_arbite...
Compiling module generic_baseblocks_v2_1_0.generic_baseblocks_v2_1_0_carry_...
Compiling module generic_baseblocks_v2_1_0.generic_baseblocks_v2_1_0_compar...
Compiling module generic_baseblocks_v2_1_0.generic_baseblocks_v2_1_0_compar...
Compiling module generic_baseblocks_v2_1_0.generic_baseblocks_v2_1_0_compar...
Compiling module axi_crossbar_v2_1_28.axi_crossbar_v2_1_28_addr_decode...
Compiling module axi_crossbar_v2_1_28.axi_crossbar_v2_1_28_splitter(C_...
Compiling module axi_crossbar_v2_1_28.axi_crossbar_v2_1_28_splitter
Compiling module generic_baseblocks_v2_1_0.generic_baseblocks_v2_1_0_mux_en...
Compiling module generic_baseblocks_v2_1_0.generic_baseblocks_v2_1_0_mux_en...
Compiling module generic_baseblocks_v2_1_0.generic_baseblocks_v2_1_0_mux_en...
Compiling module axi_register_slice_v2_1_27.axi_register_slice_v2_1_27_axic_...
Compiling module generic_baseblocks_v2_1_0.generic_baseblocks_v2_1_0_mux_en...
Compiling module axi_crossbar_v2_1_28.axi_crossbar_v2_1_28_decerr_slav...
Compiling module axi_crossbar_v2_1_28.axi_crossbar_v2_1_28_crossbar_sa...
Compiling module axi_crossbar_v2_1_28.axi_crossbar_v2_1_28_axi_crossba...
Compiling module xil_defaultlib.hdmi_text_controller_xbar_3
Compiling module xil_defaultlib.hdmi_text_controller_microblaze_...
Compiling architecture imp of entity lmb_bram_if_cntlr_v4_0_21.pselect_mask [\pselect_mask(c_bar="00000000000...]
Compiling architecture imp of entity lmb_bram_if_cntlr_v4_0_21.lmb_mux [\lmb_mux(c_target=spartan7,c_bas...]
Compiling architecture imp of entity lmb_bram_if_cntlr_v4_0_21.lmb_bram_if_cntlr [\lmb_bram_if_cntlr(c_family="spa...]
Compiling architecture hdmi_text_controller_dlmb_bram_if_cntlr_3_arch of entity xil_defaultlib.hdmi_text_controller_dlmb_bram_if_cntlr_3 [hdmi_text_controller_dlmb_bram_i...]
Compiling architecture imp of entity lmb_v10_v3_0_12.lmb_v10 [\lmb_v10(c_lmb_num_slaves=1)\]
Compiling architecture hdmi_text_controller_dlmb_v10_3_arch of entity xil_defaultlib.hdmi_text_controller_dlmb_v10_3 [hdmi_text_controller_dlmb_v10_3_...]
Compiling architecture imp of entity lmb_bram_if_cntlr_v4_0_21.pselect_mask [\pselect_mask(c_bar="00000000000...]
Compiling architecture imp of entity lmb_bram_if_cntlr_v4_0_21.lmb_mux [\lmb_mux(c_target=spartan7,c_bas...]
Compiling architecture imp of entity lmb_bram_if_cntlr_v4_0_21.lmb_bram_if_cntlr [\lmb_bram_if_cntlr(c_family="spa...]
Compiling architecture hdmi_text_controller_ilmb_bram_if_cntlr_3_arch of entity xil_defaultlib.hdmi_text_controller_ilmb_bram_if_cntlr_3 [hdmi_text_controller_ilmb_bram_i...]
Compiling architecture hdmi_text_controller_ilmb_v10_3_arch of entity xil_defaultlib.hdmi_text_controller_ilmb_v10_3 [hdmi_text_controller_ilmb_v10_3_...]
Compiling module blk_mem_gen_v8_4_5.blk_mem_gen_v8_4_5_output_stage(...
Compiling module blk_mem_gen_v8_4_5.blk_mem_gen_v8_4_5_softecc_outpu...
Compiling module blk_mem_gen_v8_4_5.blk_mem_gen_v8_4_5_mem_module(C_...
Compiling module blk_mem_gen_v8_4_5.blk_mem_gen_v8_4_5(C_FAMILY="spa...
Compiling module xil_defaultlib.hdmi_text_controller_lmb_bram_3
Compiling module xil_defaultlib.microblaze_0_local_memory_imp_1T...
Compiling architecture fdre_v of entity unisim.FDRE [\FDRE(init='1')\]
Compiling architecture implementation of entity lib_cdc_v1_0_2.cdc_sync [\cdc_sync(c_vector_width=2,c_mtb...]
Compiling architecture srl16e_v of entity unisim.SRL16E [\SRL16E(init="1111111111111111")...]
Compiling architecture srl16_v of entity unisim.SRL16 [\SRL16(init="1111111111111111")(...]
Compiling architecture imp of entity proc_sys_reset_v5_0_13.lpf [\lpf(c_ext_rst_width=4,c_aux_rst...]
Compiling architecture imp of entity proc_sys_reset_v5_0_13.upcnt_n [\upcnt_n(c_size=6)\]
Compiling architecture imp of entity proc_sys_reset_v5_0_13.sequence_psr [sequence_psr_default]
Compiling architecture imp of entity proc_sys_reset_v5_0_13.proc_sys_reset [\proc_sys_reset(c_family="sparta...]
Compiling architecture hdmi_text_controller_rst_clk_wiz_1_100m_3_arch of entity xil_defaultlib.hdmi_text_controller_rst_clk_wiz_1_100M_3 [hdmi_text_controller_rst_clk_wiz...]
Compiling module xil_defaultlib.hdmi_text_controller
Compiling module xil_defaultlib.hdmi_text_controller_top
Compiling module xil_defaultlib.glbl
Built simulation snapshot hdmi_text_controller_top_behav
