
*** Running vivado
    with args -log hdmi_text_controller_top.vds -m64 -product Vivado -mode batch -messageDb vivado.pb -notrace -source hdmi_text_controller_top.tcl



****** Vivado v2022.2 (64-bit)
  **** SW Build 3671981 on Fri Oct 14 05:00:03 MDT 2022
  **** IP Build 3669848 on Fri Oct 14 08:30:02 MDT 2022
    ** Copyright 1986-2022 Xilinx, Inc. All Rights Reserved.

source hdmi_text_controller_top.tcl -notrace
create_project: Time (s): cpu = 00:00:15 ; elapsed = 00:00:19 . Memory (MB): peak = 1001.109 ; gain = 116.855
INFO: [IP_Flow 19-234] Refreshing IP repositories
INFO: [IP_Flow 19-1700] Loaded user IP repository 'c:/Users/adamj/Desktop/Vitis/Lab6/ip_repo/hdmi_text_controller_1_0'.
INFO: [IP_Flow 19-1700] Loaded user IP repository 'c:/Users/adamj/Desktop/Vitis/Lab6/ip_repo/RD_hdmi_ip2020'.
INFO: [IP_Flow 19-2313] Loaded Vivado IP repository 'C:/Xilinx/Vivado/2022.2/data/ip'.
WARNING: [IP_Flow 19-4995] The host OS only allows 260 characters in a normal path. The IP cache path is more than 80 characters. If you experience issues with IP caching, please consider changing the IP cache to a location with a shorter path. Alternately consider using the OS subst command to map part of the path to a drive letter. 
Current IP cache path is c:/Users/adamj/Desktop/Vitis/Lab6/hdmi_text_controller/hdmi_text_controller.cache/ip 
add_files: Time (s): cpu = 00:00:04 ; elapsed = 00:00:07 . Memory (MB): peak = 1042.184 ; gain = 17.199
Command: read_checkpoint -auto_incremental -incremental C:/Users/adamj/Desktop/Vitis/Lab6/hdmi_text_controller/hdmi_text_controller.srcs/utils_1/imports/synth_1/hdmi_text_controller_wrapper.dcp
INFO: [Vivado 12-5825] Read reference checkpoint from C:/Users/adamj/Desktop/Vitis/Lab6/hdmi_text_controller/hdmi_text_controller.srcs/utils_1/imports/synth_1/hdmi_text_controller_wrapper.dcp for incremental synthesis
INFO: [Vivado 12-7989] Please ensure there are no constraint changes
Command: synth_design -top hdmi_text_controller_top -part xc7s50csga324-1
Starting synth_design
Attempting to get a license for feature 'Synthesis' and/or device 'xc7s50'
INFO: [Common 17-349] Got license for feature 'Synthesis' and/or device 'xc7s50'
INFO: [Device 21-403] Loading part xc7s50csga324-1
INFO: [Designutils 20-5440] No compile time benefit to using incremental synthesis; A full resynthesis will be run
INFO: [Designutils 20-4379] Flow is switching to default flow due to incremental criteria not met. If you would like to alter this behaviour and have the flow terminate instead, please set the following parameter config_implementation {autoIncr.Synth.RejectBehavior Terminate}
INFO: [Synth 8-7079] Multithreading enabled for synth_design using a maximum of 2 processes.
INFO: [Synth 8-7078] Launching helper process for spawning children vivado processes
INFO: [Synth 8-7075] Helper process launched with PID 72292
INFO: [Synth 8-11241] undeclared symbol 'REGCCE', assumed default net type 'wire' [C:/Xilinx/Vivado/2022.2/data/verilog/src/unimacro/BRAM_SINGLE_MACRO.v:2170]
---------------------------------------------------------------------------------
Starting RTL Elaboration : Time (s): cpu = 00:00:11 ; elapsed = 00:00:15 . Memory (MB): peak = 1843.258 ; gain = 407.402
---------------------------------------------------------------------------------
INFO: [Synth 8-6157] synthesizing module 'hdmi_text_controller_top' [C:/Users/adamj/Desktop/Vitis/Lab6/hdmi_text_controller/hdmi_text_controller.srcs/sources_1/imports/Lab6/hdmi_text_controller_top.sv:14]
INFO: [Synth 8-6157] synthesizing module 'hdmi_text_controller' [c:/Users/adamj/Desktop/Vitis/Lab6/hdmi_text_controller/hdmi_text_controller.gen/sources_1/bd/hdmi_text_controller/synth/hdmi_text_controller.v:12]
INFO: [Synth 8-6157] synthesizing module 'hdmi_text_controller_axi_uartlite_0_3' [C:/Users/adamj/Desktop/Vitis/Lab6/hdmi_text_controller/hdmi_text_controller.runs/synth_1/.Xil/Vivado-37824-LAPTOP-SP4K5KFB/realtime/hdmi_text_controller_axi_uartlite_0_3_stub.v:5]
INFO: [Synth 8-6155] done synthesizing module 'hdmi_text_controller_axi_uartlite_0_3' (0#1) [C:/Users/adamj/Desktop/Vitis/Lab6/hdmi_text_controller/hdmi_text_controller.runs/synth_1/.Xil/Vivado-37824-LAPTOP-SP4K5KFB/realtime/hdmi_text_controller_axi_uartlite_0_3_stub.v:5]
INFO: [Synth 8-6157] synthesizing module 'hdmi_text_controller_clk_wiz_1_3' [C:/Users/adamj/Desktop/Vitis/Lab6/hdmi_text_controller/hdmi_text_controller.runs/synth_1/.Xil/Vivado-37824-LAPTOP-SP4K5KFB/realtime/hdmi_text_controller_clk_wiz_1_3_stub.v:5]
INFO: [Synth 8-6155] done synthesizing module 'hdmi_text_controller_clk_wiz_1_3' (0#1) [C:/Users/adamj/Desktop/Vitis/Lab6/hdmi_text_controller/hdmi_text_controller.runs/synth_1/.Xil/Vivado-37824-LAPTOP-SP4K5KFB/realtime/hdmi_text_controller_clk_wiz_1_3_stub.v:5]
INFO: [Synth 8-6157] synthesizing module 'hdmi_text_controller_hdmi_text_controller_0_0' [C:/Users/adamj/Desktop/Vitis/Lab6/hdmi_text_controller/hdmi_text_controller.runs/synth_1/.Xil/Vivado-37824-LAPTOP-SP4K5KFB/realtime/hdmi_text_controller_hdmi_text_controller_0_0_stub.v:5]
INFO: [Synth 8-6155] done synthesizing module 'hdmi_text_controller_hdmi_text_controller_0_0' (0#1) [C:/Users/adamj/Desktop/Vitis/Lab6/hdmi_text_controller/hdmi_text_controller.runs/synth_1/.Xil/Vivado-37824-LAPTOP-SP4K5KFB/realtime/hdmi_text_controller_hdmi_text_controller_0_0_stub.v:5]
INFO: [Synth 8-6157] synthesizing module 'hdmi_text_controller_mdm_1_3' [C:/Users/adamj/Desktop/Vitis/Lab6/hdmi_text_controller/hdmi_text_controller.runs/synth_1/.Xil/Vivado-37824-LAPTOP-SP4K5KFB/realtime/hdmi_text_controller_mdm_1_3_stub.v:5]
INFO: [Synth 8-6155] done synthesizing module 'hdmi_text_controller_mdm_1_3' (0#1) [C:/Users/adamj/Desktop/Vitis/Lab6/hdmi_text_controller/hdmi_text_controller.runs/synth_1/.Xil/Vivado-37824-LAPTOP-SP4K5KFB/realtime/hdmi_text_controller_mdm_1_3_stub.v:5]
INFO: [Synth 8-6157] synthesizing module 'hdmi_text_controller_microblaze_0_3' [C:/Users/adamj/Desktop/Vitis/Lab6/hdmi_text_controller/hdmi_text_controller.runs/synth_1/.Xil/Vivado-37824-LAPTOP-SP4K5KFB/realtime/hdmi_text_controller_microblaze_0_3_stub.v:5]
INFO: [Synth 8-6155] done synthesizing module 'hdmi_text_controller_microblaze_0_3' (0#1) [C:/Users/adamj/Desktop/Vitis/Lab6/hdmi_text_controller/hdmi_text_controller.runs/synth_1/.Xil/Vivado-37824-LAPTOP-SP4K5KFB/realtime/hdmi_text_controller_microblaze_0_3_stub.v:5]
INFO: [Synth 8-6157] synthesizing module 'hdmi_text_controller_microblaze_0_axi_intc_3' [C:/Users/adamj/Desktop/Vitis/Lab6/hdmi_text_controller/hdmi_text_controller.runs/synth_1/.Xil/Vivado-37824-LAPTOP-SP4K5KFB/realtime/hdmi_text_controller_microblaze_0_axi_intc_3_stub.v:5]
INFO: [Synth 8-6155] done synthesizing module 'hdmi_text_controller_microblaze_0_axi_intc_3' (0#1) [C:/Users/adamj/Desktop/Vitis/Lab6/hdmi_text_controller/hdmi_text_controller.runs/synth_1/.Xil/Vivado-37824-LAPTOP-SP4K5KFB/realtime/hdmi_text_controller_microblaze_0_axi_intc_3_stub.v:5]
INFO: [Synth 8-6157] synthesizing module 'hdmi_text_controller_microblaze_0_axi_periph_3' [c:/Users/adamj/Desktop/Vitis/Lab6/hdmi_text_controller/hdmi_text_controller.gen/sources_1/bd/hdmi_text_controller/synth/hdmi_text_controller.v:420]
INFO: [Synth 8-6157] synthesizing module 'm00_couplers_imp_18B99LZ' [c:/Users/adamj/Desktop/Vitis/Lab6/hdmi_text_controller/hdmi_text_controller.gen/sources_1/bd/hdmi_text_controller/synth/hdmi_text_controller.v:1016]
INFO: [Synth 8-6155] done synthesizing module 'm00_couplers_imp_18B99LZ' (0#1) [c:/Users/adamj/Desktop/Vitis/Lab6/hdmi_text_controller/hdmi_text_controller.gen/sources_1/bd/hdmi_text_controller/synth/hdmi_text_controller.v:1016]
INFO: [Synth 8-6157] synthesizing module 'm01_couplers_imp_19GG1RJ' [c:/Users/adamj/Desktop/Vitis/Lab6/hdmi_text_controller/hdmi_text_controller.gen/sources_1/bd/hdmi_text_controller/synth/hdmi_text_controller.v:1148]
INFO: [Synth 8-6155] done synthesizing module 'm01_couplers_imp_19GG1RJ' (0#1) [c:/Users/adamj/Desktop/Vitis/Lab6/hdmi_text_controller/hdmi_text_controller.gen/sources_1/bd/hdmi_text_controller/synth/hdmi_text_controller.v:1148]
INFO: [Synth 8-6157] synthesizing module 'm02_couplers_imp_1S7Z75J' [c:/Users/adamj/Desktop/Vitis/Lab6/hdmi_text_controller/hdmi_text_controller.gen/sources_1/bd/hdmi_text_controller/synth/hdmi_text_controller.v:1280]
INFO: [Synth 8-6155] done synthesizing module 'm02_couplers_imp_1S7Z75J' (0#1) [c:/Users/adamj/Desktop/Vitis/Lab6/hdmi_text_controller/hdmi_text_controller.gen/sources_1/bd/hdmi_text_controller/synth/hdmi_text_controller.v:1280]
INFO: [Synth 8-6157] synthesizing module 's00_couplers_imp_BAOSX1' [c:/Users/adamj/Desktop/Vitis/Lab6/hdmi_text_controller/hdmi_text_controller.gen/sources_1/bd/hdmi_text_controller/synth/hdmi_text_controller.v:1660]
INFO: [Synth 8-6155] done synthesizing module 's00_couplers_imp_BAOSX1' (0#1) [c:/Users/adamj/Desktop/Vitis/Lab6/hdmi_text_controller/hdmi_text_controller.gen/sources_1/bd/hdmi_text_controller/synth/hdmi_text_controller.v:1660]
INFO: [Synth 8-6157] synthesizing module 'hdmi_text_controller_xbar_3' [C:/Users/adamj/Desktop/Vitis/Lab6/hdmi_text_controller/hdmi_text_controller.runs/synth_1/.Xil/Vivado-37824-LAPTOP-SP4K5KFB/realtime/hdmi_text_controller_xbar_3_stub.v:5]
INFO: [Synth 8-6155] done synthesizing module 'hdmi_text_controller_xbar_3' (0#1) [C:/Users/adamj/Desktop/Vitis/Lab6/hdmi_text_controller/hdmi_text_controller.runs/synth_1/.Xil/Vivado-37824-LAPTOP-SP4K5KFB/realtime/hdmi_text_controller_xbar_3_stub.v:5]
INFO: [Synth 8-6155] done synthesizing module 'hdmi_text_controller_microblaze_0_axi_periph_3' (0#1) [c:/Users/adamj/Desktop/Vitis/Lab6/hdmi_text_controller/hdmi_text_controller.gen/sources_1/bd/hdmi_text_controller/synth/hdmi_text_controller.v:420]
INFO: [Synth 8-6157] synthesizing module 'microblaze_0_local_memory_imp_1TB29OV' [c:/Users/adamj/Desktop/Vitis/Lab6/hdmi_text_controller/hdmi_text_controller.gen/sources_1/bd/hdmi_text_controller/synth/hdmi_text_controller.v:1426]
INFO: [Synth 8-6157] synthesizing module 'hdmi_text_controller_dlmb_bram_if_cntlr_3' [C:/Users/adamj/Desktop/Vitis/Lab6/hdmi_text_controller/hdmi_text_controller.runs/synth_1/.Xil/Vivado-37824-LAPTOP-SP4K5KFB/realtime/hdmi_text_controller_dlmb_bram_if_cntlr_3_stub.v:5]
INFO: [Synth 8-6155] done synthesizing module 'hdmi_text_controller_dlmb_bram_if_cntlr_3' (0#1) [C:/Users/adamj/Desktop/Vitis/Lab6/hdmi_text_controller/hdmi_text_controller.runs/synth_1/.Xil/Vivado-37824-LAPTOP-SP4K5KFB/realtime/hdmi_text_controller_dlmb_bram_if_cntlr_3_stub.v:5]
INFO: [Synth 8-6157] synthesizing module 'hdmi_text_controller_dlmb_v10_3' [C:/Users/adamj/Desktop/Vitis/Lab6/hdmi_text_controller/hdmi_text_controller.runs/synth_1/.Xil/Vivado-37824-LAPTOP-SP4K5KFB/realtime/hdmi_text_controller_dlmb_v10_3_stub.v:5]
INFO: [Synth 8-6155] done synthesizing module 'hdmi_text_controller_dlmb_v10_3' (0#1) [C:/Users/adamj/Desktop/Vitis/Lab6/hdmi_text_controller/hdmi_text_controller.runs/synth_1/.Xil/Vivado-37824-LAPTOP-SP4K5KFB/realtime/hdmi_text_controller_dlmb_v10_3_stub.v:5]
WARNING: [Synth 8-7071] port 'LMB_Rst' of module 'hdmi_text_controller_dlmb_v10_3' is unconnected for instance 'dlmb_v10' [c:/Users/adamj/Desktop/Vitis/Lab6/hdmi_text_controller/hdmi_text_controller.gen/sources_1/bd/hdmi_text_controller/synth/hdmi_text_controller.v:1572]
WARNING: [Synth 8-7023] instance 'dlmb_v10' of module 'hdmi_text_controller_dlmb_v10_3' has 25 connections declared, but only 24 given [c:/Users/adamj/Desktop/Vitis/Lab6/hdmi_text_controller/hdmi_text_controller.gen/sources_1/bd/hdmi_text_controller/synth/hdmi_text_controller.v:1572]
INFO: [Synth 8-6157] synthesizing module 'hdmi_text_controller_ilmb_bram_if_cntlr_3' [C:/Users/adamj/Desktop/Vitis/Lab6/hdmi_text_controller/hdmi_text_controller.runs/synth_1/.Xil/Vivado-37824-LAPTOP-SP4K5KFB/realtime/hdmi_text_controller_ilmb_bram_if_cntlr_3_stub.v:5]
INFO: [Synth 8-6155] done synthesizing module 'hdmi_text_controller_ilmb_bram_if_cntlr_3' (0#1) [C:/Users/adamj/Desktop/Vitis/Lab6/hdmi_text_controller/hdmi_text_controller.runs/synth_1/.Xil/Vivado-37824-LAPTOP-SP4K5KFB/realtime/hdmi_text_controller_ilmb_bram_if_cntlr_3_stub.v:5]
INFO: [Synth 8-6157] synthesizing module 'hdmi_text_controller_ilmb_v10_3' [C:/Users/adamj/Desktop/Vitis/Lab6/hdmi_text_controller/hdmi_text_controller.runs/synth_1/.Xil/Vivado-37824-LAPTOP-SP4K5KFB/realtime/hdmi_text_controller_ilmb_v10_3_stub.v:5]
INFO: [Synth 8-6155] done synthesizing module 'hdmi_text_controller_ilmb_v10_3' (0#1) [C:/Users/adamj/Desktop/Vitis/Lab6/hdmi_text_controller/hdmi_text_controller.runs/synth_1/.Xil/Vivado-37824-LAPTOP-SP4K5KFB/realtime/hdmi_text_controller_ilmb_v10_3_stub.v:5]
WARNING: [Synth 8-7071] port 'LMB_Rst' of module 'hdmi_text_controller_ilmb_v10_3' is unconnected for instance 'ilmb_v10' [c:/Users/adamj/Desktop/Vitis/Lab6/hdmi_text_controller/hdmi_text_controller.gen/sources_1/bd/hdmi_text_controller/synth/hdmi_text_controller.v:1618]
WARNING: [Synth 8-7023] instance 'ilmb_v10' of module 'hdmi_text_controller_ilmb_v10_3' has 25 connections declared, but only 24 given [c:/Users/adamj/Desktop/Vitis/Lab6/hdmi_text_controller/hdmi_text_controller.gen/sources_1/bd/hdmi_text_controller/synth/hdmi_text_controller.v:1618]
INFO: [Synth 8-6157] synthesizing module 'hdmi_text_controller_lmb_bram_3' [C:/Users/adamj/Desktop/Vitis/Lab6/hdmi_text_controller/hdmi_text_controller.runs/synth_1/.Xil/Vivado-37824-LAPTOP-SP4K5KFB/realtime/hdmi_text_controller_lmb_bram_3_stub.v:5]
INFO: [Synth 8-6155] done synthesizing module 'hdmi_text_controller_lmb_bram_3' (0#1) [C:/Users/adamj/Desktop/Vitis/Lab6/hdmi_text_controller/hdmi_text_controller.runs/synth_1/.Xil/Vivado-37824-LAPTOP-SP4K5KFB/realtime/hdmi_text_controller_lmb_bram_3_stub.v:5]
WARNING: [Synth 8-7071] port 'rsta_busy' of module 'hdmi_text_controller_lmb_bram_3' is unconnected for instance 'lmb_bram' [c:/Users/adamj/Desktop/Vitis/Lab6/hdmi_text_controller/hdmi_text_controller.gen/sources_1/bd/hdmi_text_controller/synth/hdmi_text_controller.v:1643]
WARNING: [Synth 8-7071] port 'rstb_busy' of module 'hdmi_text_controller_lmb_bram_3' is unconnected for instance 'lmb_bram' [c:/Users/adamj/Desktop/Vitis/Lab6/hdmi_text_controller/hdmi_text_controller.gen/sources_1/bd/hdmi_text_controller/synth/hdmi_text_controller.v:1643]
WARNING: [Synth 8-7023] instance 'lmb_bram' of module 'hdmi_text_controller_lmb_bram_3' has 16 connections declared, but only 14 given [c:/Users/adamj/Desktop/Vitis/Lab6/hdmi_text_controller/hdmi_text_controller.gen/sources_1/bd/hdmi_text_controller/synth/hdmi_text_controller.v:1643]
INFO: [Synth 8-6155] done synthesizing module 'microblaze_0_local_memory_imp_1TB29OV' (0#1) [c:/Users/adamj/Desktop/Vitis/Lab6/hdmi_text_controller/hdmi_text_controller.gen/sources_1/bd/hdmi_text_controller/synth/hdmi_text_controller.v:1426]
INFO: [Synth 8-6157] synthesizing module 'hdmi_text_controller_rst_clk_wiz_1_100M_3' [C:/Users/adamj/Desktop/Vitis/Lab6/hdmi_text_controller/hdmi_text_controller.runs/synth_1/.Xil/Vivado-37824-LAPTOP-SP4K5KFB/realtime/hdmi_text_controller_rst_clk_wiz_1_100M_3_stub.v:5]
INFO: [Synth 8-6155] done synthesizing module 'hdmi_text_controller_rst_clk_wiz_1_100M_3' (0#1) [C:/Users/adamj/Desktop/Vitis/Lab6/hdmi_text_controller/hdmi_text_controller.runs/synth_1/.Xil/Vivado-37824-LAPTOP-SP4K5KFB/realtime/hdmi_text_controller_rst_clk_wiz_1_100M_3_stub.v:5]
WARNING: [Synth 8-7071] port 'peripheral_reset' of module 'hdmi_text_controller_rst_clk_wiz_1_100M_3' is unconnected for instance 'rst_clk_wiz_1_100M' [c:/Users/adamj/Desktop/Vitis/Lab6/hdmi_text_controller/hdmi_text_controller.gen/sources_1/bd/hdmi_text_controller/synth/hdmi_text_controller.v:409]
WARNING: [Synth 8-7071] port 'interconnect_aresetn' of module 'hdmi_text_controller_rst_clk_wiz_1_100M_3' is unconnected for instance 'rst_clk_wiz_1_100M' [c:/Users/adamj/Desktop/Vitis/Lab6/hdmi_text_controller/hdmi_text_controller.gen/sources_1/bd/hdmi_text_controller/synth/hdmi_text_controller.v:409]
WARNING: [Synth 8-7023] instance 'rst_clk_wiz_1_100M' of module 'hdmi_text_controller_rst_clk_wiz_1_100M_3' has 10 connections declared, but only 8 given [c:/Users/adamj/Desktop/Vitis/Lab6/hdmi_text_controller/hdmi_text_controller.gen/sources_1/bd/hdmi_text_controller/synth/hdmi_text_controller.v:409]
INFO: [Synth 8-6155] done synthesizing module 'hdmi_text_controller' (0#1) [c:/Users/adamj/Desktop/Vitis/Lab6/hdmi_text_controller/hdmi_text_controller.gen/sources_1/bd/hdmi_text_controller/synth/hdmi_text_controller.v:12]
INFO: [Synth 8-6155] done synthesizing module 'hdmi_text_controller_top' (0#1) [C:/Users/adamj/Desktop/Vitis/Lab6/hdmi_text_controller/hdmi_text_controller.srcs/sources_1/imports/Lab6/hdmi_text_controller_top.sv:14]
WARNING: [Synth 8-7129] Port M_ACLK in module s00_couplers_imp_BAOSX1 is either unconnected or has no load
WARNING: [Synth 8-7129] Port M_ARESETN in module s00_couplers_imp_BAOSX1 is either unconnected or has no load
WARNING: [Synth 8-7129] Port S_ACLK in module s00_couplers_imp_BAOSX1 is either unconnected or has no load
WARNING: [Synth 8-7129] Port S_ARESETN in module s00_couplers_imp_BAOSX1 is either unconnected or has no load
WARNING: [Synth 8-7129] Port M_ACLK in module m02_couplers_imp_1S7Z75J is either unconnected or has no load
WARNING: [Synth 8-7129] Port M_ARESETN in module m02_couplers_imp_1S7Z75J is either unconnected or has no load
WARNING: [Synth 8-7129] Port S_ACLK in module m02_couplers_imp_1S7Z75J is either unconnected or has no load
WARNING: [Synth 8-7129] Port S_ARESETN in module m02_couplers_imp_1S7Z75J is either unconnected or has no load
WARNING: [Synth 8-7129] Port M_ACLK in module m01_couplers_imp_19GG1RJ is either unconnected or has no load
WARNING: [Synth 8-7129] Port M_ARESETN in module m01_couplers_imp_19GG1RJ is either unconnected or has no load
WARNING: [Synth 8-7129] Port S_ACLK in module m01_couplers_imp_19GG1RJ is either unconnected or has no load
WARNING: [Synth 8-7129] Port S_ARESETN in module m01_couplers_imp_19GG1RJ is either unconnected or has no load
WARNING: [Synth 8-7129] Port M_ACLK in module m00_couplers_imp_18B99LZ is either unconnected or has no load
WARNING: [Synth 8-7129] Port M_ARESETN in module m00_couplers_imp_18B99LZ is either unconnected or has no load
WARNING: [Synth 8-7129] Port S_ACLK in module m00_couplers_imp_18B99LZ is either unconnected or has no load
WARNING: [Synth 8-7129] Port S_ARESETN in module m00_couplers_imp_18B99LZ is either unconnected or has no load
WARNING: [Synth 8-7129] Port M00_ACLK in module hdmi_text_controller_microblaze_0_axi_periph_3 is either unconnected or has no load
WARNING: [Synth 8-7129] Port M00_ARESETN in module hdmi_text_controller_microblaze_0_axi_periph_3 is either unconnected or has no load
WARNING: [Synth 8-7129] Port M01_ACLK in module hdmi_text_controller_microblaze_0_axi_periph_3 is either unconnected or has no load
WARNING: [Synth 8-7129] Port M01_ARESETN in module hdmi_text_controller_microblaze_0_axi_periph_3 is either unconnected or has no load
WARNING: [Synth 8-7129] Port M02_ACLK in module hdmi_text_controller_microblaze_0_axi_periph_3 is either unconnected or has no load
WARNING: [Synth 8-7129] Port M02_ARESETN in module hdmi_text_controller_microblaze_0_axi_periph_3 is either unconnected or has no load
WARNING: [Synth 8-7129] Port S00_ACLK in module hdmi_text_controller_microblaze_0_axi_periph_3 is either unconnected or has no load
WARNING: [Synth 8-7129] Port S00_ARESETN in module hdmi_text_controller_microblaze_0_axi_periph_3 is either unconnected or has no load
---------------------------------------------------------------------------------
Finished RTL Elaboration : Time (s): cpu = 00:00:15 ; elapsed = 00:00:21 . Memory (MB): peak = 1940.406 ; gain = 504.551
---------------------------------------------------------------------------------
---------------------------------------------------------------------------------
Start Handling Custom Attributes
---------------------------------------------------------------------------------
---------------------------------------------------------------------------------
Finished Handling Custom Attributes : Time (s): cpu = 00:00:16 ; elapsed = 00:00:21 . Memory (MB): peak = 1940.406 ; gain = 504.551
---------------------------------------------------------------------------------
---------------------------------------------------------------------------------
Finished RTL Optimization Phase 1 : Time (s): cpu = 00:00:16 ; elapsed = 00:00:21 . Memory (MB): peak = 1940.406 ; gain = 504.551
---------------------------------------------------------------------------------
Netlist sorting complete. Time (s): cpu = 00:00:00 ; elapsed = 00:00:00.057 . Memory (MB): peak = 1940.406 ; gain = 0.000
INFO: [Project 1-570] Preparing netlist for logic optimization

Processing XDC Constraints
Initializing timing engine
Parsing XDC File [c:/Users/adamj/Desktop/Vitis/Lab6/hdmi_text_controller/hdmi_text_controller.gen/sources_1/bd/hdmi_text_controller/ip/hdmi_text_controller_microblaze_0_3/hdmi_text_controller_microblaze_0_3/hdmi_text_controller_microblaze_0_2_in_context.xdc] for cell 'hdmi_text_controller_i/microblaze_0'
Finished Parsing XDC File [c:/Users/adamj/Desktop/Vitis/Lab6/hdmi_text_controller/hdmi_text_controller.gen/sources_1/bd/hdmi_text_controller/ip/hdmi_text_controller_microblaze_0_3/hdmi_text_controller_microblaze_0_3/hdmi_text_controller_microblaze_0_2_in_context.xdc] for cell 'hdmi_text_controller_i/microblaze_0'
Parsing XDC File [c:/Users/adamj/Desktop/Vitis/Lab6/hdmi_text_controller/hdmi_text_controller.gen/sources_1/bd/hdmi_text_controller/ip/hdmi_text_controller_dlmb_v10_3/hdmi_text_controller_dlmb_v10_3/hdmi_text_controller_dlmb_v10_2_in_context.xdc] for cell 'hdmi_text_controller_i/microblaze_0_local_memory/dlmb_v10'
Finished Parsing XDC File [c:/Users/adamj/Desktop/Vitis/Lab6/hdmi_text_controller/hdmi_text_controller.gen/sources_1/bd/hdmi_text_controller/ip/hdmi_text_controller_dlmb_v10_3/hdmi_text_controller_dlmb_v10_3/hdmi_text_controller_dlmb_v10_2_in_context.xdc] for cell 'hdmi_text_controller_i/microblaze_0_local_memory/dlmb_v10'
Parsing XDC File [c:/Users/adamj/Desktop/Vitis/Lab6/hdmi_text_controller/hdmi_text_controller.gen/sources_1/bd/hdmi_text_controller/ip/hdmi_text_controller_ilmb_v10_3/hdmi_text_controller_ilmb_v10_3/hdmi_text_controller_dlmb_v10_2_in_context.xdc] for cell 'hdmi_text_controller_i/microblaze_0_local_memory/ilmb_v10'
Finished Parsing XDC File [c:/Users/adamj/Desktop/Vitis/Lab6/hdmi_text_controller/hdmi_text_controller.gen/sources_1/bd/hdmi_text_controller/ip/hdmi_text_controller_ilmb_v10_3/hdmi_text_controller_ilmb_v10_3/hdmi_text_controller_dlmb_v10_2_in_context.xdc] for cell 'hdmi_text_controller_i/microblaze_0_local_memory/ilmb_v10'
Parsing XDC File [c:/Users/adamj/Desktop/Vitis/Lab6/hdmi_text_controller/hdmi_text_controller.gen/sources_1/bd/hdmi_text_controller/ip/hdmi_text_controller_dlmb_bram_if_cntlr_3/hdmi_text_controller_dlmb_bram_if_cntlr_3/hdmi_text_controller_dlmb_bram_if_cntlr_2_in_context.xdc] for cell 'hdmi_text_controller_i/microblaze_0_local_memory/dlmb_bram_if_cntlr'
Finished Parsing XDC File [c:/Users/adamj/Desktop/Vitis/Lab6/hdmi_text_controller/hdmi_text_controller.gen/sources_1/bd/hdmi_text_controller/ip/hdmi_text_controller_dlmb_bram_if_cntlr_3/hdmi_text_controller_dlmb_bram_if_cntlr_3/hdmi_text_controller_dlmb_bram_if_cntlr_2_in_context.xdc] for cell 'hdmi_text_controller_i/microblaze_0_local_memory/dlmb_bram_if_cntlr'
Parsing XDC File [c:/Users/adamj/Desktop/Vitis/Lab6/hdmi_text_controller/hdmi_text_controller.gen/sources_1/bd/hdmi_text_controller/ip/hdmi_text_controller_ilmb_bram_if_cntlr_3/hdmi_text_controller_ilmb_bram_if_cntlr_3/hdmi_text_controller_ilmb_bram_if_cntlr_2_in_context.xdc] for cell 'hdmi_text_controller_i/microblaze_0_local_memory/ilmb_bram_if_cntlr'
Finished Parsing XDC File [c:/Users/adamj/Desktop/Vitis/Lab6/hdmi_text_controller/hdmi_text_controller.gen/sources_1/bd/hdmi_text_controller/ip/hdmi_text_controller_ilmb_bram_if_cntlr_3/hdmi_text_controller_ilmb_bram_if_cntlr_3/hdmi_text_controller_ilmb_bram_if_cntlr_2_in_context.xdc] for cell 'hdmi_text_controller_i/microblaze_0_local_memory/ilmb_bram_if_cntlr'
Parsing XDC File [c:/Users/adamj/Desktop/Vitis/Lab6/hdmi_text_controller/hdmi_text_controller.gen/sources_1/bd/hdmi_text_controller/ip/hdmi_text_controller_lmb_bram_3/hdmi_text_controller_lmb_bram_3/hdmi_text_controller_lmb_bram_3_in_context.xdc] for cell 'hdmi_text_controller_i/microblaze_0_local_memory/lmb_bram'
Finished Parsing XDC File [c:/Users/adamj/Desktop/Vitis/Lab6/hdmi_text_controller/hdmi_text_controller.gen/sources_1/bd/hdmi_text_controller/ip/hdmi_text_controller_lmb_bram_3/hdmi_text_controller_lmb_bram_3/hdmi_text_controller_lmb_bram_3_in_context.xdc] for cell 'hdmi_text_controller_i/microblaze_0_local_memory/lmb_bram'
Parsing XDC File [c:/Users/adamj/Desktop/Vitis/Lab6/hdmi_text_controller/hdmi_text_controller.gen/sources_1/bd/hdmi_text_controller/ip/hdmi_text_controller_xbar_3/hdmi_text_controller_xbar_3/hdmi_text_controller_xbar_2_in_context.xdc] for cell 'hdmi_text_controller_i/microblaze_0_axi_periph/xbar'
Finished Parsing XDC File [c:/Users/adamj/Desktop/Vitis/Lab6/hdmi_text_controller/hdmi_text_controller.gen/sources_1/bd/hdmi_text_controller/ip/hdmi_text_controller_xbar_3/hdmi_text_controller_xbar_3/hdmi_text_controller_xbar_2_in_context.xdc] for cell 'hdmi_text_controller_i/microblaze_0_axi_periph/xbar'
Parsing XDC File [c:/Users/adamj/Desktop/Vitis/Lab6/hdmi_text_controller/hdmi_text_controller.gen/sources_1/bd/hdmi_text_controller/ip/hdmi_text_controller_microblaze_0_axi_intc_3/hdmi_text_controller_microblaze_0_axi_intc_3/hdmi_text_controller_microblaze_0_axi_intc_2_in_context.xdc] for cell 'hdmi_text_controller_i/microblaze_0_axi_intc'
Finished Parsing XDC File [c:/Users/adamj/Desktop/Vitis/Lab6/hdmi_text_controller/hdmi_text_controller.gen/sources_1/bd/hdmi_text_controller/ip/hdmi_text_controller_microblaze_0_axi_intc_3/hdmi_text_controller_microblaze_0_axi_intc_3/hdmi_text_controller_microblaze_0_axi_intc_2_in_context.xdc] for cell 'hdmi_text_controller_i/microblaze_0_axi_intc'
Parsing XDC File [c:/Users/adamj/Desktop/Vitis/Lab6/hdmi_text_controller/hdmi_text_controller.gen/sources_1/bd/hdmi_text_controller/ip/hdmi_text_controller_mdm_1_3/hdmi_text_controller_mdm_1_3/hdmi_text_controller_mdm_1_2_in_context.xdc] for cell 'hdmi_text_controller_i/mdm_1'
Finished Parsing XDC File [c:/Users/adamj/Desktop/Vitis/Lab6/hdmi_text_controller/hdmi_text_controller.gen/sources_1/bd/hdmi_text_controller/ip/hdmi_text_controller_mdm_1_3/hdmi_text_controller_mdm_1_3/hdmi_text_controller_mdm_1_2_in_context.xdc] for cell 'hdmi_text_controller_i/mdm_1'
Parsing XDC File [c:/Users/adamj/Desktop/Vitis/Lab6/hdmi_text_controller/hdmi_text_controller.gen/sources_1/bd/hdmi_text_controller/ip/hdmi_text_controller_clk_wiz_1_3/hdmi_text_controller_clk_wiz_1_3/hdmi_text_controller_clk_wiz_1_3_in_context.xdc] for cell 'hdmi_text_controller_i/clk_wiz_1'
Finished Parsing XDC File [c:/Users/adamj/Desktop/Vitis/Lab6/hdmi_text_controller/hdmi_text_controller.gen/sources_1/bd/hdmi_text_controller/ip/hdmi_text_controller_clk_wiz_1_3/hdmi_text_controller_clk_wiz_1_3/hdmi_text_controller_clk_wiz_1_3_in_context.xdc] for cell 'hdmi_text_controller_i/clk_wiz_1'
Parsing XDC File [c:/Users/adamj/Desktop/Vitis/Lab6/hdmi_text_controller/hdmi_text_controller.gen/sources_1/bd/hdmi_text_controller/ip/hdmi_text_controller_rst_clk_wiz_1_100M_3/hdmi_text_controller_rst_clk_wiz_1_100M_3/hdmi_text_controller_rst_clk_wiz_1_100M_2_in_context.xdc] for cell 'hdmi_text_controller_i/rst_clk_wiz_1_100M'
Finished Parsing XDC File [c:/Users/adamj/Desktop/Vitis/Lab6/hdmi_text_controller/hdmi_text_controller.gen/sources_1/bd/hdmi_text_controller/ip/hdmi_text_controller_rst_clk_wiz_1_100M_3/hdmi_text_controller_rst_clk_wiz_1_100M_3/hdmi_text_controller_rst_clk_wiz_1_100M_2_in_context.xdc] for cell 'hdmi_text_controller_i/rst_clk_wiz_1_100M'
Parsing XDC File [c:/Users/adamj/Desktop/Vitis/Lab6/hdmi_text_controller/hdmi_text_controller.gen/sources_1/bd/hdmi_text_controller/ip/hdmi_text_controller_axi_uartlite_0_3/hdmi_text_controller_axi_uartlite_0_3/hdmi_text_controller_axi_uartlite_0_2_in_context.xdc] for cell 'hdmi_text_controller_i/axi_uartlite_0'
Finished Parsing XDC File [c:/Users/adamj/Desktop/Vitis/Lab6/hdmi_text_controller/hdmi_text_controller.gen/sources_1/bd/hdmi_text_controller/ip/hdmi_text_controller_axi_uartlite_0_3/hdmi_text_controller_axi_uartlite_0_3/hdmi_text_controller_axi_uartlite_0_2_in_context.xdc] for cell 'hdmi_text_controller_i/axi_uartlite_0'
Parsing XDC File [c:/Users/adamj/Desktop/Vitis/Lab6/hdmi_text_controller/hdmi_text_controller.gen/sources_1/bd/hdmi_text_controller/ip/hdmi_text_controller_hdmi_text_controller_0_0/hdmi_text_controller_hdmi_text_controller_0_0/hdmi_text_controller_hdmi_text_controller_0_0_in_context.xdc] for cell 'hdmi_text_controller_i/hdmi_text_controller_0'
Finished Parsing XDC File [c:/Users/adamj/Desktop/Vitis/Lab6/hdmi_text_controller/hdmi_text_controller.gen/sources_1/bd/hdmi_text_controller/ip/hdmi_text_controller_hdmi_text_controller_0_0/hdmi_text_controller_hdmi_text_controller_0_0/hdmi_text_controller_hdmi_text_controller_0_0_in_context.xdc] for cell 'hdmi_text_controller_i/hdmi_text_controller_0'
Parsing XDC File [C:/Users/adamj/Desktop/Vitis/Lab6/hdmi_text_controller/hdmi_text_controller.srcs/constrs_1/imports/pin_assignment/mb_usb_hdmi_top.xdc]
CRITICAL WARNING: [Constraints 18-1056] Clock 'clk_100' completely overrides clock 'Clk'.
New: create_clock -period 10.000 -name clk_100 -waveform {0.000 5.000} [get_ports Clk], [C:/Users/adamj/Desktop/Vitis/Lab6/hdmi_text_controller/hdmi_text_controller.srcs/constrs_1/imports/pin_assignment/mb_usb_hdmi_top.xdc:1]
Previous: create_clock -period 10.000 [get_ports Clk], [c:/Users/adamj/Desktop/Vitis/Lab6/hdmi_text_controller/hdmi_text_controller.gen/sources_1/bd/hdmi_text_controller/ip/hdmi_text_controller_clk_wiz_1_3/hdmi_text_controller_clk_wiz_1_3/hdmi_text_controller_clk_wiz_1_3_in_context.xdc:1]
Resolution: Review the constraint files and remove the redundant clock definition(s). If the clock constraints are not saved in a file, you can first save the constraints to an XDC file and reload the design once the constraints have been corrected.
Finished Parsing XDC File [C:/Users/adamj/Desktop/Vitis/Lab6/hdmi_text_controller/hdmi_text_controller.srcs/constrs_1/imports/pin_assignment/mb_usb_hdmi_top.xdc]
INFO: [Project 1-236] Implementation specific constraints were found while reading constraint file [C:/Users/adamj/Desktop/Vitis/Lab6/hdmi_text_controller/hdmi_text_controller.srcs/constrs_1/imports/pin_assignment/mb_usb_hdmi_top.xdc]. These constraints will be ignored for synthesis but will be used in implementation. Impacted constraints are listed in the file [.Xil/hdmi_text_controller_top_propImpl.xdc].
Resolution: To avoid this warning, move constraints listed in [.Xil/hdmi_text_controller_top_propImpl.xdc] to another XDC file and exclude this new file from synthesis with the used_in_synthesis property (File Properties dialog in GUI) and re-run elaboration/synthesis.
Parsing XDC File [C:/Users/adamj/Desktop/Vitis/Lab6/hdmi_text_controller/hdmi_text_controller.runs/synth_1/dont_touch.xdc]
Finished Parsing XDC File [C:/Users/adamj/Desktop/Vitis/Lab6/hdmi_text_controller/hdmi_text_controller.runs/synth_1/dont_touch.xdc]
Completed Processing XDC Constraints

Netlist sorting complete. Time (s): cpu = 00:00:00 ; elapsed = 00:00:00 . Memory (MB): peak = 1940.406 ; gain = 0.000
INFO: [Project 1-111] Unisim Transformation Summary:
No Unisim elements were transformed.

Constraint Validation Runtime : Time (s): cpu = 00:00:00 ; elapsed = 00:00:00.016 . Memory (MB): peak = 1940.406 ; gain = 0.000
WARNING: [Timing 38-316] Clock period '20.000' specified during out-of-context synthesis of instance 'hdmi_text_controller_i/microblaze_0_local_memory/lmb_bram' at clock pin 'clka' is different from the actual clock period '10.000', this can lead to different synthesis results.
INFO: [Designutils 20-5440] No compile time benefit to using incremental synthesis; A full resynthesis will be run
INFO: [Designutils 20-4379] Flow is switching to default flow due to incremental criteria not met. If you would like to alter this behaviour and have the flow terminate instead, please set the following parameter config_implementation {autoIncr.Synth.RejectBehavior Terminate}
INFO: [Synth 8-11241] undeclared symbol 'REGCCE', assumed default net type 'wire' [C:/Xilinx/Vivado/2022.2/data/verilog/src/unimacro/BRAM_SINGLE_MACRO.v:2170]
---------------------------------------------------------------------------------
Finished Constraint Validation : Time (s): cpu = 00:00:34 ; elapsed = 00:00:47 . Memory (MB): peak = 1940.406 ; gain = 504.551
---------------------------------------------------------------------------------
---------------------------------------------------------------------------------
Start Loading Part and Timing Information
---------------------------------------------------------------------------------
Loading part: xc7s50csga324-1
---------------------------------------------------------------------------------
Finished Loading Part and Timing Information : Time (s): cpu = 00:00:34 ; elapsed = 00:00:47 . Memory (MB): peak = 1940.406 ; gain = 504.551
---------------------------------------------------------------------------------
---------------------------------------------------------------------------------
Start Applying 'set_property' XDC Constraints
---------------------------------------------------------------------------------
Applied set_property IO_BUFFER_TYPE = NONE for Clk. (constraint file  c:/Users/adamj/Desktop/Vitis/Lab6/hdmi_text_controller/hdmi_text_controller.gen/sources_1/bd/hdmi_text_controller/ip/hdmi_text_controller_clk_wiz_1_3/hdmi_text_controller_clk_wiz_1_3/hdmi_text_controller_clk_wiz_1_3_in_context.xdc, line 3).
Applied set_property CLOCK_BUFFER_TYPE = NONE for Clk. (constraint file  c:/Users/adamj/Desktop/Vitis/Lab6/hdmi_text_controller/hdmi_text_controller.gen/sources_1/bd/hdmi_text_controller/ip/hdmi_text_controller_clk_wiz_1_3/hdmi_text_controller_clk_wiz_1_3/hdmi_text_controller_clk_wiz_1_3_in_context.xdc, line 4).
Applied set_property IO_BUFFER_TYPE = NONE for hdmi_tmds_clk_n. (constraint file  c:/Users/adamj/Desktop/Vitis/Lab6/hdmi_text_controller/hdmi_text_controller.gen/sources_1/bd/hdmi_text_controller/ip/hdmi_text_controller_hdmi_text_controller_0_0/hdmi_text_controller_hdmi_text_controller_0_0/hdmi_text_controller_hdmi_text_controller_0_0_in_context.xdc, line 4).
Applied set_property CLOCK_BUFFER_TYPE = NONE for hdmi_tmds_clk_n. (constraint file  c:/Users/adamj/Desktop/Vitis/Lab6/hdmi_text_controller/hdmi_text_controller.gen/sources_1/bd/hdmi_text_controller/ip/hdmi_text_controller_hdmi_text_controller_0_0/hdmi_text_controller_hdmi_text_controller_0_0/hdmi_text_controller_hdmi_text_controller_0_0_in_context.xdc, line 5).
Applied set_property IO_BUFFER_TYPE = NONE for hdmi_tmds_clk_p. (constraint file  c:/Users/adamj/Desktop/Vitis/Lab6/hdmi_text_controller/hdmi_text_controller.gen/sources_1/bd/hdmi_text_controller/ip/hdmi_text_controller_hdmi_text_controller_0_0/hdmi_text_controller_hdmi_text_controller_0_0/hdmi_text_controller_hdmi_text_controller_0_0_in_context.xdc, line 6).
Applied set_property CLOCK_BUFFER_TYPE = NONE for hdmi_tmds_clk_p. (constraint file  c:/Users/adamj/Desktop/Vitis/Lab6/hdmi_text_controller/hdmi_text_controller.gen/sources_1/bd/hdmi_text_controller/ip/hdmi_text_controller_hdmi_text_controller_0_0/hdmi_text_controller_hdmi_text_controller_0_0/hdmi_text_controller_hdmi_text_controller_0_0_in_context.xdc, line 7).
Applied set_property IO_BUFFER_TYPE = NONE for hdmi_tmds_data_n[0]. (constraint file  c:/Users/adamj/Desktop/Vitis/Lab6/hdmi_text_controller/hdmi_text_controller.gen/sources_1/bd/hdmi_text_controller/ip/hdmi_text_controller_hdmi_text_controller_0_0/hdmi_text_controller_hdmi_text_controller_0_0/hdmi_text_controller_hdmi_text_controller_0_0_in_context.xdc, line 8).
Applied set_property CLOCK_BUFFER_TYPE = NONE for hdmi_tmds_data_n[0]. (constraint file  c:/Users/adamj/Desktop/Vitis/Lab6/hdmi_text_controller/hdmi_text_controller.gen/sources_1/bd/hdmi_text_controller/ip/hdmi_text_controller_hdmi_text_controller_0_0/hdmi_text_controller_hdmi_text_controller_0_0/hdmi_text_controller_hdmi_text_controller_0_0_in_context.xdc, line 9).
Applied set_property IO_BUFFER_TYPE = NONE for hdmi_tmds_data_n[1]. (constraint file  c:/Users/adamj/Desktop/Vitis/Lab6/hdmi_text_controller/hdmi_text_controller.gen/sources_1/bd/hdmi_text_controller/ip/hdmi_text_controller_hdmi_text_controller_0_0/hdmi_text_controller_hdmi_text_controller_0_0/hdmi_text_controller_hdmi_text_controller_0_0_in_context.xdc, line 10).
Applied set_property CLOCK_BUFFER_TYPE = NONE for hdmi_tmds_data_n[1]. (constraint file  c:/Users/adamj/Desktop/Vitis/Lab6/hdmi_text_controller/hdmi_text_controller.gen/sources_1/bd/hdmi_text_controller/ip/hdmi_text_controller_hdmi_text_controller_0_0/hdmi_text_controller_hdmi_text_controller_0_0/hdmi_text_controller_hdmi_text_controller_0_0_in_context.xdc, line 11).
Applied set_property IO_BUFFER_TYPE = NONE for hdmi_tmds_data_n[2]. (constraint file  c:/Users/adamj/Desktop/Vitis/Lab6/hdmi_text_controller/hdmi_text_controller.gen/sources_1/bd/hdmi_text_controller/ip/hdmi_text_controller_hdmi_text_controller_0_0/hdmi_text_controller_hdmi_text_controller_0_0/hdmi_text_controller_hdmi_text_controller_0_0_in_context.xdc, line 12).
Applied set_property CLOCK_BUFFER_TYPE = NONE for hdmi_tmds_data_n[2]. (constraint file  c:/Users/adamj/Desktop/Vitis/Lab6/hdmi_text_controller/hdmi_text_controller.gen/sources_1/bd/hdmi_text_controller/ip/hdmi_text_controller_hdmi_text_controller_0_0/hdmi_text_controller_hdmi_text_controller_0_0/hdmi_text_controller_hdmi_text_controller_0_0_in_context.xdc, line 13).
Applied set_property IO_BUFFER_TYPE = NONE for hdmi_tmds_data_p[0]. (constraint file  c:/Users/adamj/Desktop/Vitis/Lab6/hdmi_text_controller/hdmi_text_controller.gen/sources_1/bd/hdmi_text_controller/ip/hdmi_text_controller_hdmi_text_controller_0_0/hdmi_text_controller_hdmi_text_controller_0_0/hdmi_text_controller_hdmi_text_controller_0_0_in_context.xdc, line 14).
Applied set_property CLOCK_BUFFER_TYPE = NONE for hdmi_tmds_data_p[0]. (constraint file  c:/Users/adamj/Desktop/Vitis/Lab6/hdmi_text_controller/hdmi_text_controller.gen/sources_1/bd/hdmi_text_controller/ip/hdmi_text_controller_hdmi_text_controller_0_0/hdmi_text_controller_hdmi_text_controller_0_0/hdmi_text_controller_hdmi_text_controller_0_0_in_context.xdc, line 15).
Applied set_property IO_BUFFER_TYPE = NONE for hdmi_tmds_data_p[1]. (constraint file  c:/Users/adamj/Desktop/Vitis/Lab6/hdmi_text_controller/hdmi_text_controller.gen/sources_1/bd/hdmi_text_controller/ip/hdmi_text_controller_hdmi_text_controller_0_0/hdmi_text_controller_hdmi_text_controller_0_0/hdmi_text_controller_hdmi_text_controller_0_0_in_context.xdc, line 16).
Applied set_property CLOCK_BUFFER_TYPE = NONE for hdmi_tmds_data_p[1]. (constraint file  c:/Users/adamj/Desktop/Vitis/Lab6/hdmi_text_controller/hdmi_text_controller.gen/sources_1/bd/hdmi_text_controller/ip/hdmi_text_controller_hdmi_text_controller_0_0/hdmi_text_controller_hdmi_text_controller_0_0/hdmi_text_controller_hdmi_text_controller_0_0_in_context.xdc, line 17).
Applied set_property IO_BUFFER_TYPE = NONE for hdmi_tmds_data_p[2]. (constraint file  c:/Users/adamj/Desktop/Vitis/Lab6/hdmi_text_controller/hdmi_text_controller.gen/sources_1/bd/hdmi_text_controller/ip/hdmi_text_controller_hdmi_text_controller_0_0/hdmi_text_controller_hdmi_text_controller_0_0/hdmi_text_controller_hdmi_text_controller_0_0_in_context.xdc, line 18).
Applied set_property CLOCK_BUFFER_TYPE = NONE for hdmi_tmds_data_p[2]. (constraint file  c:/Users/adamj/Desktop/Vitis/Lab6/hdmi_text_controller/hdmi_text_controller.gen/sources_1/bd/hdmi_text_controller/ip/hdmi_text_controller_hdmi_text_controller_0_0/hdmi_text_controller_hdmi_text_controller_0_0/hdmi_text_controller_hdmi_text_controller_0_0_in_context.xdc, line 19).
Applied set_property KEEP_HIERARCHY = SOFT for hdmi_text_controller_i. (constraint file  auto generated constraint).
Applied set_property KEEP_HIERARCHY = SOFT for hdmi_text_controller_i/microblaze_0. (constraint file  auto generated constraint).
Applied set_property KEEP_HIERARCHY = SOFT for hdmi_text_controller_i/microblaze_0_local_memory/dlmb_v10. (constraint file  auto generated constraint).
Applied set_property KEEP_HIERARCHY = SOFT for hdmi_text_controller_i/microblaze_0_local_memory/ilmb_v10. (constraint file  auto generated constraint).
Applied set_property KEEP_HIERARCHY = SOFT for hdmi_text_controller_i/microblaze_0_local_memory/dlmb_bram_if_cntlr. (constraint file  auto generated constraint).
Applied set_property KEEP_HIERARCHY = SOFT for hdmi_text_controller_i/microblaze_0_local_memory/ilmb_bram_if_cntlr. (constraint file  auto generated constraint).
Applied set_property KEEP_HIERARCHY = SOFT for hdmi_text_controller_i/microblaze_0_local_memory/lmb_bram. (constraint file  auto generated constraint).
Applied set_property KEEP_HIERARCHY = SOFT for hdmi_text_controller_i/microblaze_0_axi_periph/xbar. (constraint file  auto generated constraint).
Applied set_property KEEP_HIERARCHY = SOFT for hdmi_text_controller_i/microblaze_0_axi_periph. (constraint file  auto generated constraint).
Applied set_property KEEP_HIERARCHY = SOFT for hdmi_text_controller_i/microblaze_0_axi_intc. (constraint file  auto generated constraint).
Applied set_property KEEP_HIERARCHY = SOFT for hdmi_text_controller_i/mdm_1. (constraint file  auto generated constraint).
Applied set_property KEEP_HIERARCHY = SOFT for hdmi_text_controller_i/clk_wiz_1. (constraint file  auto generated constraint).
Applied set_property KEEP_HIERARCHY = SOFT for hdmi_text_controller_i/rst_clk_wiz_1_100M. (constraint file  auto generated constraint).
Applied set_property KEEP_HIERARCHY = SOFT for hdmi_text_controller_i/axi_uartlite_0. (constraint file  auto generated constraint).
Applied set_property KEEP_HIERARCHY = SOFT for hdmi_text_controller_i/hdmi_text_controller_0. (constraint file  auto generated constraint).
---------------------------------------------------------------------------------
Finished applying 'set_property' XDC Constraints : Time (s): cpu = 00:00:34 ; elapsed = 00:00:48 . Memory (MB): peak = 1940.406 ; gain = 504.551
---------------------------------------------------------------------------------
---------------------------------------------------------------------------------
Finished RTL Optimization Phase 2 : Time (s): cpu = 00:00:35 ; elapsed = 00:00:52 . Memory (MB): peak = 1940.406 ; gain = 504.551
---------------------------------------------------------------------------------
---------------------------------------------------------------------------------
Start RTL Component Statistics 
---------------------------------------------------------------------------------
Detailed RTL Component Info : 
---------------------------------------------------------------------------------
Finished RTL Component Statistics 
---------------------------------------------------------------------------------
---------------------------------------------------------------------------------
Start Part Resource Summary
---------------------------------------------------------------------------------
Part Resources:
DSPs: 120 (col length:60)
BRAMs: 150 (col length: RAMB18 60 RAMB36 30)
---------------------------------------------------------------------------------
Finished Part Resource Summary
---------------------------------------------------------------------------------
---------------------------------------------------------------------------------
Start Cross Boundary and Area Optimization
---------------------------------------------------------------------------------
WARNING: [Synth 8-7080] Parallel synthesis criteria is not met
WARNING: [Synth 8-7129] Port M00_ACLK in module hdmi_text_controller_microblaze_0_axi_periph_3 is either unconnected or has no load
WARNING: [Synth 8-7129] Port M00_ARESETN in module hdmi_text_controller_microblaze_0_axi_periph_3 is either unconnected or has no load
WARNING: [Synth 8-7129] Port M01_ACLK in module hdmi_text_controller_microblaze_0_axi_periph_3 is either unconnected or has no load
WARNING: [Synth 8-7129] Port M01_ARESETN in module hdmi_text_controller_microblaze_0_axi_periph_3 is either unconnected or has no load
WARNING: [Synth 8-7129] Port M02_ACLK in module hdmi_text_controller_microblaze_0_axi_periph_3 is either unconnected or has no load
WARNING: [Synth 8-7129] Port M02_ARESETN in module hdmi_text_controller_microblaze_0_axi_periph_3 is either unconnected or has no load
WARNING: [Synth 8-7129] Port S00_ACLK in module hdmi_text_controller_microblaze_0_axi_periph_3 is either unconnected or has no load
WARNING: [Synth 8-7129] Port S00_ARESETN in module hdmi_text_controller_microblaze_0_axi_periph_3 is either unconnected or has no load
---------------------------------------------------------------------------------
Finished Cross Boundary and Area Optimization : Time (s): cpu = 00:00:39 ; elapsed = 00:00:56 . Memory (MB): peak = 1940.406 ; gain = 504.551
---------------------------------------------------------------------------------
---------------------------------------------------------------------------------
Start Applying XDC Timing Constraints
---------------------------------------------------------------------------------
---------------------------------------------------------------------------------
Finished Applying XDC Timing Constraints : Time (s): cpu = 00:00:53 ; elapsed = 00:01:14 . Memory (MB): peak = 1940.406 ; gain = 504.551
---------------------------------------------------------------------------------
---------------------------------------------------------------------------------
Start Timing Optimization
---------------------------------------------------------------------------------
---------------------------------------------------------------------------------
Finished Timing Optimization : Time (s): cpu = 00:00:53 ; elapsed = 00:01:14 . Memory (MB): peak = 1940.406 ; gain = 504.551
---------------------------------------------------------------------------------
---------------------------------------------------------------------------------
Start Technology Mapping
---------------------------------------------------------------------------------
---------------------------------------------------------------------------------
Finished Technology Mapping : Time (s): cpu = 00:00:53 ; elapsed = 00:01:14 . Memory (MB): peak = 1952.555 ; gain = 516.699
---------------------------------------------------------------------------------
---------------------------------------------------------------------------------
Start IO Insertion
---------------------------------------------------------------------------------
---------------------------------------------------------------------------------
Start Flattening Before IO Insertion
---------------------------------------------------------------------------------
---------------------------------------------------------------------------------
Finished Flattening Before IO Insertion
---------------------------------------------------------------------------------
---------------------------------------------------------------------------------
Start Final Netlist Cleanup
---------------------------------------------------------------------------------
---------------------------------------------------------------------------------
Finished Final Netlist Cleanup
---------------------------------------------------------------------------------
---------------------------------------------------------------------------------
Finished IO Insertion : Time (s): cpu = 00:01:04 ; elapsed = 00:01:27 . Memory (MB): peak = 1957.359 ; gain = 521.504
---------------------------------------------------------------------------------
---------------------------------------------------------------------------------
Start Renaming Generated Instances
---------------------------------------------------------------------------------
---------------------------------------------------------------------------------
Finished Renaming Generated Instances : Time (s): cpu = 00:01:04 ; elapsed = 00:01:27 . Memory (MB): peak = 1957.359 ; gain = 521.504
---------------------------------------------------------------------------------
---------------------------------------------------------------------------------
Start Rebuilding User Hierarchy
---------------------------------------------------------------------------------
---------------------------------------------------------------------------------
Finished Rebuilding User Hierarchy : Time (s): cpu = 00:01:04 ; elapsed = 00:01:27 . Memory (MB): peak = 1957.359 ; gain = 521.504
---------------------------------------------------------------------------------
---------------------------------------------------------------------------------
Start Renaming Generated Ports
---------------------------------------------------------------------------------
---------------------------------------------------------------------------------
Finished Renaming Generated Ports : Time (s): cpu = 00:01:04 ; elapsed = 00:01:27 . Memory (MB): peak = 1957.359 ; gain = 521.504
---------------------------------------------------------------------------------
---------------------------------------------------------------------------------
Start Handling Custom Attributes
---------------------------------------------------------------------------------
---------------------------------------------------------------------------------
Finished Handling Custom Attributes : Time (s): cpu = 00:01:04 ; elapsed = 00:01:27 . Memory (MB): peak = 1957.359 ; gain = 521.504
---------------------------------------------------------------------------------
---------------------------------------------------------------------------------
Start Renaming Generated Nets
---------------------------------------------------------------------------------
---------------------------------------------------------------------------------
Finished Renaming Generated Nets : Time (s): cpu = 00:01:04 ; elapsed = 00:01:27 . Memory (MB): peak = 1957.359 ; gain = 521.504
---------------------------------------------------------------------------------
---------------------------------------------------------------------------------
Start Writing Synthesis Report
---------------------------------------------------------------------------------

Report BlackBoxes: 
+------+----------------------------------------------+----------+
|      |BlackBox name                                 |Instances |
+------+----------------------------------------------+----------+
|1     |hdmi_text_controller_xbar_3                   |         1|
|2     |hdmi_text_controller_axi_uartlite_0_3         |         1|
|3     |hdmi_text_controller_clk_wiz_1_3              |         1|
|4     |hdmi_text_controller_hdmi_text_controller_0_0 |         1|
|5     |hdmi_text_controller_mdm_1_3                  |         1|
|6     |hdmi_text_controller_microblaze_0_3           |         1|
|7     |hdmi_text_controller_microblaze_0_axi_intc_3  |         1|
|8     |hdmi_text_controller_rst_clk_wiz_1_100M_3     |         1|
|9     |hdmi_text_controller_dlmb_bram_if_cntlr_3     |         1|
|10    |hdmi_text_controller_dlmb_v10_3               |         1|
|11    |hdmi_text_controller_ilmb_bram_if_cntlr_3     |         1|
|12    |hdmi_text_controller_ilmb_v10_3               |         1|
|13    |hdmi_text_controller_lmb_bram_3               |         1|
+------+----------------------------------------------+----------+

Report Cell Usage: 
+------+--------------------------------------------+------+
|      |Cell                                        |Count |
+------+--------------------------------------------+------+
|1     |hdmi_text_controller_axi_uartlite_0         |     1|
|2     |hdmi_text_controller_clk_wiz_1              |     1|
|3     |hdmi_text_controller_dlmb_bram_if_cntlr     |     1|
|4     |hdmi_text_controller_dlmb_v10               |     1|
|5     |hdmi_text_controller_hdmi_text_controller_0 |     1|
|6     |hdmi_text_controller_ilmb_bram_if_cntlr     |     1|
|7     |hdmi_text_controller_ilmb_v10               |     1|
|8     |hdmi_text_controller_lmb_bram               |     1|
|9     |hdmi_text_controller_mdm_1                  |     1|
|10    |hdmi_text_controller_microblaze_0           |     1|
|11    |hdmi_text_controller_microblaze_0_axi_intc  |     1|
|12    |hdmi_text_controller_rst_clk_wiz_1_100M     |     1|
|13    |hdmi_text_controller_xbar                   |     1|
|14    |LUT1                                        |     1|
|15    |IBUF                                        |     2|
|16    |OBUF                                        |     1|
+------+--------------------------------------------+------+
---------------------------------------------------------------------------------
Finished Writing Synthesis Report : Time (s): cpu = 00:01:04 ; elapsed = 00:01:27 . Memory (MB): peak = 1957.359 ; gain = 521.504
---------------------------------------------------------------------------------
Synthesis finished with 0 errors, 0 critical warnings and 9 warnings.
Synthesis Optimization Runtime : Time (s): cpu = 00:00:43 ; elapsed = 00:01:21 . Memory (MB): peak = 1957.359 ; gain = 521.504
Synthesis Optimization Complete : Time (s): cpu = 00:01:04 ; elapsed = 00:01:27 . Memory (MB): peak = 1957.359 ; gain = 521.504
INFO: [Project 1-571] Translating synthesized netlist
Netlist sorting complete. Time (s): cpu = 00:00:00 ; elapsed = 00:00:00.032 . Memory (MB): peak = 1969.434 ; gain = 0.000
INFO: [Project 1-570] Preparing netlist for logic optimization
INFO: [Opt 31-138] Pushed 0 inverter(s) to 0 load pin(s).
Netlist sorting complete. Time (s): cpu = 00:00:00 ; elapsed = 00:00:00.001 . Memory (MB): peak = 1973.023 ; gain = 0.000
INFO: [Project 1-111] Unisim Transformation Summary:
No Unisim elements were transformed.

Synth Design complete, checksum: 8039c5f7
INFO: [Common 17-83] Releasing license: Synthesis
67 Infos, 45 Warnings, 1 Critical Warnings and 0 Errors encountered.
synth_design completed successfully
synth_design: Time (s): cpu = 00:01:15 ; elapsed = 00:01:49 . Memory (MB): peak = 1973.023 ; gain = 912.059
INFO: [runtcl-6] Synthesis results are not added to the cache due to CRITICAL_WARNING
INFO: [Common 17-1381] The checkpoint 'C:/Users/adamj/Desktop/Vitis/Lab6/hdmi_text_controller/hdmi_text_controller.runs/synth_1/hdmi_text_controller_top.dcp' has been generated.
write_checkpoint: Time (s): cpu = 00:00:00 ; elapsed = 00:00:20 . Memory (MB): peak = 1973.023 ; gain = 0.000
INFO: [runtcl-4] Executing : report_utilization -file hdmi_text_controller_top_utilization_synth.rpt -pb hdmi_text_controller_top_utilization_synth.pb
INFO: [Common 17-206] Exiting Vivado at Thu Jul 30 22:32:07 2026...
